[INFO] Scanning for projects...
[INFO] 
[INFO] -----------------< org.fourz.BarterShops:BarterShops >------------------
[INFO] Building BarterShops 1.0-SNAPSHOT
[INFO]   from pom.xml
[INFO] --------------------------------[ jar ]---------------------------------
[INFO] 
[INFO] --- clean:3.2.0:clean (default-clean) @ BarterShops ---
[INFO] Deleting C:\tools\_PROJECTS\Ravenkaft Dev\repos\BarterShops\target
[INFO] 
[INFO] --- resources:3.3.1:resources (default-resources) @ BarterShops ---
[INFO] Copying 5 resources from src\main\resources to target\classes
[INFO] 
[INFO] --- compiler:3.8.1:compile (default-compile) @ BarterShops ---
[INFO] Changes detected - recompiling the module!
[INFO] Compiling 92 source files to C:\tools\_PROJECTS\Ravenkaft Dev\repos\BarterShops\target\classes
[INFO] /C:/tools/_PROJECTS/Ravenkaft Dev/repos/BarterShops/src/main/java/org/fourz/BarterShops/notification/NotificationManager.java: Some input files use or override a deprecated API.
[INFO] /C:/tools/_PROJECTS/Ravenkaft Dev/repos/BarterShops/src/main/java/org/fourz/BarterShops/notification/NotificationManager.java: Recompile with -Xlint:deprecation for details.
[INFO] /C:/tools/_PROJECTS/Ravenkaft Dev/repos/BarterShops/src/main/java/org/fourz/BarterShops/command/NearbyCommand.java: Some input files use or override a deprecated API that is marked for removal.
[INFO] /C:/tools/_PROJECTS/Ravenkaft Dev/repos/BarterShops/src/main/java/org/fourz/BarterShops/command/NearbyCommand.java: Recompile with -Xlint:removal for details.
[INFO] 
[INFO] --- resources:3.3.1:testResources (default-testResources) @ BarterShops ---
[INFO] skip non existing resourceDirectory C:\tools\_PROJECTS\Ravenkaft Dev\repos\BarterShops\src\test\resources
[INFO] 
[INFO] --- compiler:3.8.1:testCompile (default-testCompile) @ BarterShops ---
[INFO] Changes detected - recompiling the module!
[INFO] Compiling 13 source files to C:\tools\_PROJECTS\Ravenkaft Dev\repos\BarterShops\target\test-classes
[INFO] 
[INFO] --- surefire:3.1.2:test (default-test) @ BarterShops ---
[INFO] Using auto detected provider org.apache.maven.surefire.junitplatform.JUnitPlatformProvider
[INFO] 
[INFO] -------------------------------------------------------
[INFO]  T E S T S
[INFO] -------------------------------------------------------
[INFO] Running org.fourz.BarterShops.data.dto.ShopDataDTOTest
[INFO] Running org.fourz.BarterShops.data.dto.ShopDataDTOTest$EqualityTests
[INFO] Tests run: 2, Failures: 0, Errors: 0, Skipped: 0, Time elapsed: 0.188 s -- in org.fourz.BarterShops.data.dto.ShopDataDTOTest$EqualityTests
[INFO] Running org.fourz.BarterShops.data.dto.ShopDataDTOTest$ShopTypeTests
[INFO] Tests run: 1, Failures: 0, Errors: 0, Skipped: 0, Time elapsed: 0.016 s -- in org.fourz.BarterShops.data.dto.ShopDataDTOTest$ShopTypeTests
[INFO] Running org.fourz.BarterShops.data.dto.ShopDataDTOTest$UtilityTests
[INFO] Tests run: 2, Failures: 0, Errors: 0, Skipped: 0, Time elapsed: 0.009 s -- in org.fourz.BarterShops.data.dto.ShopDataDTOTest$UtilityTests
[INFO] Running org.fourz.BarterShops.data.dto.ShopDataDTOTest$SerializationTests
[INFO] Tests run: 3, Failures: 0, Errors: 0, Skipped: 0, Time elapsed: 0.077 s -- in org.fourz.BarterShops.data.dto.ShopDataDTOTest$SerializationTests
[INFO] Running org.fourz.BarterShops.data.dto.ShopDataDTOTest$BuilderTests
[INFO] Tests run: 2, Failures: 0, Errors: 0, Skipped: 0, Time elapsed: 0.017 s -- in org.fourz.BarterShops.data.dto.ShopDataDTOTest$BuilderTests
[INFO] Running org.fourz.BarterShops.data.dto.ShopDataDTOTest$ConstructionTests
[INFO] Tests run: 5, Failures: 0, Errors: 0, Skipped: 0, Time elapsed: 0.016 s -- in org.fourz.BarterShops.data.dto.ShopDataDTOTest$ConstructionTests
[INFO] Tests run: 0, Failures: 0, Errors: 0, Skipped: 0, Time elapsed: 0.347 s -- in org.fourz.BarterShops.data.dto.ShopDataDTOTest
[INFO] Running org.fourz.BarterShops.data.dto.TradeRecordDTOTest
[INFO] Running org.fourz.BarterShops.data.dto.TradeRecordDTOTest$EqualityTests
[INFO] Tests run: 2, Failures: 0, Errors: 0, Skipped: 0, Time elapsed: 0.005 s -- in org.fourz.BarterShops.data.dto.TradeRecordDTOTest$EqualityTests
[INFO] Running org.fourz.BarterShops.data.dto.TradeRecordDTOTest$TradeStatusTests
[INFO] Tests run: 1, Failures: 0, Errors: 0, Skipped: 0, Time elapsed: 0.016 s -- in org.fourz.BarterShops.data.dto.TradeRecordDTOTest$TradeStatusTests
[INFO] Running org.fourz.BarterShops.data.dto.TradeRecordDTOTest$UtilityTests
[INFO] Tests run: 2, Failures: 0, Errors: 0, Skipped: 0, Time elapsed: 0 s -- in org.fourz.BarterShops.data.dto.TradeRecordDTOTest$UtilityTests
[INFO] Running org.fourz.BarterShops.data.dto.TradeRecordDTOTest$SerializationTests
[INFO] Tests run: 3, Failures: 0, Errors: 0, Skipped: 0, Time elapsed: 0.031 s -- in org.fourz.BarterShops.data.dto.TradeRecordDTOTest$SerializationTests
[INFO] Running org.fourz.BarterShops.data.dto.TradeRecordDTOTest$BuilderTests
[INFO] Tests run: 2, Failures: 0, Errors: 0, Skipped: 0, Time elapsed: 0 s -- in org.fourz.BarterShops.data.dto.TradeRecordDTOTest$BuilderTests
[INFO] Running org.fourz.BarterShops.data.dto.TradeRecordDTOTest$FactoryTests
[INFO] Tests run: 2, Failures: 0, Errors: 0, Skipped: 0, Time elapsed: 0.015 s -- in org.fourz.BarterShops.data.dto.TradeRecordDTOTest$FactoryTests
[INFO] Running org.fourz.BarterShops.data.dto.TradeRecordDTOTest$ConstructionTests
[INFO] Tests run: 7, Failures: 0, Errors: 0, Skipped: 0, Time elapsed: 0.016 s -- in org.fourz.BarterShops.data.dto.TradeRecordDTOTest$ConstructionTests
[INFO] Tests run: 0, Failures: 0, Errors: 0, Skipped: 0, Time elapsed: 0.084 s -- in org.fourz.BarterShops.data.dto.TradeRecordDTOTest
[INFO] Running org.fourz.BarterShops.data.repository.impl.ConnectionProviderImplTest
[INFO] Running org.fourz.BarterShops.data.repository.impl.ConnectionProviderImplTest$SqlSchemaTests
Java HotSpot(TM) 64-Bit Server VM warning: Sharing is only supported for boot loader classes because bootstrap classpath has been appended
WARNING: A Java agent has been loaded dynamically (C:\Users\derek.INTERNAL\.m2\repository\net\bytebuddy\byte-buddy-agent\1.14.10\byte-buddy-agent-1.14.10.jar)
WARNING: If a serviceability tool is in use, please run with -XX:+EnableDynamicAgentLoading to hide this warning
WARNING: If a serviceability tool is not in use, please run with -Djdk.instrument.traceUsage for more information
WARNING: Dynamic loading of agents will be disallowed by default in a future release
SLF4J: Failed to load class "org.slf4j.impl.StaticLoggerBinder".
SLF4J: Defaulting to no-operation (NOP) logger implementation
SLF4J: See http://www.slf4j.org/codes.html#StaticLoggerBinder for further details.
[ERROR] Tests run: 2, Failures: 0, Errors: 2, Skipped: 0, Time elapsed: 2.449 s <<< FAILURE! -- in org.fourz.BarterShops.data.repository.impl.ConnectionProviderImplTest$SqlSchemaTests
[ERROR] org.fourz.BarterShops.data.repository.impl.ConnectionProviderImplTest$SqlSchemaTests.sqliteSchemaShouldBeDifferent -- Time elapsed: 2.406 s <<< ERROR!
org.mockito.exceptions.misusing.PotentialStubbingProblem: 

Strict stubbing argument mismatch. Please check:
 - this invocation of 'getString' method:
    fileConfiguration.getString(
    "storage.type",
    "sqlite"
);
    -> at org.fourz.BarterShops.data.repository.impl.ConnectionProviderImpl.<init>(ConnectionProviderImpl.java:63)
 - has following stubbing(s) with different arguments:
    1. fileConfiguration.getString(
    "database.type",
    "sqlite"
);
      -> at org.fourz.BarterShops.data.repository.impl.ConnectionProviderImplTest$SqlSchemaTests.sqliteSchemaShouldBeDifferent(ConnectionProviderImplTest.java:259)
Typically, stubbing argument mismatch indicates user mistake when writing tests.
Mockito fails early so that you can debug potential problem easily.
However, there are legit scenarios when this exception generates false negative signal:
  - stubbing the same method multiple times using 'given().will()' or 'when().then()' API
    Please use 'will().given()' or 'doReturn().when()' API for stubbing.
  - stubbed method is intentionally invoked with different arguments by code under test
    Please use default or 'silent' JUnit Rule (equivalent of Strictness.LENIENT).
For more information see javadoc for PotentialStubbingProblem class.
	at org.bukkit.configuration.MemorySection.getString(MemorySection.java:340)
	at org.fourz.BarterShops.data.repository.impl.ConnectionProviderImpl.<init>(ConnectionProviderImpl.java:63)
	at org.fourz.BarterShops.data.repository.impl.ConnectionProviderImplTest.createProvider(ConnectionProviderImplTest.java:74)
	at org.fourz.BarterShops.data.repository.impl.ConnectionProviderImplTest$SqlSchemaTests.sqliteSchemaShouldBeDifferent(ConnectionProviderImplTest.java:260)
	at java.base/java.lang.reflect.Method.invoke(Method.java:580)
	at java.base/java.util.ArrayList.forEach(ArrayList.java:1597)
	at java.base/java.util.ArrayList.forEach(ArrayList.java:1597)
	at java.base/java.util.ArrayList.forEach(ArrayList.java:1597)

[ERROR] org.fourz.BarterShops.data.repository.impl.ConnectionProviderImplTest$SqlSchemaTests.mysqlSchemaShouldContainTables -- Time elapsed: 0.008 s <<< ERROR!
java.lang.NullPointerException: Cannot invoke "String.toLowerCase()" because the return value of "org.bukkit.configuration.file.FileConfiguration.getString(String, String)" is null
	at org.fourz.BarterShops.data.repository.impl.ConnectionProviderImpl.<init>(ConnectionProviderImpl.java:63)
	at org.fourz.BarterShops.data.repository.impl.ConnectionProviderImplTest.createProvider(ConnectionProviderImplTest.java:74)
	at org.fourz.BarterShops.data.repository.impl.ConnectionProviderImplTest$SqlSchemaTests.mysqlSchemaShouldContainTables(ConnectionProviderImplTest.java:250)
	at java.base/java.lang.reflect.Method.invoke(Method.java:580)
	at java.base/java.util.ArrayList.forEach(ArrayList.java:1597)
	at java.base/java.util.ArrayList.forEach(ArrayList.java:1597)
	at java.base/java.util.ArrayList.forEach(ArrayList.java:1597)

[INFO] Running org.fourz.BarterShops.data.repository.impl.ConnectionProviderImplTest$MigrationTests
[ERROR] Tests run: 1, Failures: 0, Errors: 1, Skipped: 0, Time elapsed: 0 s <<< FAILURE! -- in org.fourz.BarterShops.data.repository.impl.ConnectionProviderImplTest$MigrationTests
[ERROR] org.fourz.BarterShops.data.repository.impl.ConnectionProviderImplTest$MigrationTests.shouldReturnFalseWhenMigrationsFail -- Time elapsed: 0 s <<< ERROR!
java.lang.NullPointerException: Cannot invoke "String.toLowerCase()" because the return value of "org.bukkit.configuration.file.FileConfiguration.getString(String, String)" is null
	at org.fourz.BarterShops.data.repository.impl.ConnectionProviderImpl.<init>(ConnectionProviderImpl.java:63)
	at org.fourz.BarterShops.data.repository.impl.ConnectionProviderImplTest.createProvider(ConnectionProviderImplTest.java:74)
	at org.fourz.BarterShops.data.repository.impl.ConnectionProviderImplTest$MigrationTests.shouldReturnFalseWhenMigrationsFail(ConnectionProviderImplTest.java:235)
	at java.base/java.lang.reflect.Method.invoke(Method.java:580)
	at java.base/java.util.ArrayList.forEach(ArrayList.java:1597)
	at java.base/java.util.ArrayList.forEach(ArrayList.java:1597)
	at java.base/java.util.ArrayList.forEach(ArrayList.java:1597)

[INFO] Running org.fourz.BarterShops.data.repository.impl.ConnectionProviderImplTest$DatabaseTypeTests
[ERROR] Tests run: 3, Failures: 0, Errors: 3, Skipped: 0, Time elapsed: 0.038 s <<< FAILURE! -- in org.fourz.BarterShops.data.repository.impl.ConnectionProviderImplTest$DatabaseTypeTests
[ERROR] org.fourz.BarterShops.data.repository.impl.ConnectionProviderImplTest$DatabaseTypeTests.shouldHandleWhitespace -- Time elapsed: 0.006 s <<< ERROR!
org.mockito.exceptions.misusing.PotentialStubbingProblem: 

Strict stubbing argument mismatch. Please check:
 - this invocation of 'getString' method:
    fileConfiguration.getString(
    "storage.type",
    "sqlite"
);
    -> at org.fourz.BarterShops.data.repository.impl.ConnectionProviderImpl.<init>(ConnectionProviderImpl.java:63)
 - has following stubbing(s) with different arguments:
    1. fileConfiguration.getString(
    "database.type",
    "sqlite"
);
      -> at org.fourz.BarterShops.data.repository.impl.ConnectionProviderImplTest$DatabaseTypeTests.shouldHandleWhitespace(ConnectionProviderImplTest.java:218)
Typically, stubbing argument mismatch indicates user mistake when writing tests.
Mockito fails early so that you can debug potential problem easily.
However, there are legit scenarios when this exception generates false negative signal:
  - stubbing the same method multiple times using 'given().will()' or 'when().then()' API
    Please use 'will().given()' or 'doReturn().when()' API for stubbing.
  - stubbed method is intentionally invoked with different arguments by code under test
    Please use default or 'silent' JUnit Rule (equivalent of Strictness.LENIENT).
For more information see javadoc for PotentialStubbingProblem class.
	at org.bukkit.configuration.MemorySection.getString(MemorySection.java:340)
	at org.fourz.BarterShops.data.repository.impl.ConnectionProviderImpl.<init>(ConnectionProviderImpl.java:63)
	at org.fourz.BarterShops.data.repository.impl.ConnectionProviderImplTest.createProvider(ConnectionProviderImplTest.java:74)
	at org.fourz.BarterShops.data.repository.impl.ConnectionProviderImplTest$DatabaseTypeTests.shouldHandleWhitespace(ConnectionProviderImplTest.java:220)
	at java.base/java.lang.reflect.Method.invoke(Method.java:580)
	at java.base/java.util.ArrayList.forEach(ArrayList.java:1597)
	at java.base/java.util.ArrayList.forEach(ArrayList.java:1597)
	at java.base/java.util.ArrayList.forEach(ArrayList.java:1597)

[ERROR] org.fourz.BarterShops.data.repository.impl.ConnectionProviderImplTest$DatabaseTypeTests.shouldHandleMixedCase -- Time elapsed: 0.004 s <<< ERROR!
org.mockito.exceptions.misusing.PotentialStubbingProblem: 

Strict stubbing argument mismatch. Please check:
 - this invocation of 'getString' method:
    fileConfiguration.getString(
    "storage.type",
    "sqlite"
);
    -> at org.fourz.BarterShops.data.repository.impl.ConnectionProviderImpl.<init>(ConnectionProviderImpl.java:63)
 - has following stubbing(s) with different arguments:
    1. fileConfiguration.getString(
    "database.type",
    "sqlite"
);
      -> at org.fourz.BarterShops.data.repository.impl.ConnectionProviderImplTest$DatabaseTypeTests.shouldHandleMixedCase(ConnectionProviderImplTest.java:208)
Typically, stubbing argument mismatch indicates user mistake when writing tests.
Mockito fails early so that you can debug potential problem easily.
However, there are legit scenarios when this exception generates false negative signal:
  - stubbing the same method multiple times using 'given().will()' or 'when().then()' API
    Please use 'will().given()' or 'doReturn().when()' API for stubbing.
  - stubbed method is intentionally invoked with different arguments by code under test
    Please use default or 'silent' JUnit Rule (equivalent of Strictness.LENIENT).
For more information see javadoc for PotentialStubbingProblem class.
	at org.bukkit.configuration.MemorySection.getString(MemorySection.java:340)
	at org.fourz.BarterShops.data.repository.impl.ConnectionProviderImpl.<init>(ConnectionProviderImpl.java:63)
	at org.fourz.BarterShops.data.repository.impl.ConnectionProviderImplTest.createProvider(ConnectionProviderImplTest.java:74)
	at org.fourz.BarterShops.data.repository.impl.ConnectionProviderImplTest$DatabaseTypeTests.shouldHandleMixedCase(ConnectionProviderImplTest.java:210)
	at java.base/java.lang.reflect.Method.invoke(Method.java:580)
	at java.base/java.util.ArrayList.forEach(ArrayList.java:1597)
	at java.base/java.util.ArrayList.forEach(ArrayList.java:1597)
	at java.base/java.util.ArrayList.forEach(ArrayList.java:1597)

[ERROR] org.fourz.BarterShops.data.repository.impl.ConnectionProviderImplTest$DatabaseTypeTests.shouldReturnConfiguredType -- Time elapsed: 0.020 s <<< ERROR!
org.mockito.exceptions.misusing.PotentialStubbingProblem: 

Strict stubbing argument mismatch. Please check:
 - this invocation of 'getString' method:
    fileConfiguration.getString(
    "storage.type",
    "sqlite"
);
    -> at org.fourz.BarterShops.data.repository.impl.ConnectionProviderImpl.<init>(ConnectionProviderImpl.java:63)
 - has following stubbing(s) with different arguments:
    1. fileConfiguration.getString(
    "database.type",
    "sqlite"
);
      -> at org.fourz.BarterShops.data.repository.impl.ConnectionProviderImplTest$DatabaseTypeTests.shouldReturnConfiguredType(ConnectionProviderImplTest.java:198)
Typically, stubbing argument mismatch indicates user mistake when writing tests.
Mockito fails early so that you can debug potential problem easily.
However, there are legit scenarios when this exception generates false negative signal:
  - stubbing the same method multiple times using 'given().will()' or 'when().then()' API
    Please use 'will().given()' or 'doReturn().when()' API for stubbing.
  - stubbed method is intentionally invoked with different arguments by code under test
    Please use default or 'silent' JUnit Rule (equivalent of Strictness.LENIENT).
For more information see javadoc for PotentialStubbingProblem class.
	at org.bukkit.configuration.MemorySection.getString(MemorySection.java:340)
	at org.fourz.BarterShops.data.repository.impl.ConnectionProviderImpl.<init>(ConnectionProviderImpl.java:63)
	at org.fourz.BarterShops.data.repository.impl.ConnectionProviderImplTest.createProvider(ConnectionProviderImplTest.java:74)
	at org.fourz.BarterShops.data.repository.impl.ConnectionProviderImplTest$DatabaseTypeTests.shouldReturnConfiguredType(ConnectionProviderImplTest.java:200)
	at java.base/java.lang.reflect.Method.invoke(Method.java:580)
	at java.base/java.util.ArrayList.forEach(ArrayList.java:1597)
	at java.base/java.util.ArrayList.forEach(ArrayList.java:1597)
	at java.base/java.util.ArrayList.forEach(ArrayList.java:1597)

[INFO] Running org.fourz.BarterShops.data.repository.impl.ConnectionProviderImplTest$ShutdownTests
[ERROR] Tests run: 1, Failures: 0, Errors: 1, Skipped: 0, Time elapsed: 0.011 s <<< FAILURE! -- in org.fourz.BarterShops.data.repository.impl.ConnectionProviderImplTest$ShutdownTests
[ERROR] org.fourz.BarterShops.data.repository.impl.ConnectionProviderImplTest$ShutdownTests.shouldHandleShutdownWhenNotInitialized -- Time elapsed: 0.011 s <<< ERROR!
java.lang.NullPointerException: Cannot invoke "String.toLowerCase()" because the return value of "org.bukkit.configuration.file.FileConfiguration.getString(String, String)" is null
	at org.fourz.BarterShops.data.repository.impl.ConnectionProviderImpl.<init>(ConnectionProviderImpl.java:63)
	at org.fourz.BarterShops.data.repository.impl.ConnectionProviderImplTest.createProvider(ConnectionProviderImplTest.java:74)
	at org.fourz.BarterShops.data.repository.impl.ConnectionProviderImplTest$ShutdownTests.shouldHandleShutdownWhenNotInitialized(ConnectionProviderImplTest.java:184)
	at java.base/java.lang.reflect.Method.invoke(Method.java:580)
	at java.base/java.util.ArrayList.forEach(ArrayList.java:1597)
	at java.base/java.util.ArrayList.forEach(ArrayList.java:1597)
	at java.base/java.util.ArrayList.forEach(ArrayList.java:1597)

[INFO] Running org.fourz.BarterShops.data.repository.impl.ConnectionProviderImplTest$SchemaValidationTests
[ERROR] Tests run: 1, Failures: 0, Errors: 1, Skipped: 0, Time elapsed: 0 s <<< FAILURE! -- in org.fourz.BarterShops.data.repository.impl.ConnectionProviderImplTest$SchemaValidationTests
[ERROR] org.fourz.BarterShops.data.repository.impl.ConnectionProviderImplTest$SchemaValidationTests.shouldReturnFalseWhenValidationFails -- Time elapsed: 0 s <<< ERROR!
java.lang.NullPointerException: Cannot invoke "String.toLowerCase()" because the return value of "org.bukkit.configuration.file.FileConfiguration.getString(String, String)" is null
	at org.fourz.BarterShops.data.repository.impl.ConnectionProviderImpl.<init>(ConnectionProviderImpl.java:63)
	at org.fourz.BarterShops.data.repository.impl.ConnectionProviderImplTest.createProvider(ConnectionProviderImplTest.java:74)
	at org.fourz.BarterShops.data.repository.impl.ConnectionProviderImplTest$SchemaValidationTests.shouldReturnFalseWhenValidationFails(ConnectionProviderImplTest.java:171)
	at java.base/java.lang.reflect.Method.invoke(Method.java:580)
	at java.base/java.util.ArrayList.forEach(ArrayList.java:1597)
	at java.base/java.util.ArrayList.forEach(ArrayList.java:1597)
	at java.base/java.util.ArrayList.forEach(ArrayList.java:1597)

[INFO] Running org.fourz.BarterShops.data.repository.impl.ConnectionProviderImplTest$ConnectionTests
[ERROR] Tests run: 2, Failures: 0, Errors: 2, Skipped: 0, Time elapsed: 0.027 s <<< FAILURE! -- in org.fourz.BarterShops.data.repository.impl.ConnectionProviderImplTest$ConnectionTests
[ERROR] org.fourz.BarterShops.data.repository.impl.ConnectionProviderImplTest$ConnectionTests.shouldThrowWhenNotInitialized -- Time elapsed: 0.015 s <<< ERROR!
java.lang.NullPointerException: Cannot invoke "String.toLowerCase()" because the return value of "org.bukkit.configuration.file.FileConfiguration.getString(String, String)" is null
	at org.fourz.BarterShops.data.repository.impl.ConnectionProviderImpl.<init>(ConnectionProviderImpl.java:63)
	at org.fourz.BarterShops.data.repository.impl.ConnectionProviderImplTest.createProvider(ConnectionProviderImplTest.java:74)
	at org.fourz.BarterShops.data.repository.impl.ConnectionProviderImplTest$ConnectionTests.shouldThrowWhenNotInitialized(ConnectionProviderImplTest.java:144)
	at java.base/java.lang.reflect.Method.invoke(Method.java:580)
	at java.base/java.util.ArrayList.forEach(ArrayList.java:1597)
	at java.base/java.util.ArrayList.forEach(ArrayList.java:1597)
	at java.base/java.util.ArrayList.forEach(ArrayList.java:1597)

[ERROR] org.fourz.BarterShops.data.repository.impl.ConnectionProviderImplTest$ConnectionTests.shouldReturnAsyncConnection -- Time elapsed: 0.012 s <<< ERROR!
java.lang.NullPointerException: Cannot invoke "String.toLowerCase()" because the return value of "org.bukkit.configuration.file.FileConfiguration.getString(String, String)" is null
	at org.fourz.BarterShops.data.repository.impl.ConnectionProviderImpl.<init>(ConnectionProviderImpl.java:63)
	at org.fourz.BarterShops.data.repository.impl.ConnectionProviderImplTest.createProvider(ConnectionProviderImplTest.java:74)
	at org.fourz.BarterShops.data.repository.impl.ConnectionProviderImplTest$ConnectionTests.shouldReturnAsyncConnection(ConnectionProviderImplTest.java:152)
	at java.base/java.lang.reflect.Method.invoke(Method.java:580)
	at java.base/java.util.ArrayList.forEach(ArrayList.java:1597)
	at java.base/java.util.ArrayList.forEach(ArrayList.java:1597)
	at java.base/java.util.ArrayList.forEach(ArrayList.java:1597)

[INFO] Running org.fourz.BarterShops.data.repository.impl.ConnectionProviderImplTest$HealthCheckTests
[ERROR] Tests run: 2, Failures: 0, Errors: 2, Skipped: 0, Time elapsed: 0.021 s <<< FAILURE! -- in org.fourz.BarterShops.data.repository.impl.ConnectionProviderImplTest$HealthCheckTests
[ERROR] org.fourz.BarterShops.data.repository.impl.ConnectionProviderImplTest$HealthCheckTests.shouldReturnFalseWhenDatasourceNull -- Time elapsed: 0 s <<< ERROR!
java.lang.NullPointerException: Cannot invoke "String.toLowerCase()" because the return value of "org.bukkit.configuration.file.FileConfiguration.getString(String, String)" is null
	at org.fourz.BarterShops.data.repository.impl.ConnectionProviderImpl.<init>(ConnectionProviderImpl.java:63)
	at org.fourz.BarterShops.data.repository.impl.ConnectionProviderImplTest.createProvider(ConnectionProviderImplTest.java:74)
	at org.fourz.BarterShops.data.repository.impl.ConnectionProviderImplTest$HealthCheckTests.shouldReturnFalseWhenDatasourceNull(ConnectionProviderImplTest.java:120)
	at java.base/java.lang.reflect.Method.invoke(Method.java:580)
	at java.base/java.util.ArrayList.forEach(ArrayList.java:1597)
	at java.base/java.util.ArrayList.forEach(ArrayList.java:1597)
	at java.base/java.util.ArrayList.forEach(ArrayList.java:1597)

[ERROR] org.fourz.BarterShops.data.repository.impl.ConnectionProviderImplTest$HealthCheckTests.shouldReturnPoolMetrics -- Time elapsed: 0.020 s <<< ERROR!
java.lang.NullPointerException: Cannot invoke "String.toLowerCase()" because the return value of "org.bukkit.configuration.file.FileConfiguration.getString(String, String)" is null
	at org.fourz.BarterShops.data.repository.impl.ConnectionProviderImpl.<init>(ConnectionProviderImpl.java:63)
	at org.fourz.BarterShops.data.repository.impl.ConnectionProviderImplTest.createProvider(ConnectionProviderImplTest.java:74)
	at org.fourz.BarterShops.data.repository.impl.ConnectionProviderImplTest$HealthCheckTests.shouldReturnPoolMetrics(ConnectionProviderImplTest.java:129)
	at java.base/java.lang.reflect.Method.invoke(Method.java:580)
	at java.base/java.util.ArrayList.forEach(ArrayList.java:1597)
	at java.base/java.util.ArrayList.forEach(ArrayList.java:1597)
	at java.base/java.util.ArrayList.forEach(ArrayList.java:1597)

[INFO] Running org.fourz.BarterShops.data.repository.impl.ConnectionProviderImplTest$ConstructionTests
[ERROR] Tests run: 3, Failures: 0, Errors: 3, Skipped: 0, Time elapsed: 0.018 s <<< FAILURE! -- in org.fourz.BarterShops.data.repository.impl.ConnectionProviderImplTest$ConstructionTests
[ERROR] org.fourz.BarterShops.data.repository.impl.ConnectionProviderImplTest$ConstructionTests.shouldNormalizeDatabaseType -- Time elapsed: 0.012 s <<< ERROR!
org.mockito.exceptions.misusing.PotentialStubbingProblem: 

Strict stubbing argument mismatch. Please check:
 - this invocation of 'getString' method:
    fileConfiguration.getString(
    "storage.type",
    "sqlite"
);
    -> at org.fourz.BarterShops.data.repository.impl.ConnectionProviderImpl.<init>(ConnectionProviderImpl.java:63)
 - has following stubbing(s) with different arguments:
    1. fileConfiguration.getString(
    "database.type",
    "sqlite"
);
      -> at org.fourz.BarterShops.data.repository.impl.ConnectionProviderImplTest$ConstructionTests.shouldNormalizeDatabaseType(ConnectionProviderImplTest.java:104)
Typically, stubbing argument mismatch indicates user mistake when writing tests.
Mockito fails early so that you can debug potential problem easily.
However, there are legit scenarios when this exception generates false negative signal:
  - stubbing the same method multiple times using 'given().will()' or 'when().then()' API
    Please use 'will().given()' or 'doReturn().when()' API for stubbing.
  - stubbed method is intentionally invoked with different arguments by code under test
    Please use default or 'silent' JUnit Rule (equivalent of Strictness.LENIENT).
For more information see javadoc for PotentialStubbingProblem class.
	at org.bukkit.configuration.MemorySection.getString(MemorySection.java:340)
	at org.fourz.BarterShops.data.repository.impl.ConnectionProviderImpl.<init>(ConnectionProviderImpl.java:63)
	at org.fourz.BarterShops.data.repository.impl.ConnectionProviderImplTest.createProvider(ConnectionProviderImplTest.java:74)
	at org.fourz.BarterShops.data.repository.impl.ConnectionProviderImplTest$ConstructionTests.shouldNormalizeDatabaseType(ConnectionProviderImplTest.java:106)
	at java.base/java.lang.reflect.Method.invoke(Method.java:580)
	at java.base/java.util.ArrayList.forEach(ArrayList.java:1597)
	at java.base/java.util.ArrayList.forEach(ArrayList.java:1597)
	at java.base/java.util.ArrayList.forEach(ArrayList.java:1597)

[ERROR] org.fourz.BarterShops.data.repository.impl.ConnectionProviderImplTest$ConstructionTests.shouldCreateWithMysqlType -- Time elapsed: 0.003 s <<< ERROR!
org.mockito.exceptions.misusing.PotentialStubbingProblem: 

Strict stubbing argument mismatch. Please check:
 - this invocation of 'getString' method:
    fileConfiguration.getString(
    "storage.type",
    "sqlite"
);
    -> at org.fourz.BarterShops.data.repository.impl.ConnectionProviderImpl.<init>(ConnectionProviderImpl.java:63)
 - has following stubbing(s) with different arguments:
    1. fileConfiguration.getString(
    "database.type",
    "sqlite"
);
      -> at org.fourz.BarterShops.data.repository.impl.ConnectionProviderImplTest$ConstructionTests.shouldCreateWithMysqlType(ConnectionProviderImplTest.java:94)
Typically, stubbing argument mismatch indicates user mistake when writing tests.
Mockito fails early so that you can debug potential problem easily.
However, there are legit scenarios when this exception generates false negative signal:
  - stubbing the same method multiple times using 'given().will()' or 'when().then()' API
    Please use 'will().given()' or 'doReturn().when()' API for stubbing.
  - stubbed method is intentionally invoked with different arguments by code under test
    Please use default or 'silent' JUnit Rule (equivalent of Strictness.LENIENT).
For more information see javadoc for PotentialStubbingProblem class.
	at org.bukkit.configuration.MemorySection.getString(MemorySection.java:340)
	at org.fourz.BarterShops.data.repository.impl.ConnectionProviderImpl.<init>(ConnectionProviderImpl.java:63)
	at org.fourz.BarterShops.data.repository.impl.ConnectionProviderImplTest.createProvider(ConnectionProviderImplTest.java:74)
	at org.fourz.BarterShops.data.repository.impl.ConnectionProviderImplTest$ConstructionTests.shouldCreateWithMysqlType(ConnectionProviderImplTest.java:96)
	at java.base/java.lang.reflect.Method.invoke(Method.java:580)
	at java.base/java.util.ArrayList.forEach(ArrayList.java:1597)
	at java.base/java.util.ArrayList.forEach(ArrayList.java:1597)
	at java.base/java.util.ArrayList.forEach(ArrayList.java:1597)

[ERROR] org.fourz.BarterShops.data.repository.impl.ConnectionProviderImplTest$ConstructionTests.shouldCreateWithSqliteDefault -- Time elapsed: 0 s <<< ERROR!
org.mockito.exceptions.misusing.PotentialStubbingProblem: 

Strict stubbing argument mismatch. Please check:
 - this invocation of 'getString' method:
    fileConfiguration.getString(
    "storage.type",
    "sqlite"
);
    -> at org.fourz.BarterShops.data.repository.impl.ConnectionProviderImpl.<init>(ConnectionProviderImpl.java:63)
 - has following stubbing(s) with different arguments:
    1. fileConfiguration.getString(
    "database.type",
    "sqlite"
);
      -> at org.fourz.BarterShops.data.repository.impl.ConnectionProviderImplTest$ConstructionTests.shouldCreateWithSqliteDefault(ConnectionProviderImplTest.java:84)
Typically, stubbing argument mismatch indicates user mistake when writing tests.
Mockito fails early so that you can debug potential problem easily.
However, there are legit scenarios when this exception generates false negative signal:
  - stubbing the same method multiple times using 'given().will()' or 'when().then()' API
    Please use 'will().given()' or 'doReturn().when()' API for stubbing.
  - stubbed method is intentionally invoked with different arguments by code under test
    Please use default or 'silent' JUnit Rule (equivalent of Strictness.LENIENT).
For more information see javadoc for PotentialStubbingProblem class.
	at org.bukkit.configuration.MemorySection.getString(MemorySection.java:340)
	at org.fourz.BarterShops.data.repository.impl.ConnectionProviderImpl.<init>(ConnectionProviderImpl.java:63)
	at org.fourz.BarterShops.data.repository.impl.ConnectionProviderImplTest.createProvider(ConnectionProviderImplTest.java:74)
	at org.fourz.BarterShops.data.repository.impl.ConnectionProviderImplTest$ConstructionTests.shouldCreateWithSqliteDefault(ConnectionProviderImplTest.java:86)
	at java.base/java.lang.reflect.Method.invoke(Method.java:580)
	at java.base/java.util.ArrayList.forEach(ArrayList.java:1597)
	at java.base/java.util.ArrayList.forEach(ArrayList.java:1597)
	at java.base/java.util.ArrayList.forEach(ArrayList.java:1597)

[INFO] Tests run: 0, Failures: 0, Errors: 0, Skipped: 0, Time elapsed: 2.590 s -- in org.fourz.BarterShops.data.repository.impl.ConnectionProviderImplTest
[INFO] Running org.fourz.BarterShops.data.repository.impl.ShopRepositoryImplTest
[INFO] Running org.fourz.BarterShops.data.repository.impl.ShopRepositoryImplTest$FallbackTrackerStatusTests
[INFO] Tests run: 1, Failures: 0, Errors: 0, Skipped: 0, Time elapsed: 0.129 s -- in org.fourz.BarterShops.data.repository.impl.ShopRepositoryImplTest$FallbackTrackerStatusTests
[INFO] Running org.fourz.BarterShops.data.repository.impl.ShopRepositoryImplTest$AsyncTests
[INFO] Tests run: 2, Failures: 0, Errors: 0, Skipped: 0, Time elapsed: 0.016 s -- in org.fourz.BarterShops.data.repository.impl.ShopRepositoryImplTest$AsyncTests
[INFO] Running org.fourz.BarterShops.data.repository.impl.ShopRepositoryImplTest$LocationQueryTests
[INFO] Tests run: 2, Failures: 0, Errors: 0, Skipped: 0, Time elapsed: 0.033 s -- in org.fourz.BarterShops.data.repository.impl.ShopRepositoryImplTest$LocationQueryTests
[INFO] Running org.fourz.BarterShops.data.repository.impl.ShopRepositoryImplTest$TradeItemsTests
[INFO] Tests run: 2, Failures: 0, Errors: 0, Skipped: 0, Time elapsed: 0.006 s -- in org.fourz.BarterShops.data.repository.impl.ShopRepositoryImplTest$TradeItemsTests
[INFO] Running org.fourz.BarterShops.data.repository.impl.ShopRepositoryImplTest$MetadataTests
[INFO] Tests run: 3, Failures: 0, Errors: 0, Skipped: 0, Time elapsed: 0.015 s -- in org.fourz.BarterShops.data.repository.impl.ShopRepositoryImplTest$MetadataTests
[INFO] Running org.fourz.BarterShops.data.repository.impl.ShopRepositoryImplTest$QueryTests
[INFO] Tests run: 2, Failures: 0, Errors: 0, Skipped: 0, Time elapsed: 0.020 s -- in org.fourz.BarterShops.data.repository.impl.ShopRepositoryImplTest$QueryTests
[INFO] Running org.fourz.BarterShops.data.repository.impl.ShopRepositoryImplTest$CrudTests
[INFO] Tests run: 6, Failures: 0, Errors: 0, Skipped: 0, Time elapsed: 0.037 s -- in org.fourz.BarterShops.data.repository.impl.ShopRepositoryImplTest$CrudTests
[INFO] Running org.fourz.BarterShops.data.repository.impl.ShopRepositoryImplTest$FallbackModeTests
[INFO] Tests run: 6, Failures: 0, Errors: 0, Skipped: 0, Time elapsed: 0.039 s -- in org.fourz.BarterShops.data.repository.impl.ShopRepositoryImplTest$FallbackModeTests
[INFO] Tests run: 0, Failures: 0, Errors: 0, Skipped: 0, Time elapsed: 0.327 s -- in org.fourz.BarterShops.data.repository.impl.ShopRepositoryImplTest
[INFO] Running org.fourz.BarterShops.data.repository.impl.TradeRepositoryImplTest
[INFO] Running org.fourz.BarterShops.data.repository.impl.TradeRepositoryImplTest$TradeStatusTests
[INFO] Tests run: 1, Failures: 0, Errors: 0, Skipped: 0, Time elapsed: 0.033 s -- in org.fourz.BarterShops.data.repository.impl.TradeRepositoryImplTest$TradeStatusTests
[INFO] Running org.fourz.BarterShops.data.repository.impl.TradeRepositoryImplTest$FallbackTrackerStatusTests
[INFO] Tests run: 1, Failures: 0, Errors: 0, Skipped: 0, Time elapsed: 0.006 s -- in org.fourz.BarterShops.data.repository.impl.TradeRepositoryImplTest$FallbackTrackerStatusTests
[INFO] Running org.fourz.BarterShops.data.repository.impl.TradeRepositoryImplTest$AsyncTests
[INFO] Tests run: 2, Failures: 0, Errors: 0, Skipped: 0, Time elapsed: 0.008 s -- in org.fourz.BarterShops.data.repository.impl.TradeRepositoryImplTest$AsyncTests
[INFO] Running org.fourz.BarterShops.data.repository.impl.TradeRepositoryImplTest$QueryTests
[INFO] Tests run: 3, Failures: 0, Errors: 0, Skipped: 0, Time elapsed: 0.015 s -- in org.fourz.BarterShops.data.repository.impl.TradeRepositoryImplTest$QueryTests
[INFO] Running org.fourz.BarterShops.data.repository.impl.TradeRepositoryImplTest$BulkOperationsTests
[INFO] Tests run: 3, Failures: 0, Errors: 0, Skipped: 0, Time elapsed: 0.015 s -- in org.fourz.BarterShops.data.repository.impl.TradeRepositoryImplTest$BulkOperationsTests
[INFO] Running org.fourz.BarterShops.data.repository.impl.TradeRepositoryImplTest$StatisticsTests
[INFO] Tests run: 5, Failures: 0, Errors: 0, Skipped: 0, Time elapsed: 0.032 s -- in org.fourz.BarterShops.data.repository.impl.TradeRepositoryImplTest$StatisticsTests
[INFO] Running org.fourz.BarterShops.data.repository.impl.TradeRepositoryImplTest$CrudTests
[INFO] Tests run: 4, Failures: 0, Errors: 0, Skipped: 0, Time elapsed: 0.036 s -- in org.fourz.BarterShops.data.repository.impl.TradeRepositoryImplTest$CrudTests
[INFO] Running org.fourz.BarterShops.data.repository.impl.TradeRepositoryImplTest$FallbackModeTests
[INFO] Tests run: 8, Failures: 0, Errors: 0, Skipped: 0, Time elapsed: 0.009 s -- in org.fourz.BarterShops.data.repository.impl.TradeRepositoryImplTest$FallbackModeTests
[INFO] Tests run: 0, Failures: 0, Errors: 0, Skipped: 0, Time elapsed: 0.175 s -- in org.fourz.BarterShops.data.repository.impl.TradeRepositoryImplTest
[INFO] Running org.fourz.BarterShops.economy.EconomyManagerTest
[INFO] Running org.fourz.BarterShops.economy.EconomyManagerTest$CleanupTests
[ERROR] Tests run: 1, Failures: 0, Errors: 1, Skipped: 0, Time elapsed: 0.367 s <<< FAILURE! -- in org.fourz.BarterShops.economy.EconomyManagerTest$CleanupTests
[ERROR] org.fourz.BarterShops.economy.EconomyManagerTest$CleanupTests.cleanupExecutesSuccessfully -- Time elapsed: 0.365 s <<< ERROR!
java.lang.NullPointerException: Cannot invoke "java.util.logging.Logger.info(String)" because "<local3>.logger" is null
	at org.fourz.rvnkcore.util.log.LogManager.info(LogManager.java:123)
	at org.fourz.BarterShops.economy.EconomyManager.setupEconomy(EconomyManager.java:53)
	at org.fourz.BarterShops.economy.EconomyManager.<init>(EconomyManager.java:44)
	at org.fourz.BarterShops.economy.EconomyManagerTest.setUp(EconomyManagerTest.java:88)
	at java.base/java.lang.reflect.Method.invoke(Method.java:580)
	at java.base/java.util.ArrayList.forEach(ArrayList.java:1597)
	at java.base/java.util.ArrayList.forEach(ArrayList.java:1597)
	at java.base/java.util.ArrayList.forEach(ArrayList.java:1597)

[INFO] Running org.fourz.BarterShops.economy.EconomyManagerTest$StatisticsTests
[ERROR] Tests run: 2, Failures: 0, Errors: 2, Skipped: 0, Time elapsed: 0.013 s <<< FAILURE! -- in org.fourz.BarterShops.economy.EconomyManagerTest$StatisticsTests
[ERROR] org.fourz.BarterShops.economy.EconomyManagerTest$StatisticsTests.getTotalTaxesCollectedReturnsValue -- Time elapsed: 0 s <<< ERROR!
java.lang.NullPointerException: Cannot invoke "java.util.logging.Logger.info(String)" because "<local3>.logger" is null
	at org.fourz.rvnkcore.util.log.LogManager.info(LogManager.java:123)
	at org.fourz.BarterShops.economy.EconomyManager.setupEconomy(EconomyManager.java:53)
	at org.fourz.BarterShops.economy.EconomyManager.<init>(EconomyManager.java:44)
	at org.fourz.BarterShops.economy.EconomyManagerTest.setUp(EconomyManagerTest.java:88)
	at java.base/java.lang.reflect.Method.invoke(Method.java:580)
	at java.base/java.util.ArrayList.forEach(ArrayList.java:1597)
	at java.base/java.util.ArrayList.forEach(ArrayList.java:1597)
	at java.base/java.util.ArrayList.forEach(ArrayList.java:1597)

[ERROR] org.fourz.BarterShops.economy.EconomyManagerTest$StatisticsTests.getTotalFeesCollectedReturnsValue -- Time elapsed: 0.004 s <<< ERROR!
java.lang.NullPointerException: Cannot invoke "java.util.logging.Logger.info(String)" because "<local3>.logger" is null
	at org.fourz.rvnkcore.util.log.LogManager.info(LogManager.java:123)
	at org.fourz.BarterShops.economy.EconomyManager.setupEconomy(EconomyManager.java:53)
	at org.fourz.BarterShops.economy.EconomyManager.<init>(EconomyManager.java:44)
	at org.fourz.BarterShops.economy.EconomyManagerTest.setUp(EconomyManagerTest.java:88)
	at java.base/java.lang.reflect.Method.invoke(Method.java:580)
	at java.base/java.util.ArrayList.forEach(ArrayList.java:1597)
	at java.base/java.util.ArrayList.forEach(ArrayList.java:1597)
	at java.base/java.util.ArrayList.forEach(ArrayList.java:1597)

[INFO] Running org.fourz.BarterShops.economy.EconomyManagerTest$CurrencyFormattingTests
[ERROR] Tests run: 3, Failures: 0, Errors: 3, Skipped: 0, Time elapsed: 0.016 s <<< FAILURE! -- in org.fourz.BarterShops.economy.EconomyManagerTest$CurrencyFormattingTests
[ERROR] org.fourz.BarterShops.economy.EconomyManagerTest$CurrencyFormattingTests.currencyNameSingularDelegatesToEconomy -- Time elapsed: 0.005 s <<< ERROR!
java.lang.NullPointerException: Cannot invoke "java.util.logging.Logger.info(String)" because "<local3>.logger" is null
	at org.fourz.rvnkcore.util.log.LogManager.info(LogManager.java:123)
	at org.fourz.BarterShops.economy.EconomyManager.setupEconomy(EconomyManager.java:53)
	at org.fourz.BarterShops.economy.EconomyManager.<init>(EconomyManager.java:44)
	at org.fourz.BarterShops.economy.EconomyManagerTest.setUp(EconomyManagerTest.java:88)
	at java.base/java.lang.reflect.Method.invoke(Method.java:580)
	at java.base/java.util.ArrayList.forEach(ArrayList.java:1597)
	at java.base/java.util.ArrayList.forEach(ArrayList.java:1597)
	at java.base/java.util.ArrayList.forEach(ArrayList.java:1597)

[ERROR] org.fourz.BarterShops.economy.EconomyManagerTest$CurrencyFormattingTests.currencyNamePluralDelegatesToEconomy -- Time elapsed: 0 s <<< ERROR!
java.lang.NullPointerException: Cannot invoke "java.util.logging.Logger.info(String)" because "<local3>.logger" is null
	at org.fourz.rvnkcore.util.log.LogManager.info(LogManager.java:123)
	at org.fourz.BarterShops.economy.EconomyManager.setupEconomy(EconomyManager.java:53)
	at org.fourz.BarterShops.economy.EconomyManager.<init>(EconomyManager.java:44)
	at org.fourz.BarterShops.economy.EconomyManagerTest.setUp(EconomyManagerTest.java:88)
	at java.base/java.lang.reflect.Method.invoke(Method.java:580)
	at java.base/java.util.ArrayList.forEach(ArrayList.java:1597)
	at java.base/java.util.ArrayList.forEach(ArrayList.java:1597)
	at java.base/java.util.ArrayList.forEach(ArrayList.java:1597)

[ERROR] org.fourz.BarterShops.economy.EconomyManagerTest$CurrencyFormattingTests.formatDelegatesToEconomy -- Time elapsed: 0.009 s <<< ERROR!
java.lang.NullPointerException: Cannot invoke "java.util.logging.Logger.info(String)" because "<local3>.logger" is null
	at org.fourz.rvnkcore.util.log.LogManager.info(LogManager.java:123)
	at org.fourz.BarterShops.economy.EconomyManager.setupEconomy(EconomyManager.java:53)
	at org.fourz.BarterShops.economy.EconomyManager.<init>(EconomyManager.java:44)
	at org.fourz.BarterShops.economy.EconomyManagerTest.setUp(EconomyManagerTest.java:88)
	at java.base/java.lang.reflect.Method.invoke(Method.java:580)
	at java.base/java.util.ArrayList.forEach(ArrayList.java:1597)
	at java.base/java.util.ArrayList.forEach(ArrayList.java:1597)
	at java.base/java.util.ArrayList.forEach(ArrayList.java:1597)

[INFO] Running org.fourz.BarterShops.economy.EconomyManagerTest$TradeTaxApplicationTests
[ERROR] Tests run: 2, Failures: 0, Errors: 2, Skipped: 0, Time elapsed: 0.010 s <<< FAILURE! -- in org.fourz.BarterShops.economy.EconomyManagerTest$TradeTaxApplicationTests
[ERROR] org.fourz.BarterShops.economy.EconomyManagerTest$TradeTaxApplicationTests.applyTradeTaxReturnsZeroWhenDisabled -- Time elapsed: 0 s <<< ERROR!
java.lang.NullPointerException: Cannot invoke "java.util.logging.Logger.info(String)" because "<local3>.logger" is null
	at org.fourz.rvnkcore.util.log.LogManager.info(LogManager.java:123)
	at org.fourz.BarterShops.economy.EconomyManager.setupEconomy(EconomyManager.java:53)
	at org.fourz.BarterShops.economy.EconomyManager.<init>(EconomyManager.java:44)
	at org.fourz.BarterShops.economy.EconomyManagerTest.setUp(EconomyManagerTest.java:88)
	at java.base/java.lang.reflect.Method.invoke(Method.java:580)
	at java.base/java.util.ArrayList.forEach(ArrayList.java:1597)
	at java.base/java.util.ArrayList.forEach(ArrayList.java:1597)
	at java.base/java.util.ArrayList.forEach(ArrayList.java:1597)

[ERROR] org.fourz.BarterShops.economy.EconomyManagerTest$TradeTaxApplicationTests.applyTradeTaxSucceeds -- Time elapsed: 0.002 s <<< ERROR!
java.lang.NullPointerException: Cannot invoke "java.util.logging.Logger.info(String)" because "<local3>.logger" is null
	at org.fourz.rvnkcore.util.log.LogManager.info(LogManager.java:123)
	at org.fourz.BarterShops.economy.EconomyManager.setupEconomy(EconomyManager.java:53)
	at org.fourz.BarterShops.economy.EconomyManager.<init>(EconomyManager.java:44)
	at org.fourz.BarterShops.economy.EconomyManagerTest.setUp(EconomyManagerTest.java:88)
	at java.base/java.lang.reflect.Method.invoke(Method.java:580)
	at java.base/java.util.ArrayList.forEach(ArrayList.java:1597)
	at java.base/java.util.ArrayList.forEach(ArrayList.java:1597)
	at java.base/java.util.ArrayList.forEach(ArrayList.java:1597)

[INFO] Running org.fourz.BarterShops.economy.EconomyManagerTest$ListingFeeChargeTests
[ERROR] Tests run: 2, Failures: 0, Errors: 2, Skipped: 0, Time elapsed: 0.012 s <<< FAILURE! -- in org.fourz.BarterShops.economy.EconomyManagerTest$ListingFeeChargeTests
[ERROR] org.fourz.BarterShops.economy.EconomyManagerTest$ListingFeeChargeTests.chargeListingFeeReturnsZeroWhenDisabled -- Time elapsed: 0.010 s <<< ERROR!
java.lang.NullPointerException: Cannot invoke "java.util.logging.Logger.info(String)" because "<local3>.logger" is null
	at org.fourz.rvnkcore.util.log.LogManager.info(LogManager.java:123)
	at org.fourz.BarterShops.economy.EconomyManager.setupEconomy(EconomyManager.java:53)
	at org.fourz.BarterShops.economy.EconomyManager.<init>(EconomyManager.java:44)
	at org.fourz.BarterShops.economy.EconomyManagerTest.setUp(EconomyManagerTest.java:88)
	at java.base/java.lang.reflect.Method.invoke(Method.java:580)
	at java.base/java.util.ArrayList.forEach(ArrayList.java:1597)
	at java.base/java.util.ArrayList.forEach(ArrayList.java:1597)
	at java.base/java.util.ArrayList.forEach(ArrayList.java:1597)

[ERROR] org.fourz.BarterShops.economy.EconomyManagerTest$ListingFeeChargeTests.chargeListingFeeSucceeds -- Time elapsed: 0.002 s <<< ERROR!
java.lang.NullPointerException: Cannot invoke "java.util.logging.Logger.info(String)" because "<local3>.logger" is null
	at org.fourz.rvnkcore.util.log.LogManager.info(LogManager.java:123)
	at org.fourz.BarterShops.economy.EconomyManager.setupEconomy(EconomyManager.java:53)
	at org.fourz.BarterShops.economy.EconomyManager.<init>(EconomyManager.java:44)
	at org.fourz.BarterShops.economy.EconomyManagerTest.setUp(EconomyManagerTest.java:88)
	at java.base/java.lang.reflect.Method.invoke(Method.java:580)
	at java.base/java.util.ArrayList.forEach(ArrayList.java:1597)
	at java.base/java.util.ArrayList.forEach(ArrayList.java:1597)
	at java.base/java.util.ArrayList.forEach(ArrayList.java:1597)

[INFO] Running org.fourz.BarterShops.economy.EconomyManagerTest$TaxCalculationTests
[ERROR] Tests run: 3, Failures: 0, Errors: 3, Skipped: 0, Time elapsed: 0.021 s <<< FAILURE! -- in org.fourz.BarterShops.economy.EconomyManagerTest$TaxCalculationTests
[ERROR] org.fourz.BarterShops.economy.EconomyManagerTest$TaxCalculationTests.calculateTradeTaxReturnsZeroForNegative -- Time elapsed: 0.011 s <<< ERROR!
java.lang.NullPointerException: Cannot invoke "java.util.logging.Logger.info(String)" because "<local3>.logger" is null
	at org.fourz.rvnkcore.util.log.LogManager.info(LogManager.java:123)
	at org.fourz.BarterShops.economy.EconomyManager.setupEconomy(EconomyManager.java:53)
	at org.fourz.BarterShops.economy.EconomyManager.<init>(EconomyManager.java:44)
	at org.fourz.BarterShops.economy.EconomyManagerTest.setUp(EconomyManagerTest.java:88)
	at java.base/java.lang.reflect.Method.invoke(Method.java:580)
	at java.base/java.util.ArrayList.forEach(ArrayList.java:1597)
	at java.base/java.util.ArrayList.forEach(ArrayList.java:1597)
	at java.base/java.util.ArrayList.forEach(ArrayList.java:1597)

[ERROR] org.fourz.BarterShops.economy.EconomyManagerTest$TaxCalculationTests.calculateTradeTaxReturnsZeroWhenDisabled -- Time elapsed: 0.005 s <<< ERROR!
java.lang.NullPointerException: Cannot invoke "java.util.logging.Logger.info(String)" because "<local3>.logger" is null
	at org.fourz.rvnkcore.util.log.LogManager.info(LogManager.java:123)
	at org.fourz.BarterShops.economy.EconomyManager.setupEconomy(EconomyManager.java:53)
	at org.fourz.BarterShops.economy.EconomyManager.<init>(EconomyManager.java:44)
	at org.fourz.BarterShops.economy.EconomyManagerTest.setUp(EconomyManagerTest.java:88)
	at java.base/java.lang.reflect.Method.invoke(Method.java:580)
	at java.base/java.util.ArrayList.forEach(ArrayList.java:1597)
	at java.base/java.util.ArrayList.forEach(ArrayList.java:1597)
	at java.base/java.util.ArrayList.forEach(ArrayList.java:1597)

[ERROR] org.fourz.BarterShops.economy.EconomyManagerTest$TaxCalculationTests.calculateTradeTaxReturnsPercentage -- Time elapsed: 0.003 s <<< ERROR!
java.lang.NullPointerException: Cannot invoke "java.util.logging.Logger.info(String)" because "<local3>.logger" is null
	at org.fourz.rvnkcore.util.log.LogManager.info(LogManager.java:123)
	at org.fourz.BarterShops.economy.EconomyManager.setupEconomy(EconomyManager.java:53)
	at org.fourz.BarterShops.economy.EconomyManager.<init>(EconomyManager.java:44)
	at org.fourz.BarterShops.economy.EconomyManagerTest.setUp(EconomyManagerTest.java:88)
	at java.base/java.lang.reflect.Method.invoke(Method.java:580)
	at java.base/java.util.ArrayList.forEach(ArrayList.java:1597)
	at java.base/java.util.ArrayList.forEach(ArrayList.java:1597)
	at java.base/java.util.ArrayList.forEach(ArrayList.java:1597)

[INFO] Running org.fourz.BarterShops.economy.EconomyManagerTest$FeeCalculationTests
[ERROR] Tests run: 3, Failures: 0, Errors: 3, Skipped: 0, Time elapsed: 0.018 s <<< FAILURE! -- in org.fourz.BarterShops.economy.EconomyManagerTest$FeeCalculationTests
[ERROR] org.fourz.BarterShops.economy.EconomyManagerTest$FeeCalculationTests.calculateListingFeeReturnsBaseForBarter -- Time elapsed: 0.004 s <<< ERROR!
java.lang.NullPointerException: Cannot invoke "java.util.logging.Logger.info(String)" because "<local3>.logger" is null
	at org.fourz.rvnkcore.util.log.LogManager.info(LogManager.java:123)
	at org.fourz.BarterShops.economy.EconomyManager.setupEconomy(EconomyManager.java:53)
	at org.fourz.BarterShops.economy.EconomyManager.<init>(EconomyManager.java:44)
	at org.fourz.BarterShops.economy.EconomyManagerTest.setUp(EconomyManagerTest.java:88)
	at java.base/java.lang.reflect.Method.invoke(Method.java:580)
	at java.base/java.util.ArrayList.forEach(ArrayList.java:1597)
	at java.base/java.util.ArrayList.forEach(ArrayList.java:1597)
	at java.base/java.util.ArrayList.forEach(ArrayList.java:1597)

[ERROR] org.fourz.BarterShops.economy.EconomyManagerTest$FeeCalculationTests.calculateListingFeeReturnsCurrencyFee -- Time elapsed: 0.005 s <<< ERROR!
java.lang.NullPointerException: Cannot invoke "java.util.logging.Logger.info(String)" because "<local3>.logger" is null
	at org.fourz.rvnkcore.util.log.LogManager.info(LogManager.java:123)
	at org.fourz.BarterShops.economy.EconomyManager.setupEconomy(EconomyManager.java:53)
	at org.fourz.BarterShops.economy.EconomyManager.<init>(EconomyManager.java:44)
	at org.fourz.BarterShops.economy.EconomyManagerTest.setUp(EconomyManagerTest.java:88)
	at java.base/java.lang.reflect.Method.invoke(Method.java:580)
	at java.base/java.util.ArrayList.forEach(ArrayList.java:1597)
	at java.base/java.util.ArrayList.forEach(ArrayList.java:1597)
	at java.base/java.util.ArrayList.forEach(ArrayList.java:1597)

[ERROR] org.fourz.BarterShops.economy.EconomyManagerTest$FeeCalculationTests.calculateListingFeeReturnsZeroWhenDisabled -- Time elapsed: 0.001 s <<< ERROR!
java.lang.NullPointerException: Cannot invoke "java.util.logging.Logger.info(String)" because "<local3>.logger" is null
	at org.fourz.rvnkcore.util.log.LogManager.info(LogManager.java:123)
	at org.fourz.BarterShops.economy.EconomyManager.setupEconomy(EconomyManager.java:53)
	at org.fourz.BarterShops.economy.EconomyManager.<init>(EconomyManager.java:44)
	at org.fourz.BarterShops.economy.EconomyManagerTest.setUp(EconomyManagerTest.java:88)
	at java.base/java.lang.reflect.Method.invoke(Method.java:580)
	at java.base/java.util.ArrayList.forEach(ArrayList.java:1597)
	at java.base/java.util.ArrayList.forEach(ArrayList.java:1597)
	at java.base/java.util.ArrayList.forEach(ArrayList.java:1597)

[INFO] Running org.fourz.BarterShops.economy.EconomyManagerTest$DepositTests
[ERROR] Tests run: 2, Failures: 0, Errors: 2, Skipped: 0, Time elapsed: 0.018 s <<< FAILURE! -- in org.fourz.BarterShops.economy.EconomyManagerTest$DepositTests
[ERROR] org.fourz.BarterShops.economy.EconomyManagerTest$DepositTests.depositAddsFunds -- Time elapsed: 0.002 s <<< ERROR!
java.lang.NullPointerException: Cannot invoke "java.util.logging.Logger.info(String)" because "<local3>.logger" is null
	at org.fourz.rvnkcore.util.log.LogManager.info(LogManager.java:123)
	at org.fourz.BarterShops.economy.EconomyManager.setupEconomy(EconomyManager.java:53)
	at org.fourz.BarterShops.economy.EconomyManager.<init>(EconomyManager.java:44)
	at org.fourz.BarterShops.economy.EconomyManagerTest.setUp(EconomyManagerTest.java:88)
	at java.base/java.lang.reflect.Method.invoke(Method.java:580)
	at java.base/java.util.ArrayList.forEach(ArrayList.java:1597)
	at java.base/java.util.ArrayList.forEach(ArrayList.java:1597)
	at java.base/java.util.ArrayList.forEach(ArrayList.java:1597)

[ERROR] org.fourz.BarterShops.economy.EconomyManagerTest$DepositTests.depositReturnsDisabledWhenEconomyDisabled -- Time elapsed: 0.006 s <<< ERROR!
java.lang.NullPointerException: Cannot invoke "java.util.logging.Logger.info(String)" because "<local3>.logger" is null
	at org.fourz.rvnkcore.util.log.LogManager.info(LogManager.java:123)
	at org.fourz.BarterShops.economy.EconomyManager.setupEconomy(EconomyManager.java:53)
	at org.fourz.BarterShops.economy.EconomyManager.<init>(EconomyManager.java:44)
	at org.fourz.BarterShops.economy.EconomyManagerTest.setUp(EconomyManagerTest.java:88)
	at java.base/java.lang.reflect.Method.invoke(Method.java:580)
	at java.base/java.util.ArrayList.forEach(ArrayList.java:1597)
	at java.base/java.util.ArrayList.forEach(ArrayList.java:1597)
	at java.base/java.util.ArrayList.forEach(ArrayList.java:1597)

[INFO] Running org.fourz.BarterShops.economy.EconomyManagerTest$WithdrawalTests
[ERROR] Tests run: 3, Failures: 0, Errors: 3, Skipped: 0, Time elapsed: 0.012 s <<< FAILURE! -- in org.fourz.BarterShops.economy.EconomyManagerTest$WithdrawalTests
[ERROR] org.fourz.BarterShops.economy.EconomyManagerTest$WithdrawalTests.withdrawReturnsDisabledWhenEconomyDisabled -- Time elapsed: 0.002 s <<< ERROR!
java.lang.NullPointerException: Cannot invoke "java.util.logging.Logger.info(String)" because "<local3>.logger" is null
	at org.fourz.rvnkcore.util.log.LogManager.info(LogManager.java:123)
	at org.fourz.BarterShops.economy.EconomyManager.setupEconomy(EconomyManager.java:53)
	at org.fourz.BarterShops.economy.EconomyManager.<init>(EconomyManager.java:44)
	at org.fourz.BarterShops.economy.EconomyManagerTest.setUp(EconomyManagerTest.java:88)
	at java.base/java.lang.reflect.Method.invoke(Method.java:580)
	at java.base/java.util.ArrayList.forEach(ArrayList.java:1597)
	at java.base/java.util.ArrayList.forEach(ArrayList.java:1597)
	at java.base/java.util.ArrayList.forEach(ArrayList.java:1597)

[ERROR] org.fourz.BarterShops.economy.EconomyManagerTest$WithdrawalTests.withdrawFailsWithInsufficientBalance -- Time elapsed: 0.008 s <<< ERROR!
java.lang.NullPointerException: Cannot invoke "java.util.logging.Logger.info(String)" because "<local3>.logger" is null
	at org.fourz.rvnkcore.util.log.LogManager.info(LogManager.java:123)
	at org.fourz.BarterShops.economy.EconomyManager.setupEconomy(EconomyManager.java:53)
	at org.fourz.BarterShops.economy.EconomyManager.<init>(EconomyManager.java:44)
	at org.fourz.BarterShops.economy.EconomyManagerTest.setUp(EconomyManagerTest.java:88)
	at java.base/java.lang.reflect.Method.invoke(Method.java:580)
	at java.base/java.util.ArrayList.forEach(ArrayList.java:1597)
	at java.base/java.util.ArrayList.forEach(ArrayList.java:1597)
	at java.base/java.util.ArrayList.forEach(ArrayList.java:1597)

[ERROR] org.fourz.BarterShops.economy.EconomyManagerTest$WithdrawalTests.withdrawSucceedsWithSufficientBalance -- Time elapsed: 0.002 s <<< ERROR!
java.lang.NullPointerException: Cannot invoke "java.util.logging.Logger.info(String)" because "<local3>.logger" is null
	at org.fourz.rvnkcore.util.log.LogManager.info(LogManager.java:123)
	at org.fourz.BarterShops.economy.EconomyManager.setupEconomy(EconomyManager.java:53)
	at org.fourz.BarterShops.economy.EconomyManager.<init>(EconomyManager.java:44)
	at org.fourz.BarterShops.economy.EconomyManagerTest.setUp(EconomyManagerTest.java:88)
	at java.base/java.lang.reflect.Method.invoke(Method.java:580)
	at java.base/java.util.ArrayList.forEach(ArrayList.java:1597)
	at java.base/java.util.ArrayList.forEach(ArrayList.java:1597)
	at java.base/java.util.ArrayList.forEach(ArrayList.java:1597)

[INFO] Running org.fourz.BarterShops.economy.EconomyManagerTest$BalanceQueryTests
[ERROR] Tests run: 3, Failures: 0, Errors: 3, Skipped: 0, Time elapsed: 0.025 s <<< FAILURE! -- in org.fourz.BarterShops.economy.EconomyManagerTest$BalanceQueryTests
[ERROR] org.fourz.BarterShops.economy.EconomyManagerTest$BalanceQueryTests.getBalanceReturnsBalance -- Time elapsed: 0.008 s <<< ERROR!
java.lang.NullPointerException: Cannot invoke "java.util.logging.Logger.info(String)" because "<local3>.logger" is null
	at org.fourz.rvnkcore.util.log.LogManager.info(LogManager.java:123)
	at org.fourz.BarterShops.economy.EconomyManager.setupEconomy(EconomyManager.java:53)
	at org.fourz.BarterShops.economy.EconomyManager.<init>(EconomyManager.java:44)
	at org.fourz.BarterShops.economy.EconomyManagerTest.setUp(EconomyManagerTest.java:88)
	at java.base/java.lang.reflect.Method.invoke(Method.java:580)
	at java.base/java.util.ArrayList.forEach(ArrayList.java:1597)
	at java.base/java.util.ArrayList.forEach(ArrayList.java:1597)
	at java.base/java.util.ArrayList.forEach(ArrayList.java:1597)

[ERROR] org.fourz.BarterShops.economy.EconomyManagerTest$BalanceQueryTests.hasReturnsFalseWhenInsufficientFunds -- Time elapsed: 0.004 s <<< ERROR!
java.lang.NullPointerException: Cannot invoke "java.util.logging.Logger.info(String)" because "<local3>.logger" is null
	at org.fourz.rvnkcore.util.log.LogManager.info(LogManager.java:123)
	at org.fourz.BarterShops.economy.EconomyManager.setupEconomy(EconomyManager.java:53)
	at org.fourz.BarterShops.economy.EconomyManager.<init>(EconomyManager.java:44)
	at org.fourz.BarterShops.economy.EconomyManagerTest.setUp(EconomyManagerTest.java:88)
	at java.base/java.lang.reflect.Method.invoke(Method.java:580)
	at java.base/java.util.ArrayList.forEach(ArrayList.java:1597)
	at java.base/java.util.ArrayList.forEach(ArrayList.java:1597)
	at java.base/java.util.ArrayList.forEach(ArrayList.java:1597)

[ERROR] org.fourz.BarterShops.economy.EconomyManagerTest$BalanceQueryTests.hasReturnsTrueWhenSufficientFunds -- Time elapsed: 0.009 s <<< ERROR!
java.lang.NullPointerException: Cannot invoke "java.util.logging.Logger.info(String)" because "<local3>.logger" is null
	at org.fourz.rvnkcore.util.log.LogManager.info(LogManager.java:123)
	at org.fourz.BarterShops.economy.EconomyManager.setupEconomy(EconomyManager.java:53)
	at org.fourz.BarterShops.economy.EconomyManager.<init>(EconomyManager.java:44)
	at org.fourz.BarterShops.economy.EconomyManagerTest.setUp(EconomyManagerTest.java:88)
	at java.base/java.lang.reflect.Method.invoke(Method.java:580)
	at java.base/java.util.ArrayList.forEach(ArrayList.java:1597)
	at java.base/java.util.ArrayList.forEach(ArrayList.java:1597)
	at java.base/java.util.ArrayList.forEach(ArrayList.java:1597)

[INFO] Running org.fourz.BarterShops.economy.EconomyManagerTest$InitializationTests
[ERROR] Tests run: 3, Failures: 0, Errors: 3, Skipped: 0, Time elapsed: 0.012 s <<< FAILURE! -- in org.fourz.BarterShops.economy.EconomyManagerTest$InitializationTests
[ERROR] org.fourz.BarterShops.economy.EconomyManagerTest$InitializationTests.economyManagerDisablesWhenVaultNotFound -- Time elapsed: 0.002 s <<< ERROR!
java.lang.NullPointerException: Cannot invoke "java.util.logging.Logger.info(String)" because "<local3>.logger" is null
	at org.fourz.rvnkcore.util.log.LogManager.info(LogManager.java:123)
	at org.fourz.BarterShops.economy.EconomyManager.setupEconomy(EconomyManager.java:53)
	at org.fourz.BarterShops.economy.EconomyManager.<init>(EconomyManager.java:44)
	at org.fourz.BarterShops.economy.EconomyManagerTest.setUp(EconomyManagerTest.java:88)
	at java.base/java.lang.reflect.Method.invoke(Method.java:580)
	at java.base/java.util.ArrayList.forEach(ArrayList.java:1597)
	at java.base/java.util.ArrayList.forEach(ArrayList.java:1597)
	at java.base/java.util.ArrayList.forEach(ArrayList.java:1597)

[ERROR] org.fourz.BarterShops.economy.EconomyManagerTest$InitializationTests.economyManagerLoadsConfiguration -- Time elapsed: 0.008 s <<< ERROR!
java.lang.NullPointerException: Cannot invoke "java.util.logging.Logger.info(String)" because "<local3>.logger" is null
	at org.fourz.rvnkcore.util.log.LogManager.info(LogManager.java:123)
	at org.fourz.BarterShops.economy.EconomyManager.setupEconomy(EconomyManager.java:53)
	at org.fourz.BarterShops.economy.EconomyManager.<init>(EconomyManager.java:44)
	at org.fourz.BarterShops.economy.EconomyManagerTest.setUp(EconomyManagerTest.java:88)
	at java.base/java.lang.reflect.Method.invoke(Method.java:580)
	at java.base/java.util.ArrayList.forEach(ArrayList.java:1597)
	at java.base/java.util.ArrayList.forEach(ArrayList.java:1597)
	at java.base/java.util.ArrayList.forEach(ArrayList.java:1597)

[ERROR] org.fourz.BarterShops.economy.EconomyManagerTest$InitializationTests.economyManagerInitializesWithVaultEnabled -- Time elapsed: 0.002 s <<< ERROR!
java.lang.NullPointerException: Cannot invoke "java.util.logging.Logger.info(String)" because "<local3>.logger" is null
	at org.fourz.rvnkcore.util.log.LogManager.info(LogManager.java:123)
	at org.fourz.BarterShops.economy.EconomyManager.setupEconomy(EconomyManager.java:53)
	at org.fourz.BarterShops.economy.EconomyManager.<init>(EconomyManager.java:44)
	at org.fourz.BarterShops.economy.EconomyManagerTest.setUp(EconomyManagerTest.java:88)
	at java.base/java.lang.reflect.Method.invoke(Method.java:580)
	at java.base/java.util.ArrayList.forEach(ArrayList.java:1597)
	at java.base/java.util.ArrayList.forEach(ArrayList.java:1597)
	at java.base/java.util.ArrayList.forEach(ArrayList.java:1597)

[INFO] Tests run: 0, Failures: 0, Errors: 0, Skipped: 0, Time elapsed: 0.545 s -- in org.fourz.BarterShops.economy.EconomyManagerTest
[INFO] Running org.fourz.BarterShops.economy.ShopFeeCalculatorTest
[INFO] Running org.fourz.BarterShops.economy.ShopFeeCalculatorTest$EdgeCaseTests
[ERROR] Tests run: 3, Failures: 0, Errors: 3, Skipped: 0, Time elapsed: 0.531 s <<< FAILURE! -- in org.fourz.BarterShops.economy.ShopFeeCalculatorTest$EdgeCaseTests
[ERROR] org.fourz.BarterShops.economy.ShopFeeCalculatorTest$EdgeCaseTests.handlesZeroTradeValue -- Time elapsed: 0.053 s <<< ERROR!
org.mockito.exceptions.misusing.UnnecessaryStubbingException: 

Unnecessary stubbings detected.
Clean & maintainable test code requires zero unnecessary code.
Following stubbings are unnecessary (click to navigate to relevant line of code):
  1. -> at org.fourz.BarterShops.economy.ShopFeeCalculatorTest.setUp(ShopFeeCalculatorTest.java:29)
  2. -> at org.fourz.BarterShops.economy.ShopFeeCalculatorTest.setUp(ShopFeeCalculatorTest.java:30)
  3. -> at org.fourz.BarterShops.economy.ShopFeeCalculatorTest.setUp(ShopFeeCalculatorTest.java:35)
  4. -> at org.fourz.BarterShops.economy.ShopFeeCalculatorTest.setUp(ShopFeeCalculatorTest.java:39)
  5. -> at org.fourz.BarterShops.economy.ShopFeeCalculatorTest.setUp(ShopFeeCalculatorTest.java:40)
  6. -> at org.fourz.BarterShops.economy.ShopFeeCalculatorTest.setUp(ShopFeeCalculatorTest.java:41)
Please remove unnecessary stubbings or use 'lenient' strictness. More info: javadoc for UnnecessaryStubbingException class.
	at org.mockito.junit.jupiter.MockitoExtension.afterEach(MockitoExtension.java:197)
	at java.base/java.util.ArrayList.forEach(ArrayList.java:1597)
	at java.base/java.util.ArrayList.forEach(ArrayList.java:1597)
	at java.base/java.util.ArrayList.forEach(ArrayList.java:1597)

[ERROR] org.fourz.BarterShops.economy.ShopFeeCalculatorTest$EdgeCaseTests.handlesExtremeRarityMultipliers -- Time elapsed: 0.477 s <<< ERROR!
org.mockito.exceptions.misusing.UnnecessaryStubbingException: 

Unnecessary stubbings detected.
Clean & maintainable test code requires zero unnecessary code.
Following stubbings are unnecessary (click to navigate to relevant line of code):
  1. -> at org.fourz.BarterShops.economy.ShopFeeCalculatorTest.setUp(ShopFeeCalculatorTest.java:30)
  2. -> at org.fourz.BarterShops.economy.ShopFeeCalculatorTest.setUp(ShopFeeCalculatorTest.java:31)
  3. -> at org.fourz.BarterShops.economy.ShopFeeCalculatorTest.setUp(ShopFeeCalculatorTest.java:35)
  4. -> at org.fourz.BarterShops.economy.ShopFeeCalculatorTest.setUp(ShopFeeCalculatorTest.java:39)
  5. -> at org.fourz.BarterShops.economy.ShopFeeCalculatorTest.setUp(ShopFeeCalculatorTest.java:40)
  6. -> at org.fourz.BarterShops.economy.ShopFeeCalculatorTest.setUp(ShopFeeCalculatorTest.java:41)
Please remove unnecessary stubbings or use 'lenient' strictness. More info: javadoc for UnnecessaryStubbingException class.
	at org.mockito.junit.jupiter.MockitoExtension.afterEach(MockitoExtension.java:197)
	at java.base/java.util.ArrayList.forEach(ArrayList.java:1597)
	at java.base/java.util.ArrayList.forEach(ArrayList.java:1597)
	at java.base/java.util.ArrayList.forEach(ArrayList.java:1597)

[ERROR] org.fourz.BarterShops.economy.ShopFeeCalculatorTest$EdgeCaseTests.handlesLargeTradeValues -- Time elapsed: 0 s <<< ERROR!
org.mockito.exceptions.misusing.UnnecessaryStubbingException: 

Unnecessary stubbings detected.
Clean & maintainable test code requires zero unnecessary code.
Following stubbings are unnecessary (click to navigate to relevant line of code):
  1. -> at org.fourz.BarterShops.economy.ShopFeeCalculatorTest.setUp(ShopFeeCalculatorTest.java:29)
  2. -> at org.fourz.BarterShops.economy.ShopFeeCalculatorTest.setUp(ShopFeeCalculatorTest.java:30)
  3. -> at org.fourz.BarterShops.economy.ShopFeeCalculatorTest.setUp(ShopFeeCalculatorTest.java:35)
  4. -> at org.fourz.BarterShops.economy.ShopFeeCalculatorTest.setUp(ShopFeeCalculatorTest.java:39)
  5. -> at org.fourz.BarterShops.economy.ShopFeeCalculatorTest.setUp(ShopFeeCalculatorTest.java:40)
  6. -> at org.fourz.BarterShops.economy.ShopFeeCalculatorTest.setUp(ShopFeeCalculatorTest.java:41)
Please remove unnecessary stubbings or use 'lenient' strictness. More info: javadoc for UnnecessaryStubbingException class.
	at org.mockito.junit.jupiter.MockitoExtension.afterEach(MockitoExtension.java:197)
	at java.base/java.util.ArrayList.forEach(ArrayList.java:1597)
	at java.base/java.util.ArrayList.forEach(ArrayList.java:1597)
	at java.base/java.util.ArrayList.forEach(ArrayList.java:1597)

[INFO] Running org.fourz.BarterShops.economy.ShopFeeCalculatorTest$CostBreakdownTests
[ERROR] Tests run: 5, Failures: 0, Errors: 5, Skipped: 0, Time elapsed: 0.023 s <<< FAILURE! -- in org.fourz.BarterShops.economy.ShopFeeCalculatorTest$CostBreakdownTests
[ERROR] org.fourz.BarterShops.economy.ShopFeeCalculatorTest$CostBreakdownTests.costBreakdownNoFeesMessage -- Time elapsed: 0.002 s <<< ERROR!
org.mockito.exceptions.misusing.UnnecessaryStubbingException: 

Unnecessary stubbings detected.
Clean & maintainable test code requires zero unnecessary code.
Following stubbings are unnecessary (click to navigate to relevant line of code):
  1. -> at org.fourz.BarterShops.economy.ShopFeeCalculatorTest.setUp(ShopFeeCalculatorTest.java:30)
  2. -> at org.fourz.BarterShops.economy.ShopFeeCalculatorTest.setUp(ShopFeeCalculatorTest.java:31)
  3. -> at org.fourz.BarterShops.economy.ShopFeeCalculatorTest.setUp(ShopFeeCalculatorTest.java:35)
  4. -> at org.fourz.BarterShops.economy.ShopFeeCalculatorTest.setUp(ShopFeeCalculatorTest.java:39)
  5. -> at org.fourz.BarterShops.economy.ShopFeeCalculatorTest.setUp(ShopFeeCalculatorTest.java:40)
  6. -> at org.fourz.BarterShops.economy.ShopFeeCalculatorTest.setUp(ShopFeeCalculatorTest.java:41)
Please remove unnecessary stubbings or use 'lenient' strictness. More info: javadoc for UnnecessaryStubbingException class.
	at org.mockito.junit.jupiter.MockitoExtension.afterEach(MockitoExtension.java:197)
	at java.base/java.util.ArrayList.forEach(ArrayList.java:1597)
	at java.base/java.util.ArrayList.forEach(ArrayList.java:1597)
	at java.base/java.util.ArrayList.forEach(ArrayList.java:1597)

[ERROR] org.fourz.BarterShops.economy.ShopFeeCalculatorTest$CostBreakdownTests.costBreakdownRareItem -- Time elapsed: 0.008 s <<< ERROR!
org.mockito.exceptions.misusing.UnnecessaryStubbingException: 

Unnecessary stubbings detected.
Clean & maintainable test code requires zero unnecessary code.
Following stubbings are unnecessary (click to navigate to relevant line of code):
  1. -> at org.fourz.BarterShops.economy.ShopFeeCalculatorTest.setUp(ShopFeeCalculatorTest.java:30)
  2. -> at org.fourz.BarterShops.economy.ShopFeeCalculatorTest.setUp(ShopFeeCalculatorTest.java:31)
  3. -> at org.fourz.BarterShops.economy.ShopFeeCalculatorTest.setUp(ShopFeeCalculatorTest.java:35)
  4. -> at org.fourz.BarterShops.economy.ShopFeeCalculatorTest.setUp(ShopFeeCalculatorTest.java:39)
  5. -> at org.fourz.BarterShops.economy.ShopFeeCalculatorTest.setUp(ShopFeeCalculatorTest.java:40)
  6. -> at org.fourz.BarterShops.economy.ShopFeeCalculatorTest.setUp(ShopFeeCalculatorTest.java:41)
Please remove unnecessary stubbings or use 'lenient' strictness. More info: javadoc for UnnecessaryStubbingException class.
	at org.mockito.junit.jupiter.MockitoExtension.afterEach(MockitoExtension.java:197)
	at java.base/java.util.ArrayList.forEach(ArrayList.java:1597)
	at java.base/java.util.ArrayList.forEach(ArrayList.java:1597)
	at java.base/java.util.ArrayList.forEach(ArrayList.java:1597)

[ERROR] org.fourz.BarterShops.economy.ShopFeeCalculatorTest$CostBreakdownTests.costBreakdownFormatting -- Time elapsed: 0.002 s <<< ERROR!
org.mockito.exceptions.misusing.UnnecessaryStubbingException: 

Unnecessary stubbings detected.
Clean & maintainable test code requires zero unnecessary code.
Following stubbings are unnecessary (click to navigate to relevant line of code):
  1. -> at org.fourz.BarterShops.economy.ShopFeeCalculatorTest.setUp(ShopFeeCalculatorTest.java:30)
  2. -> at org.fourz.BarterShops.economy.ShopFeeCalculatorTest.setUp(ShopFeeCalculatorTest.java:31)
  3. -> at org.fourz.BarterShops.economy.ShopFeeCalculatorTest.setUp(ShopFeeCalculatorTest.java:35)
  4. -> at org.fourz.BarterShops.economy.ShopFeeCalculatorTest.setUp(ShopFeeCalculatorTest.java:39)
  5. -> at org.fourz.BarterShops.economy.ShopFeeCalculatorTest.setUp(ShopFeeCalculatorTest.java:40)
  6. -> at org.fourz.BarterShops.economy.ShopFeeCalculatorTest.setUp(ShopFeeCalculatorTest.java:41)
Please remove unnecessary stubbings or use 'lenient' strictness. More info: javadoc for UnnecessaryStubbingException class.
	at org.mockito.junit.jupiter.MockitoExtension.afterEach(MockitoExtension.java:197)
	at java.base/java.util.ArrayList.forEach(ArrayList.java:1597)
	at java.base/java.util.ArrayList.forEach(ArrayList.java:1597)
	at java.base/java.util.ArrayList.forEach(ArrayList.java:1597)

[ERROR] org.fourz.BarterShops.economy.ShopFeeCalculatorTest$CostBreakdownTests.costBreakdownCommonItem -- Time elapsed: 0 s <<< ERROR!
org.mockito.exceptions.misusing.UnnecessaryStubbingException: 

Unnecessary stubbings detected.
Clean & maintainable test code requires zero unnecessary code.
Following stubbings are unnecessary (click to navigate to relevant line of code):
  1. -> at org.fourz.BarterShops.economy.ShopFeeCalculatorTest.setUp(ShopFeeCalculatorTest.java:30)
  2. -> at org.fourz.BarterShops.economy.ShopFeeCalculatorTest.setUp(ShopFeeCalculatorTest.java:31)
  3. -> at org.fourz.BarterShops.economy.ShopFeeCalculatorTest.setUp(ShopFeeCalculatorTest.java:35)
  4. -> at org.fourz.BarterShops.economy.ShopFeeCalculatorTest.setUp(ShopFeeCalculatorTest.java:39)
  5. -> at org.fourz.BarterShops.economy.ShopFeeCalculatorTest.setUp(ShopFeeCalculatorTest.java:40)
  6. -> at org.fourz.BarterShops.economy.ShopFeeCalculatorTest.setUp(ShopFeeCalculatorTest.java:41)
Please remove unnecessary stubbings or use 'lenient' strictness. More info: javadoc for UnnecessaryStubbingException class.
	at org.mockito.junit.jupiter.MockitoExtension.afterEach(MockitoExtension.java:197)
	at java.base/java.util.ArrayList.forEach(ArrayList.java:1597)
	at java.base/java.util.ArrayList.forEach(ArrayList.java:1597)
	at java.base/java.util.ArrayList.forEach(ArrayList.java:1597)

[ERROR] org.fourz.BarterShops.economy.ShopFeeCalculatorTest$CostBreakdownTests.costBreakdownNullItem -- Time elapsed: 0.003 s <<< ERROR!
org.mockito.exceptions.misusing.UnnecessaryStubbingException: 

Unnecessary stubbings detected.
Clean & maintainable test code requires zero unnecessary code.
Following stubbings are unnecessary (click to navigate to relevant line of code):
  1. -> at org.fourz.BarterShops.economy.ShopFeeCalculatorTest.setUp(ShopFeeCalculatorTest.java:30)
  2. -> at org.fourz.BarterShops.economy.ShopFeeCalculatorTest.setUp(ShopFeeCalculatorTest.java:31)
  3. -> at org.fourz.BarterShops.economy.ShopFeeCalculatorTest.setUp(ShopFeeCalculatorTest.java:35)
  4. -> at org.fourz.BarterShops.economy.ShopFeeCalculatorTest.setUp(ShopFeeCalculatorTest.java:39)
  5. -> at org.fourz.BarterShops.economy.ShopFeeCalculatorTest.setUp(ShopFeeCalculatorTest.java:40)
  6. -> at org.fourz.BarterShops.economy.ShopFeeCalculatorTest.setUp(ShopFeeCalculatorTest.java:41)
Please remove unnecessary stubbings or use 'lenient' strictness. More info: javadoc for UnnecessaryStubbingException class.
	at org.mockito.junit.jupiter.MockitoExtension.afterEach(MockitoExtension.java:197)
	at java.base/java.util.ArrayList.forEach(ArrayList.java:1597)
	at java.base/java.util.ArrayList.forEach(ArrayList.java:1597)
	at java.base/java.util.ArrayList.forEach(ArrayList.java:1597)

[INFO] Running org.fourz.BarterShops.economy.ShopFeeCalculatorTest$FeatureStatusTests
[ERROR] Tests run: 4, Failures: 0, Errors: 4, Skipped: 0, Time elapsed: 0.010 s <<< FAILURE! -- in org.fourz.BarterShops.economy.ShopFeeCalculatorTest$FeatureStatusTests
[ERROR] org.fourz.BarterShops.economy.ShopFeeCalculatorTest$FeatureStatusTests.areFeesEnabledTrue -- Time elapsed: 0.007 s <<< ERROR!
org.mockito.exceptions.misusing.UnnecessaryStubbingException: 

Unnecessary stubbings detected.
Clean & maintainable test code requires zero unnecessary code.
Following stubbings are unnecessary (click to navigate to relevant line of code):
  1. -> at org.fourz.BarterShops.economy.ShopFeeCalculatorTest.setUp(ShopFeeCalculatorTest.java:29)
  2. -> at org.fourz.BarterShops.economy.ShopFeeCalculatorTest.setUp(ShopFeeCalculatorTest.java:30)
  3. -> at org.fourz.BarterShops.economy.ShopFeeCalculatorTest.setUp(ShopFeeCalculatorTest.java:31)
  4. -> at org.fourz.BarterShops.economy.ShopFeeCalculatorTest.setUp(ShopFeeCalculatorTest.java:35)
  5. -> at org.fourz.BarterShops.economy.ShopFeeCalculatorTest.setUp(ShopFeeCalculatorTest.java:39)
  6. -> at org.fourz.BarterShops.economy.ShopFeeCalculatorTest.setUp(ShopFeeCalculatorTest.java:41)
Please remove unnecessary stubbings or use 'lenient' strictness. More info: javadoc for UnnecessaryStubbingException class.
	at org.mockito.junit.jupiter.MockitoExtension.afterEach(MockitoExtension.java:197)
	at java.base/java.util.ArrayList.forEach(ArrayList.java:1597)
	at java.base/java.util.ArrayList.forEach(ArrayList.java:1597)
	at java.base/java.util.ArrayList.forEach(ArrayList.java:1597)

[ERROR] org.fourz.BarterShops.economy.ShopFeeCalculatorTest$FeatureStatusTests.areTaxesEnabledTrue -- Time elapsed: 0.003 s <<< ERROR!
org.mockito.exceptions.misusing.UnnecessaryStubbingException: 

Unnecessary stubbings detected.
Clean & maintainable test code requires zero unnecessary code.
Following stubbings are unnecessary (click to navigate to relevant line of code):
  1. -> at org.fourz.BarterShops.economy.ShopFeeCalculatorTest.setUp(ShopFeeCalculatorTest.java:29)
  2. -> at org.fourz.BarterShops.economy.ShopFeeCalculatorTest.setUp(ShopFeeCalculatorTest.java:30)
  3. -> at org.fourz.BarterShops.economy.ShopFeeCalculatorTest.setUp(ShopFeeCalculatorTest.java:31)
  4. -> at org.fourz.BarterShops.economy.ShopFeeCalculatorTest.setUp(ShopFeeCalculatorTest.java:35)
  5. -> at org.fourz.BarterShops.economy.ShopFeeCalculatorTest.setUp(ShopFeeCalculatorTest.java:39)
  6. -> at org.fourz.BarterShops.economy.ShopFeeCalculatorTest.setUp(ShopFeeCalculatorTest.java:40)
Please remove unnecessary stubbings or use 'lenient' strictness. More info: javadoc for UnnecessaryStubbingException class.
	at org.mockito.junit.jupiter.MockitoExtension.afterEach(MockitoExtension.java:197)
	at java.base/java.util.ArrayList.forEach(ArrayList.java:1597)
	at java.base/java.util.ArrayList.forEach(ArrayList.java:1597)
	at java.base/java.util.ArrayList.forEach(ArrayList.java:1597)

[ERROR] org.fourz.BarterShops.economy.ShopFeeCalculatorTest$FeatureStatusTests.areTaxesEnabledFalse -- Time elapsed: 0 s <<< ERROR!
org.mockito.exceptions.misusing.UnnecessaryStubbingException: 

Unnecessary stubbings detected.
Clean & maintainable test code requires zero unnecessary code.
Following stubbings are unnecessary (click to navigate to relevant line of code):
  1. -> at org.fourz.BarterShops.economy.ShopFeeCalculatorTest.setUp(ShopFeeCalculatorTest.java:29)
  2. -> at org.fourz.BarterShops.economy.ShopFeeCalculatorTest.setUp(ShopFeeCalculatorTest.java:30)
  3. -> at org.fourz.BarterShops.economy.ShopFeeCalculatorTest.setUp(ShopFeeCalculatorTest.java:31)
  4. -> at org.fourz.BarterShops.economy.ShopFeeCalculatorTest.setUp(ShopFeeCalculatorTest.java:35)
  5. -> at org.fourz.BarterShops.economy.ShopFeeCalculatorTest.setUp(ShopFeeCalculatorTest.java:39)
  6. -> at org.fourz.BarterShops.economy.ShopFeeCalculatorTest.setUp(ShopFeeCalculatorTest.java:40)
Please remove unnecessary stubbings or use 'lenient' strictness. More info: javadoc for UnnecessaryStubbingException class.
	at org.mockito.junit.jupiter.MockitoExtension.afterEach(MockitoExtension.java:197)
	at java.base/java.util.ArrayList.forEach(ArrayList.java:1597)
	at java.base/java.util.ArrayList.forEach(ArrayList.java:1597)
	at java.base/java.util.ArrayList.forEach(ArrayList.java:1597)

[ERROR] org.fourz.BarterShops.economy.ShopFeeCalculatorTest$FeatureStatusTests.areFeesEnabledFalse -- Time elapsed: 0 s <<< ERROR!
org.mockito.exceptions.misusing.UnnecessaryStubbingException: 

Unnecessary stubbings detected.
Clean & maintainable test code requires zero unnecessary code.
Following stubbings are unnecessary (click to navigate to relevant line of code):
  1. -> at org.fourz.BarterShops.economy.ShopFeeCalculatorTest.setUp(ShopFeeCalculatorTest.java:29)
  2. -> at org.fourz.BarterShops.economy.ShopFeeCalculatorTest.setUp(ShopFeeCalculatorTest.java:30)
  3. -> at org.fourz.BarterShops.economy.ShopFeeCalculatorTest.setUp(ShopFeeCalculatorTest.java:31)
  4. -> at org.fourz.BarterShops.economy.ShopFeeCalculatorTest.setUp(ShopFeeCalculatorTest.java:35)
  5. -> at org.fourz.BarterShops.economy.ShopFeeCalculatorTest.setUp(ShopFeeCalculatorTest.java:39)
  6. -> at org.fourz.BarterShops.economy.ShopFeeCalculatorTest.setUp(ShopFeeCalculatorTest.java:41)
Please remove unnecessary stubbings or use 'lenient' strictness. More info: javadoc for UnnecessaryStubbingException class.
	at org.mockito.junit.jupiter.MockitoExtension.afterEach(MockitoExtension.java:197)
	at java.base/java.util.ArrayList.forEach(ArrayList.java:1597)
	at java.base/java.util.ArrayList.forEach(ArrayList.java:1597)
	at java.base/java.util.ArrayList.forEach(ArrayList.java:1597)

[INFO] Running org.fourz.BarterShops.economy.ShopFeeCalculatorTest$FormattingTests
[ERROR] Tests run: 2, Failures: 0, Errors: 2, Skipped: 0, Time elapsed: 0.010 s <<< FAILURE! -- in org.fourz.BarterShops.economy.ShopFeeCalculatorTest$FormattingTests
[ERROR] org.fourz.BarterShops.economy.ShopFeeCalculatorTest$FormattingTests.getTaxRatePercentageReturnsString -- Time elapsed: 0.002 s <<< ERROR!
org.mockito.exceptions.misusing.UnnecessaryStubbingException: 

Unnecessary stubbings detected.
Clean & maintainable test code requires zero unnecessary code.
Following stubbings are unnecessary (click to navigate to relevant line of code):
  1. -> at org.fourz.BarterShops.economy.ShopFeeCalculatorTest.setUp(ShopFeeCalculatorTest.java:29)
  2. -> at org.fourz.BarterShops.economy.ShopFeeCalculatorTest.setUp(ShopFeeCalculatorTest.java:30)
  3. -> at org.fourz.BarterShops.economy.ShopFeeCalculatorTest.setUp(ShopFeeCalculatorTest.java:31)
  4. -> at org.fourz.BarterShops.economy.ShopFeeCalculatorTest.setUp(ShopFeeCalculatorTest.java:35)
  5. -> at org.fourz.BarterShops.economy.ShopFeeCalculatorTest.setUp(ShopFeeCalculatorTest.java:40)
  6. -> at org.fourz.BarterShops.economy.ShopFeeCalculatorTest.setUp(ShopFeeCalculatorTest.java:41)
Please remove unnecessary stubbings or use 'lenient' strictness. More info: javadoc for UnnecessaryStubbingException class.
	at org.mockito.junit.jupiter.MockitoExtension.afterEach(MockitoExtension.java:197)
	at java.base/java.util.ArrayList.forEach(ArrayList.java:1597)
	at java.base/java.util.ArrayList.forEach(ArrayList.java:1597)
	at java.base/java.util.ArrayList.forEach(ArrayList.java:1597)

[ERROR] org.fourz.BarterShops.economy.ShopFeeCalculatorTest$FormattingTests.formatCurrencyDelegatesToEconomy -- Time elapsed: 0 s <<< ERROR!
org.mockito.exceptions.misusing.UnnecessaryStubbingException: 

Unnecessary stubbings detected.
Clean & maintainable test code requires zero unnecessary code.
Following stubbings are unnecessary (click to navigate to relevant line of code):
  1. -> at org.fourz.BarterShops.economy.ShopFeeCalculatorTest.setUp(ShopFeeCalculatorTest.java:29)
  2. -> at org.fourz.BarterShops.economy.ShopFeeCalculatorTest.setUp(ShopFeeCalculatorTest.java:30)
  3. -> at org.fourz.BarterShops.economy.ShopFeeCalculatorTest.setUp(ShopFeeCalculatorTest.java:31)
  4. -> at org.fourz.BarterShops.economy.ShopFeeCalculatorTest.setUp(ShopFeeCalculatorTest.java:39)
  5. -> at org.fourz.BarterShops.economy.ShopFeeCalculatorTest.setUp(ShopFeeCalculatorTest.java:40)
  6. -> at org.fourz.BarterShops.economy.ShopFeeCalculatorTest.setUp(ShopFeeCalculatorTest.java:41)
Please remove unnecessary stubbings or use 'lenient' strictness. More info: javadoc for UnnecessaryStubbingException class.
	at org.mockito.junit.jupiter.MockitoExtension.afterEach(MockitoExtension.java:197)
	at java.base/java.util.ArrayList.forEach(ArrayList.java:1597)
	at java.base/java.util.ArrayList.forEach(ArrayList.java:1597)
	at java.base/java.util.ArrayList.forEach(ArrayList.java:1597)

[INFO] Running org.fourz.BarterShops.economy.ShopFeeCalculatorTest$CostEstimationTests
[ERROR] Tests run: 3, Failures: 0, Errors: 3, Skipped: 0, Time elapsed: 0.020 s <<< FAILURE! -- in org.fourz.BarterShops.economy.ShopFeeCalculatorTest$CostEstimationTests
[ERROR] org.fourz.BarterShops.economy.ShopFeeCalculatorTest$CostEstimationTests.estimateShopCostWithRarity -- Time elapsed: 0.003 s <<< ERROR!
org.mockito.exceptions.misusing.UnnecessaryStubbingException: 

Unnecessary stubbings detected.
Clean & maintainable test code requires zero unnecessary code.
Following stubbings are unnecessary (click to navigate to relevant line of code):
  1. -> at org.fourz.BarterShops.economy.ShopFeeCalculatorTest.setUp(ShopFeeCalculatorTest.java:30)
  2. -> at org.fourz.BarterShops.economy.ShopFeeCalculatorTest.setUp(ShopFeeCalculatorTest.java:31)
  3. -> at org.fourz.BarterShops.economy.ShopFeeCalculatorTest.setUp(ShopFeeCalculatorTest.java:35)
  4. -> at org.fourz.BarterShops.economy.ShopFeeCalculatorTest.setUp(ShopFeeCalculatorTest.java:39)
  5. -> at org.fourz.BarterShops.economy.ShopFeeCalculatorTest.setUp(ShopFeeCalculatorTest.java:40)
  6. -> at org.fourz.BarterShops.economy.ShopFeeCalculatorTest.setUp(ShopFeeCalculatorTest.java:41)
Please remove unnecessary stubbings or use 'lenient' strictness. More info: javadoc for UnnecessaryStubbingException class.
	at org.mockito.junit.jupiter.MockitoExtension.afterEach(MockitoExtension.java:197)
	at java.base/java.util.ArrayList.forEach(ArrayList.java:1597)
	at java.base/java.util.ArrayList.forEach(ArrayList.java:1597)
	at java.base/java.util.ArrayList.forEach(ArrayList.java:1597)

[ERROR] org.fourz.BarterShops.economy.ShopFeeCalculatorTest$CostEstimationTests.estimateNetProfitAfterTax -- Time elapsed: 0.009 s <<< ERROR!
org.mockito.exceptions.misusing.UnnecessaryStubbingException: 

Unnecessary stubbings detected.
Clean & maintainable test code requires zero unnecessary code.
Following stubbings are unnecessary (click to navigate to relevant line of code):
  1. -> at org.fourz.BarterShops.economy.ShopFeeCalculatorTest.setUp(ShopFeeCalculatorTest.java:29)
  2. -> at org.fourz.BarterShops.economy.ShopFeeCalculatorTest.setUp(ShopFeeCalculatorTest.java:30)
  3. -> at org.fourz.BarterShops.economy.ShopFeeCalculatorTest.setUp(ShopFeeCalculatorTest.java:35)
  4. -> at org.fourz.BarterShops.economy.ShopFeeCalculatorTest.setUp(ShopFeeCalculatorTest.java:39)
  5. -> at org.fourz.BarterShops.economy.ShopFeeCalculatorTest.setUp(ShopFeeCalculatorTest.java:40)
  6. -> at org.fourz.BarterShops.economy.ShopFeeCalculatorTest.setUp(ShopFeeCalculatorTest.java:41)
Please remove unnecessary stubbings or use 'lenient' strictness. More info: javadoc for UnnecessaryStubbingException class.
	at org.mockito.junit.jupiter.MockitoExtension.afterEach(MockitoExtension.java:197)
	at java.base/java.util.ArrayList.forEach(ArrayList.java:1597)
	at java.base/java.util.ArrayList.forEach(ArrayList.java:1597)
	at java.base/java.util.ArrayList.forEach(ArrayList.java:1597)

[ERROR] org.fourz.BarterShops.economy.ShopFeeCalculatorTest$CostEstimationTests.estimateNetProfitWithDiscount -- Time elapsed: 0.003 s <<< ERROR!
org.mockito.exceptions.misusing.UnnecessaryStubbingException: 

Unnecessary stubbings detected.
Clean & maintainable test code requires zero unnecessary code.
Following stubbings are unnecessary (click to navigate to relevant line of code):
  1. -> at org.fourz.BarterShops.economy.ShopFeeCalculatorTest.setUp(ShopFeeCalculatorTest.java:29)
  2. -> at org.fourz.BarterShops.economy.ShopFeeCalculatorTest.setUp(ShopFeeCalculatorTest.java:30)
  3. -> at org.fourz.BarterShops.economy.ShopFeeCalculatorTest.setUp(ShopFeeCalculatorTest.java:35)
  4. -> at org.fourz.BarterShops.economy.ShopFeeCalculatorTest.setUp(ShopFeeCalculatorTest.java:39)
  5. -> at org.fourz.BarterShops.economy.ShopFeeCalculatorTest.setUp(ShopFeeCalculatorTest.java:40)
  6. -> at org.fourz.BarterShops.economy.ShopFeeCalculatorTest.setUp(ShopFeeCalculatorTest.java:41)
Please remove unnecessary stubbings or use 'lenient' strictness. More info: javadoc for UnnecessaryStubbingException class.
	at org.mockito.junit.jupiter.MockitoExtension.afterEach(MockitoExtension.java:197)
	at java.base/java.util.ArrayList.forEach(ArrayList.java:1597)
	at java.base/java.util.ArrayList.forEach(ArrayList.java:1597)
	at java.base/java.util.ArrayList.forEach(ArrayList.java:1597)

[INFO] Running org.fourz.BarterShops.economy.ShopFeeCalculatorTest$VolumeDiscountTests
[ERROR] Tests run: 5, Failures: 0, Errors: 5, Skipped: 0, Time elapsed: 0.020 s <<< FAILURE! -- in org.fourz.BarterShops.economy.ShopFeeCalculatorTest$VolumeDiscountTests
[ERROR] org.fourz.BarterShops.economy.ShopFeeCalculatorTest$VolumeDiscountTests.volumeDiscountLargeTradeAbove10k -- Time elapsed: 0.004 s <<< ERROR!
org.mockito.exceptions.misusing.UnnecessaryStubbingException: 

Unnecessary stubbings detected.
Clean & maintainable test code requires zero unnecessary code.
Following stubbings are unnecessary (click to navigate to relevant line of code):
  1. -> at org.fourz.BarterShops.economy.ShopFeeCalculatorTest.setUp(ShopFeeCalculatorTest.java:29)
  2. -> at org.fourz.BarterShops.economy.ShopFeeCalculatorTest.setUp(ShopFeeCalculatorTest.java:30)
  3. -> at org.fourz.BarterShops.economy.ShopFeeCalculatorTest.setUp(ShopFeeCalculatorTest.java:35)
  4. -> at org.fourz.BarterShops.economy.ShopFeeCalculatorTest.setUp(ShopFeeCalculatorTest.java:39)
  5. -> at org.fourz.BarterShops.economy.ShopFeeCalculatorTest.setUp(ShopFeeCalculatorTest.java:40)
  6. -> at org.fourz.BarterShops.economy.ShopFeeCalculatorTest.setUp(ShopFeeCalculatorTest.java:41)
Please remove unnecessary stubbings or use 'lenient' strictness. More info: javadoc for UnnecessaryStubbingException class.
	at org.mockito.junit.jupiter.MockitoExtension.afterEach(MockitoExtension.java:197)
	at java.base/java.util.ArrayList.forEach(ArrayList.java:1597)
	at java.base/java.util.ArrayList.forEach(ArrayList.java:1597)
	at java.base/java.util.ArrayList.forEach(ArrayList.java:1597)

[ERROR] org.fourz.BarterShops.economy.ShopFeeCalculatorTest$VolumeDiscountTests.volumeDiscountMediumTrade5k -- Time elapsed: 0.003 s <<< ERROR!
org.mockito.exceptions.misusing.UnnecessaryStubbingException: 

Unnecessary stubbings detected.
Clean & maintainable test code requires zero unnecessary code.
Following stubbings are unnecessary (click to navigate to relevant line of code):
  1. -> at org.fourz.BarterShops.economy.ShopFeeCalculatorTest.setUp(ShopFeeCalculatorTest.java:29)
  2. -> at org.fourz.BarterShops.economy.ShopFeeCalculatorTest.setUp(ShopFeeCalculatorTest.java:30)
  3. -> at org.fourz.BarterShops.economy.ShopFeeCalculatorTest.setUp(ShopFeeCalculatorTest.java:35)
  4. -> at org.fourz.BarterShops.economy.ShopFeeCalculatorTest.setUp(ShopFeeCalculatorTest.java:39)
  5. -> at org.fourz.BarterShops.economy.ShopFeeCalculatorTest.setUp(ShopFeeCalculatorTest.java:40)
  6. -> at org.fourz.BarterShops.economy.ShopFeeCalculatorTest.setUp(ShopFeeCalculatorTest.java:41)
Please remove unnecessary stubbings or use 'lenient' strictness. More info: javadoc for UnnecessaryStubbingException class.
	at org.mockito.junit.jupiter.MockitoExtension.afterEach(MockitoExtension.java:197)
	at java.base/java.util.ArrayList.forEach(ArrayList.java:1597)
	at java.base/java.util.ArrayList.forEach(ArrayList.java:1597)
	at java.base/java.util.ArrayList.forEach(ArrayList.java:1597)

[ERROR] org.fourz.BarterShops.economy.ShopFeeCalculatorTest$VolumeDiscountTests.volumeDiscountSmallTrade1k -- Time elapsed: 0.002 s <<< ERROR!
org.mockito.exceptions.misusing.UnnecessaryStubbingException: 

Unnecessary stubbings detected.
Clean & maintainable test code requires zero unnecessary code.
Following stubbings are unnecessary (click to navigate to relevant line of code):
  1. -> at org.fourz.BarterShops.economy.ShopFeeCalculatorTest.setUp(ShopFeeCalculatorTest.java:29)
  2. -> at org.fourz.BarterShops.economy.ShopFeeCalculatorTest.setUp(ShopFeeCalculatorTest.java:30)
  3. -> at org.fourz.BarterShops.economy.ShopFeeCalculatorTest.setUp(ShopFeeCalculatorTest.java:35)
  4. -> at org.fourz.BarterShops.economy.ShopFeeCalculatorTest.setUp(ShopFeeCalculatorTest.java:39)
  5. -> at org.fourz.BarterShops.economy.ShopFeeCalculatorTest.setUp(ShopFeeCalculatorTest.java:40)
  6. -> at org.fourz.BarterShops.economy.ShopFeeCalculatorTest.setUp(ShopFeeCalculatorTest.java:41)
Please remove unnecessary stubbings or use 'lenient' strictness. More info: javadoc for UnnecessaryStubbingException class.
	at org.mockito.junit.jupiter.MockitoExtension.afterEach(MockitoExtension.java:197)
	at java.base/java.util.ArrayList.forEach(ArrayList.java:1597)
	at java.base/java.util.ArrayList.forEach(ArrayList.java:1597)
	at java.base/java.util.ArrayList.forEach(ArrayList.java:1597)

[ERROR] org.fourz.BarterShops.economy.ShopFeeCalculatorTest$VolumeDiscountTests.volumeDiscountZeroTax -- Time elapsed: 0.003 s <<< ERROR!
org.mockito.exceptions.misusing.UnnecessaryStubbingException: 

Unnecessary stubbings detected.
Clean & maintainable test code requires zero unnecessary code.
Following stubbings are unnecessary (click to navigate to relevant line of code):
  1. -> at org.fourz.BarterShops.economy.ShopFeeCalculatorTest.setUp(ShopFeeCalculatorTest.java:29)
  2. -> at org.fourz.BarterShops.economy.ShopFeeCalculatorTest.setUp(ShopFeeCalculatorTest.java:30)
  3. -> at org.fourz.BarterShops.economy.ShopFeeCalculatorTest.setUp(ShopFeeCalculatorTest.java:35)
  4. -> at org.fourz.BarterShops.economy.ShopFeeCalculatorTest.setUp(ShopFeeCalculatorTest.java:39)
  5. -> at org.fourz.BarterShops.economy.ShopFeeCalculatorTest.setUp(ShopFeeCalculatorTest.java:40)
  6. -> at org.fourz.BarterShops.economy.ShopFeeCalculatorTest.setUp(ShopFeeCalculatorTest.java:41)
Please remove unnecessary stubbings or use 'lenient' strictness. More info: javadoc for UnnecessaryStubbingException class.
	at org.mockito.junit.jupiter.MockitoExtension.afterEach(MockitoExtension.java:197)
	at java.base/java.util.ArrayList.forEach(ArrayList.java:1597)
	at java.base/java.util.ArrayList.forEach(ArrayList.java:1597)
	at java.base/java.util.ArrayList.forEach(ArrayList.java:1597)

[ERROR] org.fourz.BarterShops.economy.ShopFeeCalculatorTest$VolumeDiscountTests.volumeDiscountNoDiscountUnder1k -- Time elapsed: 0.002 s <<< ERROR!
org.mockito.exceptions.misusing.UnnecessaryStubbingException: 

Unnecessary stubbings detected.
Clean & maintainable test code requires zero unnecessary code.
Following stubbings are unnecessary (click to navigate to relevant line of code):
  1. -> at org.fourz.BarterShops.economy.ShopFeeCalculatorTest.setUp(ShopFeeCalculatorTest.java:29)
  2. -> at org.fourz.BarterShops.economy.ShopFeeCalculatorTest.setUp(ShopFeeCalculatorTest.java:30)
  3. -> at org.fourz.BarterShops.economy.ShopFeeCalculatorTest.setUp(ShopFeeCalculatorTest.java:35)
  4. -> at org.fourz.BarterShops.economy.ShopFeeCalculatorTest.setUp(ShopFeeCalculatorTest.java:39)
  5. -> at org.fourz.BarterShops.economy.ShopFeeCalculatorTest.setUp(ShopFeeCalculatorTest.java:40)
  6. -> at org.fourz.BarterShops.economy.ShopFeeCalculatorTest.setUp(ShopFeeCalculatorTest.java:41)
Please remove unnecessary stubbings or use 'lenient' strictness. More info: javadoc for UnnecessaryStubbingException class.
	at org.mockito.junit.jupiter.MockitoExtension.afterEach(MockitoExtension.java:197)
	at java.base/java.util.ArrayList.forEach(ArrayList.java:1597)
	at java.base/java.util.ArrayList.forEach(ArrayList.java:1597)
	at java.base/java.util.ArrayList.forEach(ArrayList.java:1597)

[INFO] Running org.fourz.BarterShops.economy.ShopFeeCalculatorTest$RarityMultiplierTests
[ERROR] Tests run: 6, Failures: 0, Errors: 6, Skipped: 0, Time elapsed: 0.022 s <<< FAILURE! -- in org.fourz.BarterShops.economy.ShopFeeCalculatorTest$RarityMultiplierTests
[ERROR] org.fourz.BarterShops.economy.ShopFeeCalculatorTest$RarityMultiplierTests.rarityMultiplierNetherite -- Time elapsed: 0.003 s <<< ERROR!
org.mockito.exceptions.misusing.UnnecessaryStubbingException: 

Unnecessary stubbings detected.
Clean & maintainable test code requires zero unnecessary code.
Following stubbings are unnecessary (click to navigate to relevant line of code):
  1. -> at org.fourz.BarterShops.economy.ShopFeeCalculatorTest.setUp(ShopFeeCalculatorTest.java:30)
  2. -> at org.fourz.BarterShops.economy.ShopFeeCalculatorTest.setUp(ShopFeeCalculatorTest.java:31)
  3. -> at org.fourz.BarterShops.economy.ShopFeeCalculatorTest.setUp(ShopFeeCalculatorTest.java:35)
  4. -> at org.fourz.BarterShops.economy.ShopFeeCalculatorTest.setUp(ShopFeeCalculatorTest.java:39)
  5. -> at org.fourz.BarterShops.economy.ShopFeeCalculatorTest.setUp(ShopFeeCalculatorTest.java:40)
  6. -> at org.fourz.BarterShops.economy.ShopFeeCalculatorTest.setUp(ShopFeeCalculatorTest.java:41)
Please remove unnecessary stubbings or use 'lenient' strictness. More info: javadoc for UnnecessaryStubbingException class.
	at org.mockito.junit.jupiter.MockitoExtension.afterEach(MockitoExtension.java:197)
	at java.base/java.util.ArrayList.forEach(ArrayList.java:1597)
	at java.base/java.util.ArrayList.forEach(ArrayList.java:1597)
	at java.base/java.util.ArrayList.forEach(ArrayList.java:1597)

[ERROR] org.fourz.BarterShops.economy.ShopFeeCalculatorTest$RarityMultiplierTests.rarityMultiplierNullItem -- Time elapsed: 0.003 s <<< ERROR!
org.mockito.exceptions.misusing.UnnecessaryStubbingException: 

Unnecessary stubbings detected.
Clean & maintainable test code requires zero unnecessary code.
Following stubbings are unnecessary (click to navigate to relevant line of code):
  1. -> at org.fourz.BarterShops.economy.ShopFeeCalculatorTest.setUp(ShopFeeCalculatorTest.java:30)
  2. -> at org.fourz.BarterShops.economy.ShopFeeCalculatorTest.setUp(ShopFeeCalculatorTest.java:31)
  3. -> at org.fourz.BarterShops.economy.ShopFeeCalculatorTest.setUp(ShopFeeCalculatorTest.java:35)
  4. -> at org.fourz.BarterShops.economy.ShopFeeCalculatorTest.setUp(ShopFeeCalculatorTest.java:39)
  5. -> at org.fourz.BarterShops.economy.ShopFeeCalculatorTest.setUp(ShopFeeCalculatorTest.java:40)
  6. -> at org.fourz.BarterShops.economy.ShopFeeCalculatorTest.setUp(ShopFeeCalculatorTest.java:41)
Please remove unnecessary stubbings or use 'lenient' strictness. More info: javadoc for UnnecessaryStubbingException class.
	at org.mockito.junit.jupiter.MockitoExtension.afterEach(MockitoExtension.java:197)
	at java.base/java.util.ArrayList.forEach(ArrayList.java:1597)
	at java.base/java.util.ArrayList.forEach(ArrayList.java:1597)
	at java.base/java.util.ArrayList.forEach(ArrayList.java:1597)

[ERROR] org.fourz.BarterShops.economy.ShopFeeCalculatorTest$RarityMultiplierTests.rarityMultiplierCommon -- Time elapsed: 0.003 s <<< ERROR!
org.mockito.exceptions.misusing.UnnecessaryStubbingException: 

Unnecessary stubbings detected.
Clean & maintainable test code requires zero unnecessary code.
Following stubbings are unnecessary (click to navigate to relevant line of code):
  1. -> at org.fourz.BarterShops.economy.ShopFeeCalculatorTest.setUp(ShopFeeCalculatorTest.java:30)
  2. -> at org.fourz.BarterShops.economy.ShopFeeCalculatorTest.setUp(ShopFeeCalculatorTest.java:31)
  3. -> at org.fourz.BarterShops.economy.ShopFeeCalculatorTest.setUp(ShopFeeCalculatorTest.java:35)
  4. -> at org.fourz.BarterShops.economy.ShopFeeCalculatorTest.setUp(ShopFeeCalculatorTest.java:39)
  5. -> at org.fourz.BarterShops.economy.ShopFeeCalculatorTest.setUp(ShopFeeCalculatorTest.java:40)
  6. -> at org.fourz.BarterShops.economy.ShopFeeCalculatorTest.setUp(ShopFeeCalculatorTest.java:41)
Please remove unnecessary stubbings or use 'lenient' strictness. More info: javadoc for UnnecessaryStubbingException class.
	at org.mockito.junit.jupiter.MockitoExtension.afterEach(MockitoExtension.java:197)
	at java.base/java.util.ArrayList.forEach(ArrayList.java:1597)
	at java.base/java.util.ArrayList.forEach(ArrayList.java:1597)
	at java.base/java.util.ArrayList.forEach(ArrayList.java:1597)

[ERROR] org.fourz.BarterShops.economy.ShopFeeCalculatorTest$RarityMultiplierTests.rarityMultiplierElytra -- Time elapsed: 0.003 s <<< ERROR!
org.mockito.exceptions.misusing.UnnecessaryStubbingException: 

Unnecessary stubbings detected.
Clean & maintainable test code requires zero unnecessary code.
Following stubbings are unnecessary (click to navigate to relevant line of code):
  1. -> at org.fourz.BarterShops.economy.ShopFeeCalculatorTest.setUp(ShopFeeCalculatorTest.java:30)
  2. -> at org.fourz.BarterShops.economy.ShopFeeCalculatorTest.setUp(ShopFeeCalculatorTest.java:31)
  3. -> at org.fourz.BarterShops.economy.ShopFeeCalculatorTest.setUp(ShopFeeCalculatorTest.java:35)
  4. -> at org.fourz.BarterShops.economy.ShopFeeCalculatorTest.setUp(ShopFeeCalculatorTest.java:39)
  5. -> at org.fourz.BarterShops.economy.ShopFeeCalculatorTest.setUp(ShopFeeCalculatorTest.java:40)
  6. -> at org.fourz.BarterShops.economy.ShopFeeCalculatorTest.setUp(ShopFeeCalculatorTest.java:41)
Please remove unnecessary stubbings or use 'lenient' strictness. More info: javadoc for UnnecessaryStubbingException class.
	at org.mockito.junit.jupiter.MockitoExtension.afterEach(MockitoExtension.java:197)
	at java.base/java.util.ArrayList.forEach(ArrayList.java:1597)
	at java.base/java.util.ArrayList.forEach(ArrayList.java:1597)
	at java.base/java.util.ArrayList.forEach(ArrayList.java:1597)

[ERROR] org.fourz.BarterShops.economy.ShopFeeCalculatorTest$RarityMultiplierTests.rarityMultiplierDiamond -- Time elapsed: 0.003 s <<< ERROR!
org.mockito.exceptions.misusing.UnnecessaryStubbingException: 

Unnecessary stubbings detected.
Clean & maintainable test code requires zero unnecessary code.
Following stubbings are unnecessary (click to navigate to relevant line of code):
  1. -> at org.fourz.BarterShops.economy.ShopFeeCalculatorTest.setUp(ShopFeeCalculatorTest.java:30)
  2. -> at org.fourz.BarterShops.economy.ShopFeeCalculatorTest.setUp(ShopFeeCalculatorTest.java:31)
  3. -> at org.fourz.BarterShops.economy.ShopFeeCalculatorTest.setUp(ShopFeeCalculatorTest.java:35)
  4. -> at org.fourz.BarterShops.economy.ShopFeeCalculatorTest.setUp(ShopFeeCalculatorTest.java:39)
  5. -> at org.fourz.BarterShops.economy.ShopFeeCalculatorTest.setUp(ShopFeeCalculatorTest.java:40)
  6. -> at org.fourz.BarterShops.economy.ShopFeeCalculatorTest.setUp(ShopFeeCalculatorTest.java:41)
Please remove unnecessary stubbings or use 'lenient' strictness. More info: javadoc for UnnecessaryStubbingException class.
	at org.mockito.junit.jupiter.MockitoExtension.afterEach(MockitoExtension.java:197)
	at java.base/java.util.ArrayList.forEach(ArrayList.java:1597)
	at java.base/java.util.ArrayList.forEach(ArrayList.java:1597)
	at java.base/java.util.ArrayList.forEach(ArrayList.java:1597)

[ERROR] org.fourz.BarterShops.economy.ShopFeeCalculatorTest$RarityMultiplierTests.rarityMultiplierDragonEgg -- Time elapsed: 0.001 s <<< ERROR!
org.mockito.exceptions.misusing.UnnecessaryStubbingException: 

Unnecessary stubbings detected.
Clean & maintainable test code requires zero unnecessary code.
Following stubbings are unnecessary (click to navigate to relevant line of code):
  1. -> at org.fourz.BarterShops.economy.ShopFeeCalculatorTest.setUp(ShopFeeCalculatorTest.java:30)
  2. -> at org.fourz.BarterShops.economy.ShopFeeCalculatorTest.setUp(ShopFeeCalculatorTest.java:31)
  3. -> at org.fourz.BarterShops.economy.ShopFeeCalculatorTest.setUp(ShopFeeCalculatorTest.java:35)
  4. -> at org.fourz.BarterShops.economy.ShopFeeCalculatorTest.setUp(ShopFeeCalculatorTest.java:39)
  5. -> at org.fourz.BarterShops.economy.ShopFeeCalculatorTest.setUp(ShopFeeCalculatorTest.java:40)
  6. -> at org.fourz.BarterShops.economy.ShopFeeCalculatorTest.setUp(ShopFeeCalculatorTest.java:41)
Please remove unnecessary stubbings or use 'lenient' strictness. More info: javadoc for UnnecessaryStubbingException class.
	at org.mockito.junit.jupiter.MockitoExtension.afterEach(MockitoExtension.java:197)
	at java.base/java.util.ArrayList.forEach(ArrayList.java:1597)
	at java.base/java.util.ArrayList.forEach(ArrayList.java:1597)
	at java.base/java.util.ArrayList.forEach(ArrayList.java:1597)

[INFO] Running org.fourz.BarterShops.economy.ShopFeeCalculatorTest$BasicFeeCalculationTests
[ERROR] Tests run: 3, Failures: 0, Errors: 3, Skipped: 0, Time elapsed: 0.019 s <<< FAILURE! -- in org.fourz.BarterShops.economy.ShopFeeCalculatorTest$BasicFeeCalculationTests
[ERROR] org.fourz.BarterShops.economy.ShopFeeCalculatorTest$BasicFeeCalculationTests.calculateListingFeeReturnsFee -- Time elapsed: 0.002 s <<< ERROR!
org.mockito.exceptions.misusing.UnnecessaryStubbingException: 

Unnecessary stubbings detected.
Clean & maintainable test code requires zero unnecessary code.
Following stubbings are unnecessary (click to navigate to relevant line of code):
  1. -> at org.fourz.BarterShops.economy.ShopFeeCalculatorTest.setUp(ShopFeeCalculatorTest.java:30)
  2. -> at org.fourz.BarterShops.economy.ShopFeeCalculatorTest.setUp(ShopFeeCalculatorTest.java:31)
  3. -> at org.fourz.BarterShops.economy.ShopFeeCalculatorTest.setUp(ShopFeeCalculatorTest.java:35)
  4. -> at org.fourz.BarterShops.economy.ShopFeeCalculatorTest.setUp(ShopFeeCalculatorTest.java:39)
  5. -> at org.fourz.BarterShops.economy.ShopFeeCalculatorTest.setUp(ShopFeeCalculatorTest.java:40)
  6. -> at org.fourz.BarterShops.economy.ShopFeeCalculatorTest.setUp(ShopFeeCalculatorTest.java:41)
Please remove unnecessary stubbings or use 'lenient' strictness. More info: javadoc for UnnecessaryStubbingException class.
	at org.mockito.junit.jupiter.MockitoExtension.afterEach(MockitoExtension.java:197)
	at java.base/java.util.ArrayList.forEach(ArrayList.java:1597)
	at java.base/java.util.ArrayList.forEach(ArrayList.java:1597)
	at java.base/java.util.ArrayList.forEach(ArrayList.java:1597)

[ERROR] org.fourz.BarterShops.economy.ShopFeeCalculatorTest$BasicFeeCalculationTests.calculateListingFeeCurrencyShops -- Time elapsed: 0.002 s <<< ERROR!
org.mockito.exceptions.misusing.UnnecessaryStubbingException: 

Unnecessary stubbings detected.
Clean & maintainable test code requires zero unnecessary code.
Following stubbings are unnecessary (click to navigate to relevant line of code):
  1. -> at org.fourz.BarterShops.economy.ShopFeeCalculatorTest.setUp(ShopFeeCalculatorTest.java:29)
  2. -> at org.fourz.BarterShops.economy.ShopFeeCalculatorTest.setUp(ShopFeeCalculatorTest.java:31)
  3. -> at org.fourz.BarterShops.economy.ShopFeeCalculatorTest.setUp(ShopFeeCalculatorTest.java:35)
  4. -> at org.fourz.BarterShops.economy.ShopFeeCalculatorTest.setUp(ShopFeeCalculatorTest.java:39)
  5. -> at org.fourz.BarterShops.economy.ShopFeeCalculatorTest.setUp(ShopFeeCalculatorTest.java:40)
  6. -> at org.fourz.BarterShops.economy.ShopFeeCalculatorTest.setUp(ShopFeeCalculatorTest.java:41)
Please remove unnecessary stubbings or use 'lenient' strictness. More info: javadoc for UnnecessaryStubbingException class.
	at org.mockito.junit.jupiter.MockitoExtension.afterEach(MockitoExtension.java:197)
	at java.base/java.util.ArrayList.forEach(ArrayList.java:1597)
	at java.base/java.util.ArrayList.forEach(ArrayList.java:1597)
	at java.base/java.util.ArrayList.forEach(ArrayList.java:1597)

[ERROR] org.fourz.BarterShops.economy.ShopFeeCalculatorTest$BasicFeeCalculationTests.calculateTradeTaxReturnsPercentage -- Time elapsed: 0 s <<< ERROR!
org.mockito.exceptions.misusing.UnnecessaryStubbingException: 

Unnecessary stubbings detected.
Clean & maintainable test code requires zero unnecessary code.
Following stubbings are unnecessary (click to navigate to relevant line of code):
  1. -> at org.fourz.BarterShops.economy.ShopFeeCalculatorTest.setUp(ShopFeeCalculatorTest.java:29)
  2. -> at org.fourz.BarterShops.economy.ShopFeeCalculatorTest.setUp(ShopFeeCalculatorTest.java:30)
  3. -> at org.fourz.BarterShops.economy.ShopFeeCalculatorTest.setUp(ShopFeeCalculatorTest.java:35)
  4. -> at org.fourz.BarterShops.economy.ShopFeeCalculatorTest.setUp(ShopFeeCalculatorTest.java:39)
  5. -> at org.fourz.BarterShops.economy.ShopFeeCalculatorTest.setUp(ShopFeeCalculatorTest.java:40)
  6. -> at org.fourz.BarterShops.economy.ShopFeeCalculatorTest.setUp(ShopFeeCalculatorTest.java:41)
Please remove unnecessary stubbings or use 'lenient' strictness. More info: javadoc for UnnecessaryStubbingException class.
	at org.mockito.junit.jupiter.MockitoExtension.afterEach(MockitoExtension.java:197)
	at java.base/java.util.ArrayList.forEach(ArrayList.java:1597)
	at java.base/java.util.ArrayList.forEach(ArrayList.java:1597)
	at java.base/java.util.ArrayList.forEach(ArrayList.java:1597)

[INFO] Tests run: 0, Failures: 0, Errors: 0, Skipped: 0, Time elapsed: 0.682 s -- in org.fourz.BarterShops.economy.ShopFeeCalculatorTest
[INFO] Running org.fourz.BarterShops.protection.ProtectionManagerTest
[INFO] Running org.fourz.BarterShops.protection.ProtectionManagerTest$StateValidationTests
[ERROR] Tests run: 3, Failures: 0, Errors: 3, Skipped: 0, Time elapsed: 0.639 s <<< FAILURE! -- in org.fourz.BarterShops.protection.ProtectionManagerTest$StateValidationTests
[ERROR] org.fourz.BarterShops.protection.ProtectionManagerTest$StateValidationTests.getAutoProtectRadiusReturnsValue -- Time elapsed: 0.629 s <<< ERROR!
java.lang.NullPointerException: Cannot invoke "java.util.logging.Logger.info(String)" because "<local3>.logger" is null
	at org.fourz.rvnkcore.util.log.LogManager.info(LogManager.java:123)
	at org.fourz.BarterShops.protection.ProtectionManager.initializeProvider(ProtectionManager.java:88)
	at org.fourz.BarterShops.protection.ProtectionManager.<init>(ProtectionManager.java:31)
	at org.fourz.BarterShops.protection.ProtectionManagerTest$StateValidationTests.setUpStateTests(ProtectionManagerTest.java:492)
	at java.base/java.lang.reflect.Method.invoke(Method.java:580)
	at java.base/java.util.ArrayList.forEach(ArrayList.java:1597)
	at java.base/java.util.ArrayList.forEach(ArrayList.java:1597)
	at java.base/java.util.ArrayList.forEach(ArrayList.java:1597)

[ERROR] org.fourz.BarterShops.protection.ProtectionManagerTest$StateValidationTests.getMaxShopsPerPlayerReturnsValue -- Time elapsed: 0.002 s <<< ERROR!
java.lang.NullPointerException: Cannot invoke "java.util.logging.Logger.info(String)" because "<local3>.logger" is null
	at org.fourz.rvnkcore.util.log.LogManager.info(LogManager.java:123)
	at org.fourz.BarterShops.protection.ProtectionManager.initializeProvider(ProtectionManager.java:88)
	at org.fourz.BarterShops.protection.ProtectionManager.<init>(ProtectionManager.java:31)
	at org.fourz.BarterShops.protection.ProtectionManagerTest$StateValidationTests.setUpStateTests(ProtectionManagerTest.java:492)
	at java.base/java.lang.reflect.Method.invoke(Method.java:580)
	at java.base/java.util.ArrayList.forEach(ArrayList.java:1597)
	at java.base/java.util.ArrayList.forEach(ArrayList.java:1597)
	at java.base/java.util.ArrayList.forEach(ArrayList.java:1597)

[ERROR] org.fourz.BarterShops.protection.ProtectionManagerTest$StateValidationTests.isEnabledReflectsConfig -- Time elapsed: 0 s <<< ERROR!
java.lang.NullPointerException: Cannot invoke "java.util.logging.Logger.info(String)" because "<local3>.logger" is null
	at org.fourz.rvnkcore.util.log.LogManager.info(LogManager.java:123)
	at org.fourz.BarterShops.protection.ProtectionManager.initializeProvider(ProtectionManager.java:88)
	at org.fourz.BarterShops.protection.ProtectionManager.<init>(ProtectionManager.java:31)
	at org.fourz.BarterShops.protection.ProtectionManagerTest$StateValidationTests.setUpStateTests(ProtectionManagerTest.java:492)
	at java.base/java.lang.reflect.Method.invoke(Method.java:580)
	at java.base/java.util.ArrayList.forEach(ArrayList.java:1597)
	at java.base/java.util.ArrayList.forEach(ArrayList.java:1597)
	at java.base/java.util.ArrayList.forEach(ArrayList.java:1597)

[INFO] Running org.fourz.BarterShops.protection.ProtectionManagerTest$CleanupTests
[ERROR] Tests run: 2, Failures: 0, Errors: 2, Skipped: 0, Time elapsed: 0.014 s <<< FAILURE! -- in org.fourz.BarterShops.protection.ProtectionManagerTest$CleanupTests
[ERROR] org.fourz.BarterShops.protection.ProtectionManagerTest$CleanupTests.cleanupClearsProvider -- Time elapsed: 0.002 s <<< ERROR!
java.lang.NullPointerException: Cannot invoke "java.util.logging.Logger.info(String)" because "<local3>.logger" is null
	at org.fourz.rvnkcore.util.log.LogManager.info(LogManager.java:123)
	at org.fourz.BarterShops.protection.ProtectionManager.initializeProvider(ProtectionManager.java:88)
	at org.fourz.BarterShops.protection.ProtectionManager.<init>(ProtectionManager.java:31)
	at org.fourz.BarterShops.protection.ProtectionManagerTest$CleanupTests.setUpCleanupTests(ProtectionManagerTest.java:461)
	at java.base/java.lang.reflect.Method.invoke(Method.java:580)
	at java.base/java.util.ArrayList.forEach(ArrayList.java:1597)
	at java.base/java.util.ArrayList.forEach(ArrayList.java:1597)
	at java.base/java.util.ArrayList.forEach(ArrayList.java:1597)

[ERROR] org.fourz.BarterShops.protection.ProtectionManagerTest$CleanupTests.cleanupExecutesSuccessfully -- Time elapsed: 0.011 s <<< ERROR!
java.lang.NullPointerException: Cannot invoke "java.util.logging.Logger.info(String)" because "<local3>.logger" is null
	at org.fourz.rvnkcore.util.log.LogManager.info(LogManager.java:123)
	at org.fourz.BarterShops.protection.ProtectionManager.initializeProvider(ProtectionManager.java:88)
	at org.fourz.BarterShops.protection.ProtectionManager.<init>(ProtectionManager.java:31)
	at org.fourz.BarterShops.protection.ProtectionManagerTest$CleanupTests.setUpCleanupTests(ProtectionManagerTest.java:461)
	at java.base/java.lang.reflect.Method.invoke(Method.java:580)
	at java.base/java.util.ArrayList.forEach(ArrayList.java:1597)
	at java.base/java.util.ArrayList.forEach(ArrayList.java:1597)
	at java.base/java.util.ArrayList.forEach(ArrayList.java:1597)

[INFO] Running org.fourz.BarterShops.protection.ProtectionManagerTest$ReloadTests
[ERROR] Tests run: 3, Failures: 0, Errors: 3, Skipped: 0, Time elapsed: 0.017 s <<< FAILURE! -- in org.fourz.BarterShops.protection.ProtectionManagerTest$ReloadTests
[ERROR] org.fourz.BarterShops.protection.ProtectionManagerTest$ReloadTests.reloadUpdatesMaxShops -- Time elapsed: 0.007 s <<< ERROR!
java.lang.NullPointerException: Cannot invoke "java.util.logging.Logger.info(String)" because "<local3>.logger" is null
	at org.fourz.rvnkcore.util.log.LogManager.info(LogManager.java:123)
	at org.fourz.BarterShops.protection.ProtectionManager.initializeProvider(ProtectionManager.java:88)
	at org.fourz.BarterShops.protection.ProtectionManager.<init>(ProtectionManager.java:31)
	at org.fourz.BarterShops.protection.ProtectionManagerTest$ReloadTests.setUpReloadTests(ProtectionManagerTest.java:417)
	at java.base/java.lang.reflect.Method.invoke(Method.java:580)
	at java.base/java.util.ArrayList.forEach(ArrayList.java:1597)
	at java.base/java.util.ArrayList.forEach(ArrayList.java:1597)
	at java.base/java.util.ArrayList.forEach(ArrayList.java:1597)

[ERROR] org.fourz.BarterShops.protection.ProtectionManagerTest$ReloadTests.reloadReloadsConfig -- Time elapsed: 0 s <<< ERROR!
java.lang.NullPointerException: Cannot invoke "java.util.logging.Logger.info(String)" because "<local3>.logger" is null
	at org.fourz.rvnkcore.util.log.LogManager.info(LogManager.java:123)
	at org.fourz.BarterShops.protection.ProtectionManager.initializeProvider(ProtectionManager.java:88)
	at org.fourz.BarterShops.protection.ProtectionManager.<init>(ProtectionManager.java:31)
	at org.fourz.BarterShops.protection.ProtectionManagerTest$ReloadTests.setUpReloadTests(ProtectionManagerTest.java:417)
	at java.base/java.lang.reflect.Method.invoke(Method.java:580)
	at java.base/java.util.ArrayList.forEach(ArrayList.java:1597)
	at java.base/java.util.ArrayList.forEach(ArrayList.java:1597)
	at java.base/java.util.ArrayList.forEach(ArrayList.java:1597)

[ERROR] org.fourz.BarterShops.protection.ProtectionManagerTest$ReloadTests.reloadReinitializesProvider -- Time elapsed: 0.008 s <<< ERROR!
java.lang.NullPointerException: Cannot invoke "java.util.logging.Logger.info(String)" because "<local3>.logger" is null
	at org.fourz.rvnkcore.util.log.LogManager.info(LogManager.java:123)
	at org.fourz.BarterShops.protection.ProtectionManager.initializeProvider(ProtectionManager.java:88)
	at org.fourz.BarterShops.protection.ProtectionManager.<init>(ProtectionManager.java:31)
	at org.fourz.BarterShops.protection.ProtectionManagerTest$ReloadTests.setUpReloadTests(ProtectionManagerTest.java:417)
	at java.base/java.lang.reflect.Method.invoke(Method.java:580)
	at java.base/java.util.ArrayList.forEach(ArrayList.java:1597)
	at java.base/java.util.ArrayList.forEach(ArrayList.java:1597)
	at java.base/java.util.ArrayList.forEach(ArrayList.java:1597)

[INFO] Running org.fourz.BarterShops.protection.ProtectionManagerTest$InformationRetrievalTests
[ERROR] Tests run: 2, Failures: 0, Errors: 2, Skipped: 0, Time elapsed: 0.015 s <<< FAILURE! -- in org.fourz.BarterShops.protection.ProtectionManagerTest$InformationRetrievalTests
[ERROR] org.fourz.BarterShops.protection.ProtectionManagerTest$InformationRetrievalTests.getProtectionInfoDelegatesToProvider -- Time elapsed: 0 s <<< ERROR!
java.lang.NullPointerException: Cannot invoke "java.util.logging.Logger.info(String)" because "<local3>.logger" is null
	at org.fourz.rvnkcore.util.log.LogManager.info(LogManager.java:123)
	at org.fourz.BarterShops.protection.ProtectionManager.initializeProvider(ProtectionManager.java:88)
	at org.fourz.BarterShops.protection.ProtectionManager.<init>(ProtectionManager.java:31)
	at org.fourz.BarterShops.protection.ProtectionManagerTest$InformationRetrievalTests.setUpInfoTests(ProtectionManagerTest.java:389)
	at java.base/java.lang.reflect.Method.invoke(Method.java:580)
	at java.base/java.util.ArrayList.forEach(ArrayList.java:1597)
	at java.base/java.util.ArrayList.forEach(ArrayList.java:1597)
	at java.base/java.util.ArrayList.forEach(ArrayList.java:1597)

[ERROR] org.fourz.BarterShops.protection.ProtectionManagerTest$InformationRetrievalTests.getProviderReturnsProvider -- Time elapsed: 0.006 s <<< ERROR!
java.lang.NullPointerException: Cannot invoke "java.util.logging.Logger.info(String)" because "<local3>.logger" is null
	at org.fourz.rvnkcore.util.log.LogManager.info(LogManager.java:123)
	at org.fourz.BarterShops.protection.ProtectionManager.initializeProvider(ProtectionManager.java:88)
	at org.fourz.BarterShops.protection.ProtectionManager.<init>(ProtectionManager.java:31)
	at org.fourz.BarterShops.protection.ProtectionManagerTest$InformationRetrievalTests.setUpInfoTests(ProtectionManagerTest.java:389)
	at java.base/java.lang.reflect.Method.invoke(Method.java:580)
	at java.base/java.util.ArrayList.forEach(ArrayList.java:1597)
	at java.base/java.util.ArrayList.forEach(ArrayList.java:1597)
	at java.base/java.util.ArrayList.forEach(ArrayList.java:1597)

[INFO] Running org.fourz.BarterShops.protection.ProtectionManagerTest$BuildPermissionTests
[ERROR] Tests run: 2, Failures: 0, Errors: 2, Skipped: 0, Time elapsed: 0.011 s <<< FAILURE! -- in org.fourz.BarterShops.protection.ProtectionManagerTest$BuildPermissionTests
[ERROR] org.fourz.BarterShops.protection.ProtectionManagerTest$BuildPermissionTests.canPlayerModifyWhenDisabled -- Time elapsed: 0.005 s <<< ERROR!
java.lang.NullPointerException: Cannot invoke "java.util.logging.Logger.info(String)" because "<local3>.logger" is null
	at org.fourz.rvnkcore.util.log.LogManager.info(LogManager.java:123)
	at org.fourz.BarterShops.protection.ProtectionManager.initializeProvider(ProtectionManager.java:88)
	at org.fourz.BarterShops.protection.ProtectionManager.<init>(ProtectionManager.java:31)
	at org.fourz.BarterShops.protection.ProtectionManagerTest$BuildPermissionTests.setUpPermissionTests(ProtectionManagerTest.java:356)
	at java.base/java.lang.reflect.Method.invoke(Method.java:580)
	at java.base/java.util.ArrayList.forEach(ArrayList.java:1597)
	at java.base/java.util.ArrayList.forEach(ArrayList.java:1597)
	at java.base/java.util.ArrayList.forEach(ArrayList.java:1597)

[ERROR] org.fourz.BarterShops.protection.ProtectionManagerTest$BuildPermissionTests.canPlayerModifyDelegatesToProvider -- Time elapsed: 0.004 s <<< ERROR!
java.lang.NullPointerException: Cannot invoke "java.util.logging.Logger.info(String)" because "<local3>.logger" is null
	at org.fourz.rvnkcore.util.log.LogManager.info(LogManager.java:123)
	at org.fourz.BarterShops.protection.ProtectionManager.initializeProvider(ProtectionManager.java:88)
	at org.fourz.BarterShops.protection.ProtectionManager.<init>(ProtectionManager.java:31)
	at org.fourz.BarterShops.protection.ProtectionManagerTest$BuildPermissionTests.setUpPermissionTests(ProtectionManagerTest.java:356)
	at java.base/java.lang.reflect.Method.invoke(Method.java:580)
	at java.base/java.util.ArrayList.forEach(ArrayList.java:1597)
	at java.base/java.util.ArrayList.forEach(ArrayList.java:1597)
	at java.base/java.util.ArrayList.forEach(ArrayList.java:1597)

[INFO] Running org.fourz.BarterShops.protection.ProtectionManagerTest$ShopProtectionTests
[ERROR] Tests run: 4, Failures: 0, Errors: 4, Skipped: 0, Time elapsed: 0.038 s <<< FAILURE! -- in org.fourz.BarterShops.protection.ProtectionManagerTest$ShopProtectionTests
[ERROR] org.fourz.BarterShops.protection.ProtectionManagerTest$ShopProtectionTests.protectShopWhenDisabled -- Time elapsed: 0.013 s <<< ERROR!
java.lang.NullPointerException: Cannot invoke "java.util.logging.Logger.info(String)" because "<local3>.logger" is null
	at org.fourz.rvnkcore.util.log.LogManager.info(LogManager.java:123)
	at org.fourz.BarterShops.protection.ProtectionManager.initializeProvider(ProtectionManager.java:88)
	at org.fourz.BarterShops.protection.ProtectionManager.<init>(ProtectionManager.java:31)
	at org.fourz.BarterShops.protection.ProtectionManagerTest$ShopProtectionTests.setUpProtectionTests(ProtectionManagerTest.java:304)
	at java.base/java.lang.reflect.Method.invoke(Method.java:580)
	at java.base/java.util.ArrayList.forEach(ArrayList.java:1597)
	at java.base/java.util.ArrayList.forEach(ArrayList.java:1597)
	at java.base/java.util.ArrayList.forEach(ArrayList.java:1597)

[ERROR] org.fourz.BarterShops.protection.ProtectionManagerTest$ShopProtectionTests.protectShopDelegatesToProvider -- Time elapsed: 0.005 s <<< ERROR!
java.lang.NullPointerException: Cannot invoke "java.util.logging.Logger.info(String)" because "<local3>.logger" is null
	at org.fourz.rvnkcore.util.log.LogManager.info(LogManager.java:123)
	at org.fourz.BarterShops.protection.ProtectionManager.initializeProvider(ProtectionManager.java:88)
	at org.fourz.BarterShops.protection.ProtectionManager.<init>(ProtectionManager.java:31)
	at org.fourz.BarterShops.protection.ProtectionManagerTest$ShopProtectionTests.setUpProtectionTests(ProtectionManagerTest.java:304)
	at java.base/java.lang.reflect.Method.invoke(Method.java:580)
	at java.base/java.util.ArrayList.forEach(ArrayList.java:1597)
	at java.base/java.util.ArrayList.forEach(ArrayList.java:1597)
	at java.base/java.util.ArrayList.forEach(ArrayList.java:1597)

[ERROR] org.fourz.BarterShops.protection.ProtectionManagerTest$ShopProtectionTests.unprotectShopDelegatesToProvider -- Time elapsed: 0.006 s <<< ERROR!
java.lang.NullPointerException: Cannot invoke "java.util.logging.Logger.info(String)" because "<local3>.logger" is null
	at org.fourz.rvnkcore.util.log.LogManager.info(LogManager.java:123)
	at org.fourz.BarterShops.protection.ProtectionManager.initializeProvider(ProtectionManager.java:88)
	at org.fourz.BarterShops.protection.ProtectionManager.<init>(ProtectionManager.java:31)
	at org.fourz.BarterShops.protection.ProtectionManagerTest$ShopProtectionTests.setUpProtectionTests(ProtectionManagerTest.java:304)
	at java.base/java.lang.reflect.Method.invoke(Method.java:580)
	at java.base/java.util.ArrayList.forEach(ArrayList.java:1597)
	at java.base/java.util.ArrayList.forEach(ArrayList.java:1597)
	at java.base/java.util.ArrayList.forEach(ArrayList.java:1597)

[ERROR] org.fourz.BarterShops.protection.ProtectionManagerTest$ShopProtectionTests.unprotectShopWhenDisabled -- Time elapsed: 0.008 s <<< ERROR!
java.lang.NullPointerException: Cannot invoke "java.util.logging.Logger.info(String)" because "<local3>.logger" is null
	at org.fourz.rvnkcore.util.log.LogManager.info(LogManager.java:123)
	at org.fourz.BarterShops.protection.ProtectionManager.initializeProvider(ProtectionManager.java:88)
	at org.fourz.BarterShops.protection.ProtectionManager.<init>(ProtectionManager.java:31)
	at org.fourz.BarterShops.protection.ProtectionManagerTest$ShopProtectionTests.setUpProtectionTests(ProtectionManagerTest.java:304)
	at java.base/java.lang.reflect.Method.invoke(Method.java:580)
	at java.base/java.util.ArrayList.forEach(ArrayList.java:1597)
	at java.base/java.util.ArrayList.forEach(ArrayList.java:1597)
	at java.base/java.util.ArrayList.forEach(ArrayList.java:1597)

[INFO] Running org.fourz.BarterShops.protection.ProtectionManagerTest$PlayerLimitTests
[ERROR] Tests run: 4, Failures: 0, Errors: 4, Skipped: 0, Time elapsed: 0.023 s <<< FAILURE! -- in org.fourz.BarterShops.protection.ProtectionManagerTest$PlayerLimitTests
[ERROR] org.fourz.BarterShops.protection.ProtectionManagerTest$PlayerLimitTests.canCreateShopWhenOperator -- Time elapsed: 0.006 s <<< ERROR!
java.lang.NullPointerException: Cannot invoke "java.util.logging.Logger.info(String)" because "<local3>.logger" is null
	at org.fourz.rvnkcore.util.log.LogManager.info(LogManager.java:123)
	at org.fourz.BarterShops.protection.ProtectionManager.initializeProvider(ProtectionManager.java:88)
	at org.fourz.BarterShops.protection.ProtectionManager.<init>(ProtectionManager.java:31)
	at org.fourz.BarterShops.protection.ProtectionManagerTest$PlayerLimitTests.setUpLimitTests(ProtectionManagerTest.java:251)
	at java.base/java.lang.reflect.Method.invoke(Method.java:580)
	at java.base/java.util.ArrayList.forEach(ArrayList.java:1597)
	at java.base/java.util.ArrayList.forEach(ArrayList.java:1597)
	at java.base/java.util.ArrayList.forEach(ArrayList.java:1597)

[ERROR] org.fourz.BarterShops.protection.ProtectionManagerTest$PlayerLimitTests.canCreateShopWhenDisabled -- Time elapsed: 0.007 s <<< ERROR!
java.lang.NullPointerException: Cannot invoke "java.util.logging.Logger.info(String)" because "<local3>.logger" is null
	at org.fourz.rvnkcore.util.log.LogManager.info(LogManager.java:123)
	at org.fourz.BarterShops.protection.ProtectionManager.initializeProvider(ProtectionManager.java:88)
	at org.fourz.BarterShops.protection.ProtectionManager.<init>(ProtectionManager.java:31)
	at org.fourz.BarterShops.protection.ProtectionManagerTest$PlayerLimitTests.setUpLimitTests(ProtectionManagerTest.java:251)
	at java.base/java.lang.reflect.Method.invoke(Method.java:580)
	at java.base/java.util.ArrayList.forEach(ArrayList.java:1597)
	at java.base/java.util.ArrayList.forEach(ArrayList.java:1597)
	at java.base/java.util.ArrayList.forEach(ArrayList.java:1597)

[ERROR] org.fourz.BarterShops.protection.ProtectionManagerTest$PlayerLimitTests.canCreateShopWhenAdmin -- Time elapsed: 0 s <<< ERROR!
java.lang.NullPointerException: Cannot invoke "java.util.logging.Logger.info(String)" because "<local3>.logger" is null
	at org.fourz.rvnkcore.util.log.LogManager.info(LogManager.java:123)
	at org.fourz.BarterShops.protection.ProtectionManager.initializeProvider(ProtectionManager.java:88)
	at org.fourz.BarterShops.protection.ProtectionManager.<init>(ProtectionManager.java:31)
	at org.fourz.BarterShops.protection.ProtectionManagerTest$PlayerLimitTests.setUpLimitTests(ProtectionManagerTest.java:251)
	at java.base/java.lang.reflect.Method.invoke(Method.java:580)
	at java.base/java.util.ArrayList.forEach(ArrayList.java:1597)
	at java.base/java.util.ArrayList.forEach(ArrayList.java:1597)
	at java.base/java.util.ArrayList.forEach(ArrayList.java:1597)

[ERROR] org.fourz.BarterShops.protection.ProtectionManagerTest$PlayerLimitTests.canCreateShopWhenLimitNotReached -- Time elapsed: 0.002 s <<< ERROR!
java.lang.NullPointerException: Cannot invoke "java.util.logging.Logger.info(String)" because "<local3>.logger" is null
	at org.fourz.rvnkcore.util.log.LogManager.info(LogManager.java:123)
	at org.fourz.BarterShops.protection.ProtectionManager.initializeProvider(ProtectionManager.java:88)
	at org.fourz.BarterShops.protection.ProtectionManager.<init>(ProtectionManager.java:31)
	at org.fourz.BarterShops.protection.ProtectionManagerTest$PlayerLimitTests.setUpLimitTests(ProtectionManagerTest.java:251)
	at java.base/java.lang.reflect.Method.invoke(Method.java:580)
	at java.base/java.util.ArrayList.forEach(ArrayList.java:1597)
	at java.base/java.util.ArrayList.forEach(ArrayList.java:1597)
	at java.base/java.util.ArrayList.forEach(ArrayList.java:1597)

[INFO] Running org.fourz.BarterShops.protection.ProtectionManagerTest$ProviderDetectionTests
[ERROR] Tests run: 8, Failures: 0, Errors: 8, Skipped: 0, Time elapsed: 0.152 s <<< FAILURE! -- in org.fourz.BarterShops.protection.ProtectionManagerTest$ProviderDetectionTests
[ERROR] org.fourz.BarterShops.protection.ProtectionManagerTest$ProviderDetectionTests.handlesDisabledPluginsGracefully -- Time elapsed: 0.010 s <<< ERROR!
java.lang.NullPointerException: Cannot invoke "java.util.logging.Logger.warning(String)" because "<local3>.logger" is null
	at org.fourz.rvnkcore.util.log.LogManager.warning(LogManager.java:169)
	at org.fourz.BarterShops.protection.ProtectionManager.initializeProvider(ProtectionManager.java:66)
	at org.fourz.BarterShops.protection.ProtectionManager.<init>(ProtectionManager.java:31)
	at org.fourz.BarterShops.protection.ProtectionManagerTest$ProviderDetectionTests.handlesDisabledPluginsGracefully(ProtectionManagerTest.java:235)
	at java.base/java.lang.reflect.Method.invoke(Method.java:580)
	at java.base/java.util.ArrayList.forEach(ArrayList.java:1597)
	at java.base/java.util.ArrayList.forEach(ArrayList.java:1597)
	at java.base/java.util.ArrayList.forEach(ArrayList.java:1597)

[ERROR] org.fourz.BarterShops.protection.ProtectionManagerTest$ProviderDetectionTests.prefersWorldGuardWhenSpecified -- Time elapsed: 0.094 s <<< ERROR!
java.lang.NullPointerException: Cannot invoke "java.util.logging.Logger.warning(String)" because "<local3>.logger" is null
	at org.fourz.rvnkcore.util.log.LogManager.warning(LogManager.java:169)
	at org.fourz.BarterShops.protection.ProtectionManager.tryInitializeWorldGuard(ProtectionManager.java:111)
	at org.fourz.BarterShops.protection.ProtectionManager.initializeProvider(ProtectionManager.java:65)
	at org.fourz.BarterShops.protection.ProtectionManager.<init>(ProtectionManager.java:31)
	at org.fourz.BarterShops.protection.ProtectionManagerTest$ProviderDetectionTests.prefersWorldGuardWhenSpecified(ProtectionManagerTest.java:145)
	at java.base/java.lang.reflect.Method.invoke(Method.java:580)
	at java.base/java.util.ArrayList.forEach(ArrayList.java:1597)
	at java.base/java.util.ArrayList.forEach(ArrayList.java:1597)
	at java.base/java.util.ArrayList.forEach(ArrayList.java:1597)

[ERROR] org.fourz.BarterShops.protection.ProtectionManagerTest$ProviderDetectionTests.usesNoOpWhenSetToNone -- Time elapsed: 0.005 s <<< ERROR!
java.lang.NullPointerException: Cannot invoke "java.util.logging.Logger.info(String)" because "<local3>.logger" is null
	at org.fourz.rvnkcore.util.log.LogManager.info(LogManager.java:123)
	at org.fourz.BarterShops.protection.ProtectionManager.initializeProvider(ProtectionManager.java:75)
	at org.fourz.BarterShops.protection.ProtectionManager.<init>(ProtectionManager.java:31)
	at org.fourz.BarterShops.protection.ProtectionManagerTest$ProviderDetectionTests.usesNoOpWhenSetToNone(ProtectionManagerTest.java:210)
	at java.base/java.lang.reflect.Method.invoke(Method.java:580)
	at java.base/java.util.ArrayList.forEach(ArrayList.java:1597)
	at java.base/java.util.ArrayList.forEach(ArrayList.java:1597)
	at java.base/java.util.ArrayList.forEach(ArrayList.java:1597)

[ERROR] org.fourz.BarterShops.protection.ProtectionManagerTest$ProviderDetectionTests.fallsBackToGriefPrevention -- Time elapsed: 0.020 s <<< ERROR!
java.lang.NullPointerException: Cannot invoke "java.util.logging.Logger.warning(String)" because "<local3>.logger" is null
	at org.fourz.rvnkcore.util.log.LogManager.warning(LogManager.java:169)
	at org.fourz.BarterShops.protection.ProtectionManager.tryInitializeGriefPrevention(ProtectionManager.java:136)
	at org.fourz.BarterShops.protection.ProtectionManager.initializeProvider(ProtectionManager.java:83)
	at org.fourz.BarterShops.protection.ProtectionManager.<init>(ProtectionManager.java:31)
	at org.fourz.BarterShops.protection.ProtectionManagerTest$ProviderDetectionTests.fallsBackToGriefPrevention(ProtectionManagerTest.java:188)
	at java.base/java.lang.reflect.Method.invoke(Method.java:580)
	at java.base/java.util.ArrayList.forEach(ArrayList.java:1597)
	at java.base/java.util.ArrayList.forEach(ArrayList.java:1597)
	at java.base/java.util.ArrayList.forEach(ArrayList.java:1597)

[ERROR] org.fourz.BarterShops.protection.ProtectionManagerTest$ProviderDetectionTests.handlesUnavailablePluginsGracefully -- Time elapsed: 0.004 s <<< ERROR!
java.lang.NullPointerException: Cannot invoke "java.util.logging.Logger.warning(String)" because "<local3>.logger" is null
	at org.fourz.rvnkcore.util.log.LogManager.warning(LogManager.java:169)
	at org.fourz.BarterShops.protection.ProtectionManager.initializeProvider(ProtectionManager.java:66)
	at org.fourz.BarterShops.protection.ProtectionManager.<init>(ProtectionManager.java:31)
	at org.fourz.BarterShops.protection.ProtectionManagerTest$ProviderDetectionTests.handlesUnavailablePluginsGracefully(ProtectionManagerTest.java:222)
	at java.base/java.lang.reflect.Method.invoke(Method.java:580)
	at java.base/java.util.ArrayList.forEach(ArrayList.java:1597)
	at java.base/java.util.ArrayList.forEach(ArrayList.java:1597)
	at java.base/java.util.ArrayList.forEach(ArrayList.java:1597)

[ERROR] org.fourz.BarterShops.protection.ProtectionManagerTest$ProviderDetectionTests.prefersGriefPreventionWhenSpecified -- Time elapsed: 0 s <<< ERROR!
java.lang.NullPointerException: Cannot invoke "java.util.logging.Logger.warning(String)" because "<local3>.logger" is null
	at org.fourz.rvnkcore.util.log.LogManager.warning(LogManager.java:169)
	at org.fourz.BarterShops.protection.ProtectionManager.tryInitializeGriefPrevention(ProtectionManager.java:136)
	at org.fourz.BarterShops.protection.ProtectionManager.initializeProvider(ProtectionManager.java:70)
	at org.fourz.BarterShops.protection.ProtectionManager.<init>(ProtectionManager.java:31)
	at org.fourz.BarterShops.protection.ProtectionManagerTest$ProviderDetectionTests.prefersGriefPreventionWhenSpecified(ProtectionManagerTest.java:160)
	at java.base/java.lang.reflect.Method.invoke(Method.java:580)
	at java.base/java.util.ArrayList.forEach(ArrayList.java:1597)
	at java.base/java.util.ArrayList.forEach(ArrayList.java:1597)
	at java.base/java.util.ArrayList.forEach(ArrayList.java:1597)

[ERROR] org.fourz.BarterShops.protection.ProtectionManagerTest$ProviderDetectionTests.fallsBackToNoOpProvider -- Time elapsed: 0.010 s <<< ERROR!
java.lang.NullPointerException: Cannot invoke "java.util.logging.Logger.info(String)" because "<local3>.logger" is null
	at org.fourz.rvnkcore.util.log.LogManager.info(LogManager.java:123)
	at org.fourz.BarterShops.protection.ProtectionManager.initializeProvider(ProtectionManager.java:88)
	at org.fourz.BarterShops.protection.ProtectionManager.<init>(ProtectionManager.java:31)
	at org.fourz.BarterShops.protection.ProtectionManagerTest$ProviderDetectionTests.fallsBackToNoOpProvider(ProtectionManagerTest.java:200)
	at java.base/java.lang.reflect.Method.invoke(Method.java:580)
	at java.base/java.util.ArrayList.forEach(ArrayList.java:1597)
	at java.base/java.util.ArrayList.forEach(ArrayList.java:1597)
	at java.base/java.util.ArrayList.forEach(ArrayList.java:1597)

[ERROR] org.fourz.BarterShops.protection.ProtectionManagerTest$ProviderDetectionTests.autoDetectsWorldGuard -- Time elapsed: 0 s <<< ERROR!
java.lang.NullPointerException: Cannot invoke "java.util.logging.Logger.warning(String)" because "<local3>.logger" is null
	at org.fourz.rvnkcore.util.log.LogManager.warning(LogManager.java:169)
	at org.fourz.BarterShops.protection.ProtectionManager.tryInitializeWorldGuard(ProtectionManager.java:111)
	at org.fourz.BarterShops.protection.ProtectionManager.initializeProvider(ProtectionManager.java:82)
	at org.fourz.BarterShops.protection.ProtectionManager.<init>(ProtectionManager.java:31)
	at org.fourz.BarterShops.protection.ProtectionManagerTest$ProviderDetectionTests.autoDetectsWorldGuard(ProtectionManagerTest.java:175)
	at java.base/java.lang.reflect.Method.invoke(Method.java:580)
	at java.base/java.util.ArrayList.forEach(ArrayList.java:1597)
	at java.base/java.util.ArrayList.forEach(ArrayList.java:1597)
	at java.base/java.util.ArrayList.forEach(ArrayList.java:1597)

[INFO] Running org.fourz.BarterShops.protection.ProtectionManagerTest$InitializationTests
[ERROR] Tests run: 3, Failures: 0, Errors: 3, Skipped: 0, Time elapsed: 0.021 s <<< FAILURE! -- in org.fourz.BarterShops.protection.ProtectionManagerTest$InitializationTests
[ERROR] org.fourz.BarterShops.protection.ProtectionManagerTest$InitializationTests.respectsDisabledSetting -- Time elapsed: 0.002 s <<< ERROR!
java.lang.NullPointerException: Cannot invoke "java.util.logging.Logger.info(String)" because "<local3>.logger" is null
	at org.fourz.rvnkcore.util.log.LogManager.info(LogManager.java:123)
	at org.fourz.BarterShops.protection.ProtectionManager.initializeProvider(ProtectionManager.java:54)
	at org.fourz.BarterShops.protection.ProtectionManager.<init>(ProtectionManager.java:31)
	at org.fourz.BarterShops.protection.ProtectionManagerTest$InitializationTests.respectsDisabledSetting(ProtectionManagerTest.java:113)
	at java.base/java.lang.reflect.Method.invoke(Method.java:580)
	at java.base/java.util.ArrayList.forEach(ArrayList.java:1597)
	at java.base/java.util.ArrayList.forEach(ArrayList.java:1597)
	at java.base/java.util.ArrayList.forEach(ArrayList.java:1597)

[ERROR] org.fourz.BarterShops.protection.ProtectionManagerTest$InitializationTests.initializesWithNoOpProvider -- Time elapsed: 0.008 s <<< ERROR!
java.lang.NullPointerException: Cannot invoke "java.util.logging.Logger.info(String)" because "<local3>.logger" is null
	at org.fourz.rvnkcore.util.log.LogManager.info(LogManager.java:123)
	at org.fourz.BarterShops.protection.ProtectionManager.initializeProvider(ProtectionManager.java:88)
	at org.fourz.BarterShops.protection.ProtectionManager.<init>(ProtectionManager.java:31)
	at org.fourz.BarterShops.protection.ProtectionManagerTest$InitializationTests.initializesWithNoOpProvider(ProtectionManagerTest.java:100)
	at java.base/java.lang.reflect.Method.invoke(Method.java:580)
	at java.base/java.util.ArrayList.forEach(ArrayList.java:1597)
	at java.base/java.util.ArrayList.forEach(ArrayList.java:1597)
	at java.base/java.util.ArrayList.forEach(ArrayList.java:1597)

[ERROR] org.fourz.BarterShops.protection.ProtectionManagerTest$InitializationTests.loadsConfigurationValues -- Time elapsed: 0 s <<< ERROR!
java.lang.NullPointerException: Cannot invoke "java.util.logging.Logger.info(String)" because "<local3>.logger" is null
	at org.fourz.rvnkcore.util.log.LogManager.info(LogManager.java:123)
	at org.fourz.BarterShops.protection.ProtectionManager.initializeProvider(ProtectionManager.java:88)
	at org.fourz.BarterShops.protection.ProtectionManager.<init>(ProtectionManager.java:31)
	at org.fourz.BarterShops.protection.ProtectionManagerTest$InitializationTests.loadsConfigurationValues(ProtectionManagerTest.java:125)
	at java.base/java.lang.reflect.Method.invoke(Method.java:580)
	at java.base/java.util.ArrayList.forEach(ArrayList.java:1597)
	at java.base/java.util.ArrayList.forEach(ArrayList.java:1597)
	at java.base/java.util.ArrayList.forEach(ArrayList.java:1597)

[INFO] Tests run: 0, Failures: 0, Errors: 0, Skipped: 0, Time elapsed: 0.952 s -- in org.fourz.BarterShops.protection.ProtectionManagerTest
[INFO] Running org.fourz.BarterShops.service.RatingServiceTest
[INFO] Running org.fourz.BarterShops.service.RatingServiceTest$TopRatedShopsTests
[INFO] Tests run: 2, Failures: 0, Errors: 0, Skipped: 0, Time elapsed: 0.130 s -- in org.fourz.BarterShops.service.RatingServiceTest$TopRatedShopsTests
[INFO] Running org.fourz.BarterShops.service.RatingServiceTest$PermissionTests
[INFO] Tests run: 3, Failures: 0, Errors: 0, Skipped: 0, Time elapsed: 0.014 s -- in org.fourz.BarterShops.service.RatingServiceTest$PermissionTests
[INFO] Running org.fourz.BarterShops.service.RatingServiceTest$DeletionTests
[INFO] Tests run: 2, Failures: 0, Errors: 0, Skipped: 0, Time elapsed: 0.011 s -- in org.fourz.BarterShops.service.RatingServiceTest$DeletionTests
[INFO] Running org.fourz.BarterShops.service.RatingServiceTest$RatingBreakdownTests
[INFO] Tests run: 1, Failures: 0, Errors: 0, Skipped: 0, Time elapsed: 0 s -- in org.fourz.BarterShops.service.RatingServiceTest$RatingBreakdownTests
[INFO] Running org.fourz.BarterShops.service.RatingServiceTest$RatingCountTests
[INFO] Tests run: 4, Failures: 0, Errors: 0, Skipped: 0, Time elapsed: 0.016 s -- in org.fourz.BarterShops.service.RatingServiceTest$RatingCountTests
[INFO] Running org.fourz.BarterShops.service.RatingServiceTest$AverageRatingTests
[INFO] Tests run: 4, Failures: 0, Errors: 0, Skipped: 0, Time elapsed: 0.026 s -- in org.fourz.BarterShops.service.RatingServiceTest$AverageRatingTests
[INFO] Running org.fourz.BarterShops.service.RatingServiceTest$RatingQueryTests
[INFO] Tests run: 4, Failures: 0, Errors: 0, Skipped: 0, Time elapsed: 0.014 s -- in org.fourz.BarterShops.service.RatingServiceTest$RatingQueryTests
[INFO] Running org.fourz.BarterShops.service.RatingServiceTest$RatingCreationTests
[ERROR] Tests run: 6, Failures: 1, Errors: 0, Skipped: 0, Time elapsed: 0.038 s <<< FAILURE! -- in org.fourz.BarterShops.service.RatingServiceTest$RatingCreationTests
[ERROR] org.fourz.BarterShops.service.RatingServiceTest$RatingCreationTests.rateShopRejectsNullRater -- Time elapsed: 0.005 s <<< FAILURE!
org.opentest4j.AssertionFailedError: Unexpected exception type thrown, expected: <java.util.concurrent.ExecutionException> but was: <java.lang.NullPointerException>
	at org.junit.jupiter.api.AssertionFailureBuilder.build(AssertionFailureBuilder.java:151)
	at org.junit.jupiter.api.AssertThrows.assertThrows(AssertThrows.java:67)
	at org.junit.jupiter.api.AssertThrows.assertThrows(AssertThrows.java:35)
	at org.junit.jupiter.api.Assertions.assertThrows(Assertions.java:3115)
	at org.fourz.BarterShops.service.RatingServiceTest$RatingCreationTests.rateShopRejectsNullRater(RatingServiceTest.java:132)
	at java.base/java.lang.reflect.Method.invoke(Method.java:580)
	at java.base/java.util.ArrayList.forEach(ArrayList.java:1597)
	at java.base/java.util.ArrayList.forEach(ArrayList.java:1597)
	at java.base/java.util.ArrayList.forEach(ArrayList.java:1597)
Caused by: java.lang.NullPointerException: raterUuid cannot be null
	at java.base/java.util.Objects.requireNonNull(Objects.java:246)
	at org.fourz.BarterShops.service.impl.RatingServiceImpl.rateShop(RatingServiceImpl.java:42)
	at org.fourz.BarterShops.service.RatingServiceTest$RatingCreationTests.lambda$rateShopRejectsNullRater$2(RatingServiceTest.java:133)
	at org.junit.jupiter.api.AssertThrows.assertThrows(AssertThrows.java:53)
	... 7 more

[INFO] Tests run: 0, Failures: 0, Errors: 0, Skipped: 0, Time elapsed: 0.263 s -- in org.fourz.BarterShops.service.RatingServiceTest
[INFO] Running org.fourz.BarterShops.service.StatsServiceTest
[INFO] Running org.fourz.BarterShops.service.StatsServiceTest$EdgeCaseTests
[ERROR] Tests run: 3, Failures: 0, Errors: 3, Skipped: 0, Time elapsed: 0.125 s <<< FAILURE! -- in org.fourz.BarterShops.service.StatsServiceTest$EdgeCaseTests
[ERROR] org.fourz.BarterShops.service.StatsServiceTest$EdgeCaseTests.handlesShopWithNoRatings -- Time elapsed: 0.120 s <<< ERROR!
java.lang.NullPointerException: Cannot invoke "java.util.logging.Logger.info(String)" because "<local3>.logger" is null
	at org.fourz.rvnkcore.util.log.LogManager.info(LogManager.java:123)
	at org.fourz.BarterShops.service.impl.StatsServiceImpl.<init>(StatsServiceImpl.java:55)
	at org.fourz.BarterShops.service.StatsServiceTest.setUp(StatsServiceTest.java:47)
	at java.base/java.lang.reflect.Method.invoke(Method.java:580)
	at java.base/java.util.ArrayList.forEach(ArrayList.java:1597)
	at java.base/java.util.ArrayList.forEach(ArrayList.java:1597)
	at java.base/java.util.ArrayList.forEach(ArrayList.java:1597)

[ERROR] org.fourz.BarterShops.service.StatsServiceTest$EdgeCaseTests.handlesPlayerWithNoShops -- Time elapsed: 0.002 s <<< ERROR!
java.lang.NullPointerException: Cannot invoke "java.util.logging.Logger.info(String)" because "<local3>.logger" is null
	at org.fourz.rvnkcore.util.log.LogManager.info(LogManager.java:123)
	at org.fourz.BarterShops.service.impl.StatsServiceImpl.<init>(StatsServiceImpl.java:55)
	at org.fourz.BarterShops.service.StatsServiceTest.setUp(StatsServiceTest.java:47)
	at java.base/java.lang.reflect.Method.invoke(Method.java:580)
	at java.base/java.util.ArrayList.forEach(ArrayList.java:1597)
	at java.base/java.util.ArrayList.forEach(ArrayList.java:1597)
	at java.base/java.util.ArrayList.forEach(ArrayList.java:1597)

[ERROR] org.fourz.BarterShops.service.StatsServiceTest$EdgeCaseTests.handlesServerWithNoShops -- Time elapsed: 0.002 s <<< ERROR!
java.lang.NullPointerException: Cannot invoke "java.util.logging.Logger.info(String)" because "<local3>.logger" is null
	at org.fourz.rvnkcore.util.log.LogManager.info(LogManager.java:123)
	at org.fourz.BarterShops.service.impl.StatsServiceImpl.<init>(StatsServiceImpl.java:55)
	at org.fourz.BarterShops.service.StatsServiceTest.setUp(StatsServiceTest.java:47)
	at java.base/java.lang.reflect.Method.invoke(Method.java:580)
	at java.base/java.util.ArrayList.forEach(ArrayList.java:1597)
	at java.base/java.util.ArrayList.forEach(ArrayList.java:1597)
	at java.base/java.util.ArrayList.forEach(ArrayList.java:1597)

[INFO] Running org.fourz.BarterShops.service.StatsServiceTest$FormattingTests
[ERROR] Tests run: 3, Failures: 0, Errors: 3, Skipped: 0, Time elapsed: 0.009 s <<< FAILURE! -- in org.fourz.BarterShops.service.StatsServiceTest$FormattingTests
[ERROR] org.fourz.BarterShops.service.StatsServiceTest$FormattingTests.getTopTradedItemsReturnsItems -- Time elapsed: 0.002 s <<< ERROR!
java.lang.NullPointerException: Cannot invoke "java.util.logging.Logger.info(String)" because "<local3>.logger" is null
	at org.fourz.rvnkcore.util.log.LogManager.info(LogManager.java:123)
	at org.fourz.BarterShops.service.impl.StatsServiceImpl.<init>(StatsServiceImpl.java:55)
	at org.fourz.BarterShops.service.StatsServiceTest.setUp(StatsServiceTest.java:47)
	at java.base/java.lang.reflect.Method.invoke(Method.java:580)
	at java.base/java.util.ArrayList.forEach(ArrayList.java:1597)
	at java.base/java.util.ArrayList.forEach(ArrayList.java:1597)
	at java.base/java.util.ArrayList.forEach(ArrayList.java:1597)

[ERROR] org.fourz.BarterShops.service.StatsServiceTest$FormattingTests.topShopFormattedRatingReturnsString -- Time elapsed: 0.002 s <<< ERROR!
java.lang.NullPointerException: Cannot invoke "java.util.logging.Logger.info(String)" because "<local3>.logger" is null
	at org.fourz.rvnkcore.util.log.LogManager.info(LogManager.java:123)
	at org.fourz.BarterShops.service.impl.StatsServiceImpl.<init>(StatsServiceImpl.java:55)
	at org.fourz.BarterShops.service.StatsServiceTest.setUp(StatsServiceTest.java:47)
	at java.base/java.lang.reflect.Method.invoke(Method.java:580)
	at java.base/java.util.ArrayList.forEach(ArrayList.java:1597)
	at java.base/java.util.ArrayList.forEach(ArrayList.java:1597)
	at java.base/java.util.ArrayList.forEach(ArrayList.java:1597)

[ERROR] org.fourz.BarterShops.service.StatsServiceTest$FormattingTests.getFormattedRatingReturnsString -- Time elapsed: 0.002 s <<< ERROR!
java.lang.NullPointerException: Cannot invoke "java.util.logging.Logger.info(String)" because "<local3>.logger" is null
	at org.fourz.rvnkcore.util.log.LogManager.info(LogManager.java:123)
	at org.fourz.BarterShops.service.impl.StatsServiceImpl.<init>(StatsServiceImpl.java:55)
	at org.fourz.BarterShops.service.StatsServiceTest.setUp(StatsServiceTest.java:47)
	at java.base/java.lang.reflect.Method.invoke(Method.java:580)
	at java.base/java.util.ArrayList.forEach(ArrayList.java:1597)
	at java.base/java.util.ArrayList.forEach(ArrayList.java:1597)
	at java.base/java.util.ArrayList.forEach(ArrayList.java:1597)

[INFO] Running org.fourz.BarterShops.service.StatsServiceTest$DTOValidationTests
[ERROR] Tests run: 4, Failures: 0, Errors: 4, Skipped: 0, Time elapsed: 0.007 s <<< FAILURE! -- in org.fourz.BarterShops.service.StatsServiceTest$DTOValidationTests
[ERROR] org.fourz.BarterShops.service.StatsServiceTest$DTOValidationTests.serverStatsValidatesValues -- Time elapsed: 0.002 s <<< ERROR!
java.lang.NullPointerException: Cannot invoke "java.util.logging.Logger.info(String)" because "<local3>.logger" is null
	at org.fourz.rvnkcore.util.log.LogManager.info(LogManager.java:123)
	at org.fourz.BarterShops.service.impl.StatsServiceImpl.<init>(StatsServiceImpl.java:55)
	at org.fourz.BarterShops.service.StatsServiceTest.setUp(StatsServiceTest.java:47)
	at java.base/java.lang.reflect.Method.invoke(Method.java:580)
	at java.base/java.util.ArrayList.forEach(ArrayList.java:1597)
	at java.base/java.util.ArrayList.forEach(ArrayList.java:1597)
	at java.base/java.util.ArrayList.forEach(ArrayList.java:1597)

[ERROR] org.fourz.BarterShops.service.StatsServiceTest$DTOValidationTests.topShopValidatesRatingRange -- Time elapsed: 0.002 s <<< ERROR!
java.lang.NullPointerException: Cannot invoke "java.util.logging.Logger.info(String)" because "<local3>.logger" is null
	at org.fourz.rvnkcore.util.log.LogManager.info(LogManager.java:123)
	at org.fourz.BarterShops.service.impl.StatsServiceImpl.<init>(StatsServiceImpl.java:55)
	at org.fourz.BarterShops.service.StatsServiceTest.setUp(StatsServiceTest.java:47)
	at java.base/java.lang.reflect.Method.invoke(Method.java:580)
	at java.base/java.util.ArrayList.forEach(ArrayList.java:1597)
	at java.base/java.util.ArrayList.forEach(ArrayList.java:1597)
	at java.base/java.util.ArrayList.forEach(ArrayList.java:1597)

[ERROR] org.fourz.BarterShops.service.StatsServiceTest$DTOValidationTests.statsDTOValidatesRatingRange -- Time elapsed: 0.001 s <<< ERROR!
java.lang.NullPointerException: Cannot invoke "java.util.logging.Logger.info(String)" because "<local3>.logger" is null
	at org.fourz.rvnkcore.util.log.LogManager.info(LogManager.java:123)
	at org.fourz.BarterShops.service.impl.StatsServiceImpl.<init>(StatsServiceImpl.java:55)
	at org.fourz.BarterShops.service.StatsServiceTest.setUp(StatsServiceTest.java:47)
	at java.base/java.lang.reflect.Method.invoke(Method.java:580)
	at java.base/java.util.ArrayList.forEach(ArrayList.java:1597)
	at java.base/java.util.ArrayList.forEach(ArrayList.java:1597)
	at java.base/java.util.ArrayList.forEach(ArrayList.java:1597)

[ERROR] org.fourz.BarterShops.service.StatsServiceTest$DTOValidationTests.statsDTOValidatesNegativeValues -- Time elapsed: 0 s <<< ERROR!
java.lang.NullPointerException: Cannot invoke "java.util.logging.Logger.info(String)" because "<local3>.logger" is null
	at org.fourz.rvnkcore.util.log.LogManager.info(LogManager.java:123)
	at org.fourz.BarterShops.service.impl.StatsServiceImpl.<init>(StatsServiceImpl.java:55)
	at org.fourz.BarterShops.service.StatsServiceTest.setUp(StatsServiceTest.java:47)
	at java.base/java.lang.reflect.Method.invoke(Method.java:580)
	at java.base/java.util.ArrayList.forEach(ArrayList.java:1597)
	at java.base/java.util.ArrayList.forEach(ArrayList.java:1597)
	at java.base/java.util.ArrayList.forEach(ArrayList.java:1597)

[INFO] Running org.fourz.BarterShops.service.StatsServiceTest$LeaderboardTests
[ERROR] Tests run: 3, Failures: 0, Errors: 3, Skipped: 0, Time elapsed: 0.009 s <<< FAILURE! -- in org.fourz.BarterShops.service.StatsServiceTest$LeaderboardTests
[ERROR] org.fourz.BarterShops.service.StatsServiceTest$LeaderboardTests.getTopShopsByTradesReturnsShops -- Time elapsed: 0.009 s <<< ERROR!
java.lang.NullPointerException: Cannot invoke "java.util.logging.Logger.info(String)" because "<local3>.logger" is null
	at org.fourz.rvnkcore.util.log.LogManager.info(LogManager.java:123)
	at org.fourz.BarterShops.service.impl.StatsServiceImpl.<init>(StatsServiceImpl.java:55)
	at org.fourz.BarterShops.service.StatsServiceTest.setUp(StatsServiceTest.java:47)
	at java.base/java.lang.reflect.Method.invoke(Method.java:580)
	at java.base/java.util.ArrayList.forEach(ArrayList.java:1597)
	at java.base/java.util.ArrayList.forEach(ArrayList.java:1597)
	at java.base/java.util.ArrayList.forEach(ArrayList.java:1597)

[ERROR] org.fourz.BarterShops.service.StatsServiceTest$LeaderboardTests.getTopShopsByRatingReturnsShops -- Time elapsed: 0 s <<< ERROR!
java.lang.NullPointerException: Cannot invoke "java.util.logging.Logger.info(String)" because "<local3>.logger" is null
	at org.fourz.rvnkcore.util.log.LogManager.info(LogManager.java:123)
	at org.fourz.BarterShops.service.impl.StatsServiceImpl.<init>(StatsServiceImpl.java:55)
	at org.fourz.BarterShops.service.StatsServiceTest.setUp(StatsServiceTest.java:47)
	at java.base/java.lang.reflect.Method.invoke(Method.java:580)
	at java.base/java.util.ArrayList.forEach(ArrayList.java:1597)
	at java.base/java.util.ArrayList.forEach(ArrayList.java:1597)
	at java.base/java.util.ArrayList.forEach(ArrayList.java:1597)

[ERROR] org.fourz.BarterShops.service.StatsServiceTest$LeaderboardTests.getMostTradedItemsReturnsItems -- Time elapsed: 0 s <<< ERROR!
java.lang.NullPointerException: Cannot invoke "java.util.logging.Logger.info(String)" because "<local3>.logger" is null
	at org.fourz.rvnkcore.util.log.LogManager.info(LogManager.java:123)
	at org.fourz.BarterShops.service.impl.StatsServiceImpl.<init>(StatsServiceImpl.java:55)
	at org.fourz.BarterShops.service.StatsServiceTest.setUp(StatsServiceTest.java:47)
	at java.base/java.lang.reflect.Method.invoke(Method.java:580)
	at java.base/java.util.ArrayList.forEach(ArrayList.java:1597)
	at java.base/java.util.ArrayList.forEach(ArrayList.java:1597)
	at java.base/java.util.ArrayList.forEach(ArrayList.java:1597)

[INFO] Running org.fourz.BarterShops.service.StatsServiceTest$CacheManagementTests
[ERROR] Tests run: 5, Failures: 0, Errors: 5, Skipped: 0, Time elapsed: 0.016 s <<< FAILURE! -- in org.fourz.BarterShops.service.StatsServiceTest$CacheManagementTests
[ERROR] org.fourz.BarterShops.service.StatsServiceTest$CacheManagementTests.isCacheEnabledReturnsTrue -- Time elapsed: 0.002 s <<< ERROR!
java.lang.NullPointerException: Cannot invoke "java.util.logging.Logger.info(String)" because "<local3>.logger" is null
	at org.fourz.rvnkcore.util.log.LogManager.info(LogManager.java:123)
	at org.fourz.BarterShops.service.impl.StatsServiceImpl.<init>(StatsServiceImpl.java:55)
	at org.fourz.BarterShops.service.StatsServiceTest.setUp(StatsServiceTest.java:47)
	at java.base/java.lang.reflect.Method.invoke(Method.java:580)
	at java.base/java.util.ArrayList.forEach(ArrayList.java:1597)
	at java.base/java.util.ArrayList.forEach(ArrayList.java:1597)
	at java.base/java.util.ArrayList.forEach(ArrayList.java:1597)

[ERROR] org.fourz.BarterShops.service.StatsServiceTest$CacheManagementTests.refreshCacheRefreshesData -- Time elapsed: 0.002 s <<< ERROR!
java.lang.NullPointerException: Cannot invoke "java.util.logging.Logger.info(String)" because "<local3>.logger" is null
	at org.fourz.rvnkcore.util.log.LogManager.info(LogManager.java:123)
	at org.fourz.BarterShops.service.impl.StatsServiceImpl.<init>(StatsServiceImpl.java:55)
	at org.fourz.BarterShops.service.StatsServiceTest.setUp(StatsServiceTest.java:47)
	at java.base/java.lang.reflect.Method.invoke(Method.java:580)
	at java.base/java.util.ArrayList.forEach(ArrayList.java:1597)
	at java.base/java.util.ArrayList.forEach(ArrayList.java:1597)
	at java.base/java.util.ArrayList.forEach(ArrayList.java:1597)

[ERROR] org.fourz.BarterShops.service.StatsServiceTest$CacheManagementTests.isCacheEnabledReturnsFalse -- Time elapsed: 0.002 s <<< ERROR!
java.lang.NullPointerException: Cannot invoke "java.util.logging.Logger.info(String)" because "<local3>.logger" is null
	at org.fourz.rvnkcore.util.log.LogManager.info(LogManager.java:123)
	at org.fourz.BarterShops.service.impl.StatsServiceImpl.<init>(StatsServiceImpl.java:55)
	at org.fourz.BarterShops.service.StatsServiceTest.setUp(StatsServiceTest.java:47)
	at java.base/java.lang.reflect.Method.invoke(Method.java:580)
	at java.base/java.util.ArrayList.forEach(ArrayList.java:1597)
	at java.base/java.util.ArrayList.forEach(ArrayList.java:1597)
	at java.base/java.util.ArrayList.forEach(ArrayList.java:1597)

[ERROR] org.fourz.BarterShops.service.StatsServiceTest$CacheManagementTests.setCacheEnabledControlsBehavior -- Time elapsed: 0.003 s <<< ERROR!
java.lang.NullPointerException: Cannot invoke "java.util.logging.Logger.info(String)" because "<local3>.logger" is null
	at org.fourz.rvnkcore.util.log.LogManager.info(LogManager.java:123)
	at org.fourz.BarterShops.service.impl.StatsServiceImpl.<init>(StatsServiceImpl.java:55)
	at org.fourz.BarterShops.service.StatsServiceTest.setUp(StatsServiceTest.java:47)
	at java.base/java.lang.reflect.Method.invoke(Method.java:580)
	at java.base/java.util.ArrayList.forEach(ArrayList.java:1597)
	at java.base/java.util.ArrayList.forEach(ArrayList.java:1597)
	at java.base/java.util.ArrayList.forEach(ArrayList.java:1597)

[ERROR] org.fourz.BarterShops.service.StatsServiceTest$CacheManagementTests.clearCacheClearsEntries -- Time elapsed: 0.001 s <<< ERROR!
java.lang.NullPointerException: Cannot invoke "java.util.logging.Logger.info(String)" because "<local3>.logger" is null
	at org.fourz.rvnkcore.util.log.LogManager.info(LogManager.java:123)
	at org.fourz.BarterShops.service.impl.StatsServiceImpl.<init>(StatsServiceImpl.java:55)
	at org.fourz.BarterShops.service.StatsServiceTest.setUp(StatsServiceTest.java:47)
	at java.base/java.lang.reflect.Method.invoke(Method.java:580)
	at java.base/java.util.ArrayList.forEach(ArrayList.java:1597)
	at java.base/java.util.ArrayList.forEach(ArrayList.java:1597)
	at java.base/java.util.ArrayList.forEach(ArrayList.java:1597)

[INFO] Running org.fourz.BarterShops.service.StatsServiceTest$ShopStatisticsTests
[ERROR] Tests run: 2, Failures: 0, Errors: 2, Skipped: 0, Time elapsed: 0.006 s <<< FAILURE! -- in org.fourz.BarterShops.service.StatsServiceTest$ShopStatisticsTests
[ERROR] org.fourz.BarterShops.service.StatsServiceTest$ShopStatisticsTests.getShopTradeCountReturnsCount -- Time elapsed: 0.002 s <<< ERROR!
java.lang.NullPointerException: Cannot invoke "java.util.logging.Logger.info(String)" because "<local3>.logger" is null
	at org.fourz.rvnkcore.util.log.LogManager.info(LogManager.java:123)
	at org.fourz.BarterShops.service.impl.StatsServiceImpl.<init>(StatsServiceImpl.java:55)
	at org.fourz.BarterShops.service.StatsServiceTest.setUp(StatsServiceTest.java:47)
	at java.base/java.lang.reflect.Method.invoke(Method.java:580)
	at java.base/java.util.ArrayList.forEach(ArrayList.java:1597)
	at java.base/java.util.ArrayList.forEach(ArrayList.java:1597)
	at java.base/java.util.ArrayList.forEach(ArrayList.java:1597)

[ERROR] org.fourz.BarterShops.service.StatsServiceTest$ShopStatisticsTests.getShopStatsReturnsStats -- Time elapsed: 0.002 s <<< ERROR!
java.lang.NullPointerException: Cannot invoke "java.util.logging.Logger.info(String)" because "<local3>.logger" is null
	at org.fourz.rvnkcore.util.log.LogManager.info(LogManager.java:123)
	at org.fourz.BarterShops.service.impl.StatsServiceImpl.<init>(StatsServiceImpl.java:55)
	at org.fourz.BarterShops.service.StatsServiceTest.setUp(StatsServiceTest.java:47)
	at java.base/java.lang.reflect.Method.invoke(Method.java:580)
	at java.base/java.util.ArrayList.forEach(ArrayList.java:1597)
	at java.base/java.util.ArrayList.forEach(ArrayList.java:1597)
	at java.base/java.util.ArrayList.forEach(ArrayList.java:1597)

[INFO] Running org.fourz.BarterShops.service.StatsServiceTest$ServerStatisticsTests
[ERROR] Tests run: 5, Failures: 0, Errors: 5, Skipped: 0, Time elapsed: 0.011 s <<< FAILURE! -- in org.fourz.BarterShops.service.StatsServiceTest$ServerStatisticsTests
[ERROR] org.fourz.BarterShops.service.StatsServiceTest$ServerStatisticsTests.getAverageTradesPerShopReturnsAverage -- Time elapsed: 0.002 s <<< ERROR!
java.lang.NullPointerException: Cannot invoke "java.util.logging.Logger.info(String)" because "<local3>.logger" is null
	at org.fourz.rvnkcore.util.log.LogManager.info(LogManager.java:123)
	at org.fourz.BarterShops.service.impl.StatsServiceImpl.<init>(StatsServiceImpl.java:55)
	at org.fourz.BarterShops.service.StatsServiceTest.setUp(StatsServiceTest.java:47)
	at java.base/java.lang.reflect.Method.invoke(Method.java:580)
	at java.base/java.util.ArrayList.forEach(ArrayList.java:1597)
	at java.base/java.util.ArrayList.forEach(ArrayList.java:1597)
	at java.base/java.util.ArrayList.forEach(ArrayList.java:1597)

[ERROR] org.fourz.BarterShops.service.StatsServiceTest$ServerStatisticsTests.getServerStatsReturnsStats -- Time elapsed: 0.002 s <<< ERROR!
java.lang.NullPointerException: Cannot invoke "java.util.logging.Logger.info(String)" because "<local3>.logger" is null
	at org.fourz.rvnkcore.util.log.LogManager.info(LogManager.java:123)
	at org.fourz.BarterShops.service.impl.StatsServiceImpl.<init>(StatsServiceImpl.java:55)
	at org.fourz.BarterShops.service.StatsServiceTest.setUp(StatsServiceTest.java:47)
	at java.base/java.lang.reflect.Method.invoke(Method.java:580)
	at java.base/java.util.ArrayList.forEach(ArrayList.java:1597)
	at java.base/java.util.ArrayList.forEach(ArrayList.java:1597)
	at java.base/java.util.ArrayList.forEach(ArrayList.java:1597)

[ERROR] org.fourz.BarterShops.service.StatsServiceTest$ServerStatisticsTests.getTotalTradeCountReturnsCount -- Time elapsed: 0.002 s <<< ERROR!
java.lang.NullPointerException: Cannot invoke "java.util.logging.Logger.info(String)" because "<local3>.logger" is null
	at org.fourz.rvnkcore.util.log.LogManager.info(LogManager.java:123)
	at org.fourz.BarterShops.service.impl.StatsServiceImpl.<init>(StatsServiceImpl.java:55)
	at org.fourz.BarterShops.service.StatsServiceTest.setUp(StatsServiceTest.java:47)
	at java.base/java.lang.reflect.Method.invoke(Method.java:580)
	at java.base/java.util.ArrayList.forEach(ArrayList.java:1597)
	at java.base/java.util.ArrayList.forEach(ArrayList.java:1597)
	at java.base/java.util.ArrayList.forEach(ArrayList.java:1597)

[ERROR] org.fourz.BarterShops.service.StatsServiceTest$ServerStatisticsTests.getTotalItemsTradedReturnsCount -- Time elapsed: 0.001 s <<< ERROR!
java.lang.NullPointerException: Cannot invoke "java.util.logging.Logger.info(String)" because "<local3>.logger" is null
	at org.fourz.rvnkcore.util.log.LogManager.info(LogManager.java:123)
	at org.fourz.BarterShops.service.impl.StatsServiceImpl.<init>(StatsServiceImpl.java:55)
	at org.fourz.BarterShops.service.StatsServiceTest.setUp(StatsServiceTest.java:47)
	at java.base/java.lang.reflect.Method.invoke(Method.java:580)
	at java.base/java.util.ArrayList.forEach(ArrayList.java:1597)
	at java.base/java.util.ArrayList.forEach(ArrayList.java:1597)
	at java.base/java.util.ArrayList.forEach(ArrayList.java:1597)

[ERROR] org.fourz.BarterShops.service.StatsServiceTest$ServerStatisticsTests.getActiveShopCountReturnsCount -- Time elapsed: 0.001 s <<< ERROR!
java.lang.NullPointerException: Cannot invoke "java.util.logging.Logger.info(String)" because "<local3>.logger" is null
	at org.fourz.rvnkcore.util.log.LogManager.info(LogManager.java:123)
	at org.fourz.BarterShops.service.impl.StatsServiceImpl.<init>(StatsServiceImpl.java:55)
	at org.fourz.BarterShops.service.StatsServiceTest.setUp(StatsServiceTest.java:47)
	at java.base/java.lang.reflect.Method.invoke(Method.java:580)
	at java.base/java.util.ArrayList.forEach(ArrayList.java:1597)
	at java.base/java.util.ArrayList.forEach(ArrayList.java:1597)
	at java.base/java.util.ArrayList.forEach(ArrayList.java:1597)

[INFO] Running org.fourz.BarterShops.service.StatsServiceTest$PlayerStatisticsTests
[ERROR] Tests run: 4, Failures: 0, Errors: 4, Skipped: 0, Time elapsed: 0.010 s <<< FAILURE! -- in org.fourz.BarterShops.service.StatsServiceTest$PlayerStatisticsTests
[ERROR] org.fourz.BarterShops.service.StatsServiceTest$PlayerStatisticsTests.getPlayerShopCountReturnsCount -- Time elapsed: 0.002 s <<< ERROR!
java.lang.NullPointerException: Cannot invoke "java.util.logging.Logger.info(String)" because "<local3>.logger" is null
	at org.fourz.rvnkcore.util.log.LogManager.info(LogManager.java:123)
	at org.fourz.BarterShops.service.impl.StatsServiceImpl.<init>(StatsServiceImpl.java:55)
	at org.fourz.BarterShops.service.StatsServiceTest.setUp(StatsServiceTest.java:47)
	at java.base/java.lang.reflect.Method.invoke(Method.java:580)
	at java.base/java.util.ArrayList.forEach(ArrayList.java:1597)
	at java.base/java.util.ArrayList.forEach(ArrayList.java:1597)
	at java.base/java.util.ArrayList.forEach(ArrayList.java:1597)

[ERROR] org.fourz.BarterShops.service.StatsServiceTest$PlayerStatisticsTests.getPlayerAverageRatingReturnsRating -- Time elapsed: 0.001 s <<< ERROR!
java.lang.NullPointerException: Cannot invoke "java.util.logging.Logger.info(String)" because "<local3>.logger" is null
	at org.fourz.rvnkcore.util.log.LogManager.info(LogManager.java:123)
	at org.fourz.BarterShops.service.impl.StatsServiceImpl.<init>(StatsServiceImpl.java:55)
	at org.fourz.BarterShops.service.StatsServiceTest.setUp(StatsServiceTest.java:47)
	at java.base/java.lang.reflect.Method.invoke(Method.java:580)
	at java.base/java.util.ArrayList.forEach(ArrayList.java:1597)
	at java.base/java.util.ArrayList.forEach(ArrayList.java:1597)
	at java.base/java.util.ArrayList.forEach(ArrayList.java:1597)

[ERROR] org.fourz.BarterShops.service.StatsServiceTest$PlayerStatisticsTests.getPlayerStatsReturnsStats -- Time elapsed: 0.001 s <<< ERROR!
java.lang.NullPointerException: Cannot invoke "java.util.logging.Logger.info(String)" because "<local3>.logger" is null
	at org.fourz.rvnkcore.util.log.LogManager.info(LogManager.java:123)
	at org.fourz.BarterShops.service.impl.StatsServiceImpl.<init>(StatsServiceImpl.java:55)
	at org.fourz.BarterShops.service.StatsServiceTest.setUp(StatsServiceTest.java:47)
	at java.base/java.lang.reflect.Method.invoke(Method.java:580)
	at java.base/java.util.ArrayList.forEach(ArrayList.java:1597)
	at java.base/java.util.ArrayList.forEach(ArrayList.java:1597)
	at java.base/java.util.ArrayList.forEach(ArrayList.java:1597)

[ERROR] org.fourz.BarterShops.service.StatsServiceTest$PlayerStatisticsTests.getPlayerTradeCountReturnsCount -- Time elapsed: 0.001 s <<< ERROR!
java.lang.NullPointerException: Cannot invoke "java.util.logging.Logger.info(String)" because "<local3>.logger" is null
	at org.fourz.rvnkcore.util.log.LogManager.info(LogManager.java:123)
	at org.fourz.BarterShops.service.impl.StatsServiceImpl.<init>(StatsServiceImpl.java:55)
	at org.fourz.BarterShops.service.StatsServiceTest.setUp(StatsServiceTest.java:47)
	at java.base/java.lang.reflect.Method.invoke(Method.java:580)
	at java.base/java.util.ArrayList.forEach(ArrayList.java:1597)
	at java.base/java.util.ArrayList.forEach(ArrayList.java:1597)
	at java.base/java.util.ArrayList.forEach(ArrayList.java:1597)

[INFO] Tests run: 0, Failures: 0, Errors: 0, Skipped: 0, Time elapsed: 0.219 s -- in org.fourz.BarterShops.service.StatsServiceTest
[INFO] Running org.fourz.BarterShops.sign.SignInteractionTest
[INFO] Running org.fourz.BarterShops.sign.SignInteractionTest$PermissionTests
[INFO] Tests run: 1, Failures: 0, Errors: 0, Skipped: 0, Time elapsed: 0.489 s -- in org.fourz.BarterShops.sign.SignInteractionTest$PermissionTests
[INFO] Running org.fourz.BarterShops.sign.SignInteractionTest$CustomerRightClickTests
[ERROR] Tests run: 6, Failures: 1, Errors: 5, Skipped: 0, Time elapsed: 0.031 s <<< FAILURE! -- in org.fourz.BarterShops.sign.SignInteractionTest$CustomerRightClickTests
[ERROR] org.fourz.BarterShops.sign.SignInteractionTest$CustomerRightClickTests.handleRightClick_outOfStock_blocked -- Time elapsed: 0 s <<< ERROR!
java.lang.NullPointerException: Cannot invoke "org.bukkit.block.sign.SignSide.setLine(int, String)" because "frontSide" is null
	at org.fourz.BarterShops.sign.SignDisplay.displayTemporaryMessage(SignDisplay.java:28)
	at org.fourz.BarterShops.sign.SignInteraction.showTemporaryStatus(SignInteraction.java:387)
	at org.fourz.BarterShops.sign.SignInteraction.processStackableTrade(SignInteraction.java:210)
	at org.fourz.BarterShops.sign.SignInteraction.processTrade(SignInteraction.java:190)
	at org.fourz.BarterShops.sign.SignInteraction.handleCustomerRightClick(SignInteraction.java:171)
	at org.fourz.BarterShops.sign.SignInteraction.handleRightClick(SignInteraction.java:101)
	at org.fourz.BarterShops.sign.SignInteractionTest$CustomerRightClickTests.handleRightClick_outOfStock_blocked(SignInteractionTest.java:310)
	at java.base/java.lang.reflect.Method.invoke(Method.java:580)
	at java.base/java.util.ArrayList.forEach(ArrayList.java:1597)
	at java.base/java.util.ArrayList.forEach(ArrayList.java:1597)
	at java.base/java.util.ArrayList.forEach(ArrayList.java:1597)

[ERROR] org.fourz.BarterShops.sign.SignInteractionTest$CustomerRightClickTests.handleRightClick_customer_initiatesTrade -- Time elapsed: 0.005 s <<< ERROR!
java.lang.NullPointerException: Cannot invoke "org.bukkit.block.sign.SignSide.setLine(int, String)" because "frontSide" is null
	at org.fourz.BarterShops.sign.SignDisplay.displayTemporaryMessage(SignDisplay.java:28)
	at org.fourz.BarterShops.sign.SignInteraction.showTemporaryStatus(SignInteraction.java:387)
	at org.fourz.BarterShops.sign.SignInteraction.processStackableTrade(SignInteraction.java:210)
	at org.fourz.BarterShops.sign.SignInteraction.processTrade(SignInteraction.java:190)
	at org.fourz.BarterShops.sign.SignInteraction.handleCustomerRightClick(SignInteraction.java:171)
	at org.fourz.BarterShops.sign.SignInteraction.handleRightClick(SignInteraction.java:101)
	at org.fourz.BarterShops.sign.SignInteractionTest$CustomerRightClickTests.handleRightClick_customer_initiatesTrade(SignInteractionTest.java:275)
	at java.base/java.lang.reflect.Method.invoke(Method.java:580)
	at java.base/java.util.ArrayList.forEach(ArrayList.java:1597)
	at java.base/java.util.ArrayList.forEach(ArrayList.java:1597)
	at java.base/java.util.ArrayList.forEach(ArrayList.java:1597)

[ERROR] org.fourz.BarterShops.sign.SignInteractionTest$CustomerRightClickTests.handleRightClick_noContainer_blocked -- Time elapsed: 0.005 s <<< ERROR!
java.lang.NullPointerException: Cannot invoke "org.bukkit.block.sign.SignSide.setLine(int, String)" because "frontSide" is null
	at org.fourz.BarterShops.sign.SignDisplay.displayTemporaryMessage(SignDisplay.java:28)
	at org.fourz.BarterShops.sign.SignInteraction.showTemporaryStatus(SignInteraction.java:387)
	at org.fourz.BarterShops.sign.SignInteraction.processStackableTrade(SignInteraction.java:210)
	at org.fourz.BarterShops.sign.SignInteraction.processTrade(SignInteraction.java:190)
	at org.fourz.BarterShops.sign.SignInteraction.handleCustomerRightClick(SignInteraction.java:171)
	at org.fourz.BarterShops.sign.SignInteraction.handleRightClick(SignInteraction.java:101)
	at org.fourz.BarterShops.sign.SignInteractionTest$CustomerRightClickTests.handleRightClick_noContainer_blocked(SignInteractionTest.java:341)
	at java.base/java.lang.reflect.Method.invoke(Method.java:580)
	at java.base/java.util.ArrayList.forEach(ArrayList.java:1597)
	at java.base/java.util.ArrayList.forEach(ArrayList.java:1597)
	at java.base/java.util.ArrayList.forEach(ArrayList.java:1597)

[ERROR] org.fourz.BarterShops.sign.SignInteractionTest$CustomerRightClickTests.handleRightClick_notBoardMode_blocked -- Time elapsed: 0 s <<< FAILURE!
Wanted but not invoked:
customer.sendMessage(
    "This shop is currently being configured"
);
-> at org.fourz.BarterShops.sign.SignInteractionTest$CustomerRightClickTests.handleRightClick_notBoardMode_blocked(SignInteractionTest.java:289)

However, there were exactly 2 interactions with this mock:
customer.getName();
-> at org.fourz.BarterShops.sign.SignInteraction.handleRightClick(SignInteraction.java:96)

customer.getUniqueId();
-> at org.fourz.BarterShops.sign.SignInteraction.handleRightClick(SignInteraction.java:98)


	at org.fourz.BarterShops.sign.SignInteractionTest$CustomerRightClickTests.handleRightClick_notBoardMode_blocked(SignInteractionTest.java:289)
	at java.base/java.lang.reflect.Method.invoke(Method.java:580)
	at java.base/java.util.ArrayList.forEach(ArrayList.java:1597)
	at java.base/java.util.ArrayList.forEach(ArrayList.java:1597)
	at java.base/java.util.ArrayList.forEach(ArrayList.java:1597)

[ERROR] org.fourz.BarterShops.sign.SignInteractionTest$CustomerRightClickTests.handleRightClick_noPaymentItem_blocked -- Time elapsed: 0.002 s <<< ERROR!
java.lang.NullPointerException: Cannot invoke "org.bukkit.block.sign.SignSide.setLine(int, String)" because "frontSide" is null
	at org.fourz.BarterShops.sign.SignDisplay.displayTemporaryMessage(SignDisplay.java:28)
	at org.fourz.BarterShops.sign.SignInteraction.showTemporaryStatus(SignInteraction.java:387)
	at org.fourz.BarterShops.sign.SignInteraction.processStackableTrade(SignInteraction.java:210)
	at org.fourz.BarterShops.sign.SignInteraction.processTrade(SignInteraction.java:190)
	at org.fourz.BarterShops.sign.SignInteraction.handleCustomerRightClick(SignInteraction.java:171)
	at org.fourz.BarterShops.sign.SignInteraction.handleRightClick(SignInteraction.java:101)
	at org.fourz.BarterShops.sign.SignInteractionTest$CustomerRightClickTests.handleRightClick_noPaymentItem_blocked(SignInteractionTest.java:321)
	at java.base/java.lang.reflect.Method.invoke(Method.java:580)
	at java.base/java.util.ArrayList.forEach(ArrayList.java:1597)
	at java.base/java.util.ArrayList.forEach(ArrayList.java:1597)
	at java.base/java.util.ArrayList.forEach(ArrayList.java:1597)

[ERROR] org.fourz.BarterShops.sign.SignInteractionTest$CustomerRightClickTests.handleRightClick_fallbackMode_blocked -- Time elapsed: 0 s <<< ERROR!
java.lang.NullPointerException: Cannot invoke "org.bukkit.block.sign.SignSide.setLine(int, String)" because "frontSide" is null
	at org.fourz.BarterShops.sign.SignDisplay.displayTemporaryMessage(SignDisplay.java:28)
	at org.fourz.BarterShops.sign.SignInteraction.showTemporaryStatus(SignInteraction.java:387)
	at org.fourz.BarterShops.sign.SignInteraction.processTrade(SignInteraction.java:181)
	at org.fourz.BarterShops.sign.SignInteraction.handleCustomerRightClick(SignInteraction.java:171)
	at org.fourz.BarterShops.sign.SignInteraction.handleRightClick(SignInteraction.java:101)
	at org.fourz.BarterShops.sign.SignInteractionTest$CustomerRightClickTests.handleRightClick_fallbackMode_blocked(SignInteractionTest.java:298)
	at java.base/java.lang.reflect.Method.invoke(Method.java:580)
	at java.base/java.util.ArrayList.forEach(ArrayList.java:1597)
	at java.base/java.util.ArrayList.forEach(ArrayList.java:1597)
	at java.base/java.util.ArrayList.forEach(ArrayList.java:1597)

[INFO] Running org.fourz.BarterShops.sign.SignInteractionTest$OwnerRightClickTests
[ERROR] Tests run: 4, Failures: 3, Errors: 1, Skipped: 0, Time elapsed: 0.091 s <<< FAILURE! -- in org.fourz.BarterShops.sign.SignInteractionTest$OwnerRightClickTests
[ERROR] org.fourz.BarterShops.sign.SignInteractionTest$OwnerRightClickTests.handleRightClick_ownerFromDelete_wrapsToSetup -- Time elapsed: 0.073 s <<< FAILURE!
org.opentest4j.AssertionFailedError: expected: <SETUP> but was: <DELETE>
	at org.junit.jupiter.api.AssertionFailureBuilder.build(AssertionFailureBuilder.java:151)
	at org.junit.jupiter.api.AssertionFailureBuilder.buildAndThrow(AssertionFailureBuilder.java:132)
	at org.junit.jupiter.api.AssertEquals.failNotEqual(AssertEquals.java:197)
	at org.junit.jupiter.api.AssertEquals.assertEquals(AssertEquals.java:182)
	at org.junit.jupiter.api.AssertEquals.assertEquals(AssertEquals.java:177)
	at org.junit.jupiter.api.Assertions.assertEquals(Assertions.java:1145)
	at org.fourz.BarterShops.sign.SignInteractionTest$OwnerRightClickTests.handleRightClick_ownerFromDelete_wrapsToSetup(SignInteractionTest.java:236)
	at java.base/java.lang.reflect.Method.invoke(Method.java:580)
	at java.base/java.util.ArrayList.forEach(ArrayList.java:1597)
	at java.base/java.util.ArrayList.forEach(ArrayList.java:1597)
	at java.base/java.util.ArrayList.forEach(ArrayList.java:1597)

[ERROR] org.fourz.BarterShops.sign.SignInteractionTest$OwnerRightClickTests.handleRightClick_ownerFromSetup_advancesToType -- Time elapsed: 0 s <<< FAILURE!
org.opentest4j.AssertionFailedError: expected: <TYPE> but was: <SETUP>
	at org.junit.jupiter.api.AssertionFailureBuilder.build(AssertionFailureBuilder.java:151)
	at org.junit.jupiter.api.AssertionFailureBuilder.buildAndThrow(AssertionFailureBuilder.java:132)
	at org.junit.jupiter.api.AssertEquals.failNotEqual(AssertEquals.java:197)
	at org.junit.jupiter.api.AssertEquals.assertEquals(AssertEquals.java:182)
	at org.junit.jupiter.api.AssertEquals.assertEquals(AssertEquals.java:177)
	at org.junit.jupiter.api.Assertions.assertEquals(Assertions.java:1145)
	at org.fourz.BarterShops.sign.SignInteractionTest$OwnerRightClickTests.handleRightClick_ownerFromSetup_advancesToType(SignInteractionTest.java:194)
	at java.base/java.lang.reflect.Method.invoke(Method.java:580)
	at java.base/java.util.ArrayList.forEach(ArrayList.java:1597)
	at java.base/java.util.ArrayList.forEach(ArrayList.java:1597)
	at java.base/java.util.ArrayList.forEach(ArrayList.java:1597)

[ERROR] org.fourz.BarterShops.sign.SignInteractionTest$OwnerRightClickTests.handleRightClick_ownerFromBoard_advancesToDelete -- Time elapsed: 0.008 s <<< FAILURE!
org.opentest4j.AssertionFailedError: expected: <DELETE> but was: <BOARD>
	at org.junit.jupiter.api.AssertionFailureBuilder.build(AssertionFailureBuilder.java:151)
	at org.junit.jupiter.api.AssertionFailureBuilder.buildAndThrow(AssertionFailureBuilder.java:132)
	at org.junit.jupiter.api.AssertEquals.failNotEqual(AssertEquals.java:197)
	at org.junit.jupiter.api.AssertEquals.assertEquals(AssertEquals.java:182)
	at org.junit.jupiter.api.AssertEquals.assertEquals(AssertEquals.java:177)
	at org.junit.jupiter.api.Assertions.assertEquals(Assertions.java:1145)
	at org.fourz.BarterShops.sign.SignInteractionTest$OwnerRightClickTests.handleRightClick_ownerFromBoard_advancesToDelete(SignInteractionTest.java:222)
	at java.base/java.lang.reflect.Method.invoke(Method.java:580)
	at java.base/java.util.ArrayList.forEach(ArrayList.java:1597)
	at java.base/java.util.ArrayList.forEach(ArrayList.java:1597)
	at java.base/java.util.ArrayList.forEach(ArrayList.java:1597)

[ERROR] org.fourz.BarterShops.sign.SignInteractionTest$OwnerRightClickTests.handleRightClick_ownerFromType_advancesToBoard -- Time elapsed: 0.002 s <<< ERROR!
java.lang.NullPointerException: Cannot invoke "org.fourz.BarterShops.config.TypeAvailabilityManager.getNextSignType(org.fourz.BarterShops.sign.SignType)" because the return value of "org.fourz.BarterShops.BarterShops.getTypeAvailabilityManager()" is null
	at org.fourz.BarterShops.sign.SignInteraction.handleOwnerRightClick(SignInteraction.java:135)
	at org.fourz.BarterShops.sign.SignInteraction.handleRightClick(SignInteraction.java:99)
	at org.fourz.BarterShops.sign.SignInteractionTest$OwnerRightClickTests.handleRightClick_ownerFromType_advancesToBoard(SignInteractionTest.java:206)
	at java.base/java.lang.reflect.Method.invoke(Method.java:580)
	at java.base/java.util.ArrayList.forEach(ArrayList.java:1597)
	at java.base/java.util.ArrayList.forEach(ArrayList.java:1597)
	at java.base/java.util.ArrayList.forEach(ArrayList.java:1597)

[INFO] Running org.fourz.BarterShops.sign.SignInteractionTest$OwnerLeftClickTests
[ERROR] Tests run: 2, Failures: 1, Errors: 0, Skipped: 0, Time elapsed: 0.010 s <<< FAILURE! -- in org.fourz.BarterShops.sign.SignInteractionTest$OwnerLeftClickTests
[ERROR] org.fourz.BarterShops.sign.SignInteractionTest$OwnerLeftClickTests.handleLeftClick_owner_enterSetupMode -- Time elapsed: 0.008 s <<< FAILURE!
org.opentest4j.AssertionFailedError: expected: <SETUP> but was: <DELETE>
	at org.junit.jupiter.api.AssertionFailureBuilder.build(AssertionFailureBuilder.java:151)
	at org.junit.jupiter.api.AssertionFailureBuilder.buildAndThrow(AssertionFailureBuilder.java:132)
	at org.junit.jupiter.api.AssertEquals.failNotEqual(AssertEquals.java:197)
	at org.junit.jupiter.api.AssertEquals.assertEquals(AssertEquals.java:182)
	at org.junit.jupiter.api.AssertEquals.assertEquals(AssertEquals.java:177)
	at org.junit.jupiter.api.Assertions.assertEquals(Assertions.java:1145)
	at org.fourz.BarterShops.sign.SignInteractionTest$OwnerLeftClickTests.handleLeftClick_owner_enterSetupMode(SignInteractionTest.java:156)
	at java.base/java.lang.reflect.Method.invoke(Method.java:580)
	at java.base/java.util.ArrayList.forEach(ArrayList.java:1597)
	at java.base/java.util.ArrayList.forEach(ArrayList.java:1597)
	at java.base/java.util.ArrayList.forEach(ArrayList.java:1597)

[INFO] Tests run: 0, Failures: 0, Errors: 0, Skipped: 0, Time elapsed: 0.624 s -- in org.fourz.BarterShops.sign.SignInteractionTest
[INFO] Running org.fourz.BarterShops.sign.SignManagerTest
[INFO] Running org.fourz.BarterShops.sign.SignManagerTest$SignProtectionTests
[INFO] Tests run: 5, Failures: 0, Errors: 0, Skipped: 0, Time elapsed: 0.300 s -- in org.fourz.BarterShops.sign.SignManagerTest$SignProtectionTests
[INFO] Running org.fourz.BarterShops.sign.SignManagerTest$CleanupTests
[INFO] Tests run: 1, Failures: 0, Errors: 0, Skipped: 0, Time elapsed: 0.007 s -- in org.fourz.BarterShops.sign.SignManagerTest$CleanupTests
[INFO] Running org.fourz.BarterShops.sign.SignManagerTest$BarterSignsMapTests
[INFO] Tests run: 1, Failures: 0, Errors: 0, Skipped: 0, Time elapsed: 0.009 s -- in org.fourz.BarterShops.sign.SignManagerTest$BarterSignsMapTests
[INFO] Running org.fourz.BarterShops.sign.SignManagerTest$SignInteractionTests
[ERROR] Tests run: 3, Failures: 2, Errors: 0, Skipped: 0, Time elapsed: 0.032 s <<< FAILURE! -- in org.fourz.BarterShops.sign.SignManagerTest$SignInteractionTests
[ERROR] org.fourz.BarterShops.sign.SignManagerTest$SignInteractionTests.onSignClick_rightClick_delegatesToSignInteraction -- Time elapsed: 0.009 s <<< FAILURE!
Wanted but not invoked:
playerInteractEvent.setCancelled(true);
-> at org.bukkit.event.player.PlayerInteractEvent.setCancelled(PlayerInteractEvent.java:100)

However, there were exactly 2 interactions with this mock:
playerInteractEvent.getClickedBlock();
-> at org.fourz.BarterShops.sign.SignManager.onSignClick(SignManager.java:310)

playerInteractEvent.getPlayer();
-> at org.fourz.BarterShops.sign.SignManager.onSignClick(SignManager.java:315)


	at org.bukkit.event.player.PlayerInteractEvent.setCancelled(PlayerInteractEvent.java:100)
	at org.fourz.BarterShops.sign.SignManagerTest$SignInteractionTests.onSignClick_rightClick_delegatesToSignInteraction(SignManagerTest.java:256)
	at java.base/java.lang.reflect.Method.invoke(Method.java:580)
	at java.base/java.util.ArrayList.forEach(ArrayList.java:1597)
	at java.base/java.util.ArrayList.forEach(ArrayList.java:1597)
	at java.base/java.util.ArrayList.forEach(ArrayList.java:1597)

[ERROR] org.fourz.BarterShops.sign.SignManagerTest$SignInteractionTests.onSignClick_leftClick_delegatesToSignInteraction -- Time elapsed: 0.002 s <<< FAILURE!
Wanted but not invoked:
playerInteractEvent.setCancelled(true);
-> at org.bukkit.event.player.PlayerInteractEvent.setCancelled(PlayerInteractEvent.java:100)

However, there were exactly 2 interactions with this mock:
playerInteractEvent.getClickedBlock();
-> at org.fourz.BarterShops.sign.SignManager.onSignClick(SignManager.java:310)

playerInteractEvent.getPlayer();
-> at org.fourz.BarterShops.sign.SignManager.onSignClick(SignManager.java:315)


	at org.bukkit.event.player.PlayerInteractEvent.setCancelled(PlayerInteractEvent.java:100)
	at org.fourz.BarterShops.sign.SignManagerTest$SignInteractionTests.onSignClick_leftClick_delegatesToSignInteraction(SignManagerTest.java:241)
	at java.base/java.lang.reflect.Method.invoke(Method.java:580)
	at java.base/java.util.ArrayList.forEach(ArrayList.java:1597)
	at java.base/java.util.ArrayList.forEach(ArrayList.java:1597)
	at java.base/java.util.ArrayList.forEach(ArrayList.java:1597)

[INFO] Running org.fourz.BarterShops.sign.SignManagerTest$SignCreationTests
[ERROR] Tests run: 3, Failures: 3, Errors: 0, Skipped: 0, Time elapsed: 0.030 s <<< FAILURE! -- in org.fourz.BarterShops.sign.SignManagerTest$SignCreationTests
[ERROR] org.fourz.BarterShops.sign.SignManagerTest$SignCreationTests.onSignChange_noPermission_cancelsEvent -- Time elapsed: 0.017 s <<< FAILURE!
Argument(s) are different! Wanted:
player.sendMessage(
    "You do not have permission to create a shop!"
);
-> at org.fourz.BarterShops.sign.SignManagerTest$SignCreationTests.onSignChange_noPermission_cancelsEvent(SignManagerTest.java:185)
Actual invocations have different arguments:
player.hasPermission(
    "bartershops.create"
);
-> at org.fourz.BarterShops.sign.SignManager.onSignChange(SignManager.java:186)
player.sendMessage(
    "§cYou don't have permission to create shops."
);
-> at org.fourz.BarterShops.sign.SignManager.onSignChange(SignManager.java:204)
player.getName(
    
);
-> at org.fourz.BarterShops.sign.SignManager.onSignChange(SignManager.java:205)

	at org.fourz.BarterShops.sign.SignManagerTest$SignCreationTests.onSignChange_noPermission_cancelsEvent(SignManagerTest.java:185)
	at java.base/java.lang.reflect.Method.invoke(Method.java:580)
	at java.base/java.util.ArrayList.forEach(ArrayList.java:1597)
	at java.base/java.util.ArrayList.forEach(ArrayList.java:1597)
	at java.base/java.util.ArrayList.forEach(ArrayList.java:1597)

[ERROR] org.fourz.BarterShops.sign.SignManagerTest$SignCreationTests.onSignChange_validBarterSign_createsBarterSign -- Time elapsed: 0 s <<< FAILURE!
Argument(s) are different! Wanted:
player.sendMessage(
    "Shop created successfully! Punch sign to configure."
);
-> at org.fourz.BarterShops.sign.SignManagerTest$SignCreationTests.onSignChange_validBarterSign_createsBarterSign(SignManagerTest.java:163)
Actual invocations have different arguments:
player.hasPermission(
    "bartershops.create"
);
-> at org.fourz.BarterShops.sign.SignManager.onSignChange(SignManager.java:186)
player.getName(
    
);
-> at org.fourz.BarterShops.sign.SignManager.onSignChange(SignManager.java:187)
player.getName(
    
);
-> at org.fourz.BarterShops.sign.SignManager.createBarterSign(SignManager.java:104)
player.getUniqueId(
    
);
-> at org.fourz.BarterShops.sign.SignManager.createBarterSign(SignManager.java:111)
player.getName(
    
);
-> at org.fourz.BarterShops.sign.SignManager.createBarterSign(SignManager.java:121)
player.sendMessage(
    "§aShop created!"
);
-> at org.fourz.BarterShops.sign.SignManager.onSignChange(SignManager.java:193)

	at org.fourz.BarterShops.sign.SignManagerTest$SignCreationTests.onSignChange_validBarterSign_createsBarterSign(SignManagerTest.java:163)
	at java.base/java.lang.reflect.Method.invoke(Method.java:580)
	at java.base/java.util.ArrayList.forEach(ArrayList.java:1597)
	at java.base/java.util.ArrayList.forEach(ArrayList.java:1597)
	at java.base/java.util.ArrayList.forEach(ArrayList.java:1597)

[ERROR] org.fourz.BarterShops.sign.SignManagerTest$SignCreationTests.onSignChange_noContainer_cancelsEvent -- Time elapsed: 0.012 s <<< FAILURE!
Argument(s) are different! Wanted:
player.sendMessage(
    "Invalid shop location! Place sign on or above a container."
);
-> at org.fourz.BarterShops.sign.SignManagerTest$SignCreationTests.onSignChange_noContainer_cancelsEvent(SignManagerTest.java:206)
Actual invocations have different arguments:
player.hasPermission(
    "bartershops.create"
);
-> at org.fourz.BarterShops.sign.SignManager.onSignChange(SignManager.java:186)
player.getName(
    
);
-> at org.fourz.BarterShops.sign.SignManager.onSignChange(SignManager.java:187)
player.sendMessage(
    "§cInvalid location! Place sign on or above a chest."
);
-> at org.fourz.BarterShops.sign.SignManager.onSignChange(SignManager.java:199)
player.getName(
    
);
-> at org.fourz.BarterShops.sign.SignManager.onSignChange(SignManager.java:200)

	at org.fourz.BarterShops.sign.SignManagerTest$SignCreationTests.onSignChange_noContainer_cancelsEvent(SignManagerTest.java:206)
	at java.base/java.lang.reflect.Method.invoke(Method.java:580)
	at java.base/java.util.ArrayList.forEach(ArrayList.java:1597)
	at java.base/java.util.ArrayList.forEach(ArrayList.java:1597)
	at java.base/java.util.ArrayList.forEach(ArrayList.java:1597)

[INFO] Tests run: 0, Failures: 0, Errors: 0, Skipped: 0, Time elapsed: 0.386 s -- in org.fourz.BarterShops.sign.SignManagerTest
[INFO] Running org.fourz.BarterShops.trade.TradeEngineTest
[INFO] Running org.fourz.BarterShops.trade.TradeEngineTest$UtilityMethodTests
[INFO] Tests run: 3, Failures: 0, Errors: 0, Skipped: 0, Time elapsed: 0.141 s -- in org.fourz.BarterShops.trade.TradeEngineTest$UtilityMethodTests
[INFO] Running org.fourz.BarterShops.trade.TradeEngineTest$ShutdownTests
[INFO] Tests run: 1, Failures: 0, Errors: 0, Skipped: 0, Time elapsed: 0.009 s -- in org.fourz.BarterShops.trade.TradeEngineTest$ShutdownTests
[INFO] Running org.fourz.BarterShops.trade.TradeEngineTest$ActiveSessionCountTests
[INFO] Tests run: 1, Failures: 0, Errors: 0, Skipped: 0, Time elapsed: 0 s -- in org.fourz.BarterShops.trade.TradeEngineTest$ActiveSessionCountTests
[INFO] Running org.fourz.BarterShops.trade.TradeEngineTest$SessionCleanupTests
[INFO] Tests run: 1, Failures: 0, Errors: 0, Skipped: 0, Time elapsed: 0.033 s -- in org.fourz.BarterShops.trade.TradeEngineTest$SessionCleanupTests
[INFO] Running org.fourz.BarterShops.trade.TradeEngineTest$SessionCancellationTests
[INFO] Tests run: 4, Failures: 0, Errors: 0, Skipped: 0, Time elapsed: 0.015 s -- in org.fourz.BarterShops.trade.TradeEngineTest$SessionCancellationTests
[INFO] Running org.fourz.BarterShops.trade.TradeEngineTest$TradeExecutionTests
[INFO] Tests run: 3, Failures: 0, Errors: 0, Skipped: 0, Time elapsed: 0.034 s -- in org.fourz.BarterShops.trade.TradeEngineTest$TradeExecutionTests
[INFO] Running org.fourz.BarterShops.trade.TradeEngineTest$SessionRetrievalTests
[INFO] Tests run: 4, Failures: 0, Errors: 0, Skipped: 0, Time elapsed: 0.024 s -- in org.fourz.BarterShops.trade.TradeEngineTest$SessionRetrievalTests
[INFO] Running org.fourz.BarterShops.trade.TradeEngineTest$TradeInitiationTests
[INFO] Tests run: 5, Failures: 0, Errors: 0, Skipped: 0, Time elapsed: 0.026 s -- in org.fourz.BarterShops.trade.TradeEngineTest$TradeInitiationTests
[INFO] Tests run: 0, Failures: 0, Errors: 0, Skipped: 0, Time elapsed: 0.286 s -- in org.fourz.BarterShops.trade.TradeEngineTest
[INFO] 
[INFO] Results:
[INFO] 
[ERROR] Failures: 
[ERROR]   RatingServiceTest$RatingCreationTests.rateShopRejectsNullRater:132 Unexpected exception type thrown, expected: <java.util.concurrent.ExecutionException> but was: <java.lang.NullPointerException>
[ERROR]   SignInteractionTest$CustomerRightClickTests.handleRightClick_notBoardMode_blocked:289 
Wanted but not invoked:
customer.sendMessage(
    "This shop is currently being configured"
);
-> at org.fourz.BarterShops.sign.SignInteractionTest$CustomerRightClickTests.handleRightClick_notBoardMode_blocked(SignInteractionTest.java:289)

However, there were exactly 2 interactions with this mock:
customer.getName();
-> at org.fourz.BarterShops.sign.SignInteraction.handleRightClick(SignInteraction.java:96)

customer.getUniqueId();
-> at org.fourz.BarterShops.sign.SignInteraction.handleRightClick(SignInteraction.java:98)


[ERROR]   SignInteractionTest$OwnerLeftClickTests.handleLeftClick_owner_enterSetupMode:156 expected: <SETUP> but was: <DELETE>
[ERROR]   SignInteractionTest$OwnerRightClickTests.handleRightClick_ownerFromBoard_advancesToDelete:222 expected: <DELETE> but was: <BOARD>
[ERROR]   SignInteractionTest$OwnerRightClickTests.handleRightClick_ownerFromDelete_wrapsToSetup:236 expected: <SETUP> but was: <DELETE>
[ERROR]   SignInteractionTest$OwnerRightClickTests.handleRightClick_ownerFromSetup_advancesToType:194 expected: <TYPE> but was: <SETUP>
[ERROR]   SignManagerTest$SignCreationTests.onSignChange_noContainer_cancelsEvent:206 
Argument(s) are different! Wanted:
player.sendMessage(
    "Invalid shop location! Place sign on or above a container."
);
-> at org.fourz.BarterShops.sign.SignManagerTest$SignCreationTests.onSignChange_noContainer_cancelsEvent(SignManagerTest.java:206)
Actual invocations have different arguments:
player.hasPermission(
    "bartershops.create"
);
-> at org.fourz.BarterShops.sign.SignManager.onSignChange(SignManager.java:186)
player.getName(
    
);
-> at org.fourz.BarterShops.sign.SignManager.onSignChange(SignManager.java:187)
player.sendMessage(
    "§cInvalid location! Place sign on or above a chest."
);
-> at org.fourz.BarterShops.sign.SignManager.onSignChange(SignManager.java:199)
player.getName(
    
);
-> at org.fourz.BarterShops.sign.SignManager.onSignChange(SignManager.java:200)

[ERROR]   SignManagerTest$SignCreationTests.onSignChange_noPermission_cancelsEvent:185 
Argument(s) are different! Wanted:
player.sendMessage(
    "You do not have permission to create a shop!"
);
-> at org.fourz.BarterShops.sign.SignManagerTest$SignCreationTests.onSignChange_noPermission_cancelsEvent(SignManagerTest.java:185)
Actual invocations have different arguments:
player.hasPermission(
    "bartershops.create"
);
-> at org.fourz.BarterShops.sign.SignManager.onSignChange(SignManager.java:186)
player.sendMessage(
    "§cYou don't have permission to create shops."
);
-> at org.fourz.BarterShops.sign.SignManager.onSignChange(SignManager.java:204)
player.getName(
    
);
-> at org.fourz.BarterShops.sign.SignManager.onSignChange(SignManager.java:205)

[ERROR]   SignManagerTest$SignCreationTests.onSignChange_validBarterSign_createsBarterSign:163 
Argument(s) are different! Wanted:
player.sendMessage(
    "Shop created successfully! Punch sign to configure."
);
-> at org.fourz.BarterShops.sign.SignManagerTest$SignCreationTests.onSignChange_validBarterSign_createsBarterSign(SignManagerTest.java:163)
Actual invocations have different arguments:
player.hasPermission(
    "bartershops.create"
);
-> at org.fourz.BarterShops.sign.SignManager.onSignChange(SignManager.java:186)
player.getName(
    
);
-> at org.fourz.BarterShops.sign.SignManager.onSignChange(SignManager.java:187)
player.getName(
    
);
-> at org.fourz.BarterShops.sign.SignManager.createBarterSign(SignManager.java:104)
player.getUniqueId(
    
);
-> at org.fourz.BarterShops.sign.SignManager.createBarterSign(SignManager.java:111)
player.getName(
    
);
-> at org.fourz.BarterShops.sign.SignManager.createBarterSign(SignManager.java:121)
player.sendMessage(
    "§aShop created!"
);
-> at org.fourz.BarterShops.sign.SignManager.onSignChange(SignManager.java:193)

[ERROR]   SignManagerTest$SignInteractionTests.onSignClick_leftClick_delegatesToSignInteraction:241 
Wanted but not invoked:
playerInteractEvent.setCancelled(true);
-> at org.bukkit.event.player.PlayerInteractEvent.setCancelled(PlayerInteractEvent.java:100)

However, there were exactly 2 interactions with this mock:
playerInteractEvent.getClickedBlock();
-> at org.fourz.BarterShops.sign.SignManager.onSignClick(SignManager.java:310)

playerInteractEvent.getPlayer();
-> at org.fourz.BarterShops.sign.SignManager.onSignClick(SignManager.java:315)


[ERROR]   SignManagerTest$SignInteractionTests.onSignClick_rightClick_delegatesToSignInteraction:256 
Wanted but not invoked:
playerInteractEvent.setCancelled(true);
-> at org.bukkit.event.player.PlayerInteractEvent.setCancelled(PlayerInteractEvent.java:100)

However, there were exactly 2 interactions with this mock:
playerInteractEvent.getClickedBlock();
-> at org.fourz.BarterShops.sign.SignManager.onSignClick(SignManager.java:310)

playerInteractEvent.getPlayer();
-> at org.fourz.BarterShops.sign.SignManager.onSignClick(SignManager.java:315)


[ERROR] Errors: 
[ERROR]   ConnectionProviderImplTest$ConnectionTests.shouldReturnAsyncConnection:152 » NullPointer Cannot invoke "String.toLowerCase()" because the return value of "org.bukkit.configuration.file.FileConfiguration.getString(String, String)" is null
[ERROR]   ConnectionProviderImplTest$ConnectionTests.shouldThrowWhenNotInitialized:144 » NullPointer Cannot invoke "String.toLowerCase()" because the return value of "org.bukkit.configuration.file.FileConfiguration.getString(String, String)" is null
[ERROR]   ConnectionProviderImplTest$ConstructionTests.shouldCreateWithMysqlType:96 » PotentialStubbingProblem 
Strict stubbing argument mismatch. Please check:
 - this invocation of 'getString' method:
    fileConfiguration.getString(
    "storage.type",
    "sqlite"
);
    -> at org.fourz.BarterShops.data.repository.impl.ConnectionProviderImpl.<init>(ConnectionProviderImpl.java:63)
 - has following stubbing(s) with different arguments:
    1. fileConfiguration.getString(
    "database.type",
    "sqlite"
);
      -> at org.fourz.BarterShops.data.repository.impl.ConnectionProviderImplTest$ConstructionTests.shouldCreateWithMysqlType(ConnectionProviderImplTest.java:94)
Typically, stubbing argument mismatch indicates user mistake when writing tests.
Mockito fails early so that you can debug potential problem easily.
However, there are legit scenarios when this exception generates false negative signal:
  - stubbing the same method multiple times using 'given().will()' or 'when().then()' API
    Please use 'will().given()' or 'doReturn().when()' API for stubbing.
  - stubbed method is intentionally invoked with different arguments by code under test
    Please use default or 'silent' JUnit Rule (equivalent of Strictness.LENIENT).
For more information see javadoc for PotentialStubbingProblem class.
[ERROR]   ConnectionProviderImplTest$ConstructionTests.shouldCreateWithSqliteDefault:86 » PotentialStubbingProblem 
Strict stubbing argument mismatch. Please check:
 - this invocation of 'getString' method:
    fileConfiguration.getString(
    "storage.type",
    "sqlite"
);
    -> at org.fourz.BarterShops.data.repository.impl.ConnectionProviderImpl.<init>(ConnectionProviderImpl.java:63)
 - has following stubbing(s) with different arguments:
    1. fileConfiguration.getString(
    "database.type",
    "sqlite"
);
      -> at org.fourz.BarterShops.data.repository.impl.ConnectionProviderImplTest$ConstructionTests.shouldCreateWithSqliteDefault(ConnectionProviderImplTest.java:84)
Typically, stubbing argument mismatch indicates user mistake when writing tests.
Mockito fails early so that you can debug potential problem easily.
However, there are legit scenarios when this exception generates false negative signal:
  - stubbing the same method multiple times using 'given().will()' or 'when().then()' API
    Please use 'will().given()' or 'doReturn().when()' API for stubbing.
  - stubbed method is intentionally invoked with different arguments by code under test
    Please use default or 'silent' JUnit Rule (equivalent of Strictness.LENIENT).
For more information see javadoc for PotentialStubbingProblem class.
[ERROR]   ConnectionProviderImplTest$ConstructionTests.shouldNormalizeDatabaseType:106 » PotentialStubbingProblem 
Strict stubbing argument mismatch. Please check:
 - this invocation of 'getString' method:
    fileConfiguration.getString(
    "storage.type",
    "sqlite"
);
    -> at org.fourz.BarterShops.data.repository.impl.ConnectionProviderImpl.<init>(ConnectionProviderImpl.java:63)
 - has following stubbing(s) with different arguments:
    1. fileConfiguration.getString(
    "database.type",
    "sqlite"
);
      -> at org.fourz.BarterShops.data.repository.impl.ConnectionProviderImplTest$ConstructionTests.shouldNormalizeDatabaseType(ConnectionProviderImplTest.java:104)
Typically, stubbing argument mismatch indicates user mistake when writing tests.
Mockito fails early so that you can debug potential problem easily.
However, there are legit scenarios when this exception generates false negative signal:
  - stubbing the same method multiple times using 'given().will()' or 'when().then()' API
    Please use 'will().given()' or 'doReturn().when()' API for stubbing.
  - stubbed method is intentionally invoked with different arguments by code under test
    Please use default or 'silent' JUnit Rule (equivalent of Strictness.LENIENT).
For more information see javadoc for PotentialStubbingProblem class.
[ERROR]   ConnectionProviderImplTest$DatabaseTypeTests.shouldHandleMixedCase:210 » PotentialStubbingProblem 
Strict stubbing argument mismatch. Please check:
 - this invocation of 'getString' method:
    fileConfiguration.getString(
    "storage.type",
    "sqlite"
);
    -> at org.fourz.BarterShops.data.repository.impl.ConnectionProviderImpl.<init>(ConnectionProviderImpl.java:63)
 - has following stubbing(s) with different arguments:
    1. fileConfiguration.getString(
    "database.type",
    "sqlite"
);
      -> at org.fourz.BarterShops.data.repository.impl.ConnectionProviderImplTest$DatabaseTypeTests.shouldHandleMixedCase(ConnectionProviderImplTest.java:208)
Typically, stubbing argument mismatch indicates user mistake when writing tests.
Mockito fails early so that you can debug potential problem easily.
However, there are legit scenarios when this exception generates false negative signal:
  - stubbing the same method multiple times using 'given().will()' or 'when().then()' API
    Please use 'will().given()' or 'doReturn().when()' API for stubbing.
  - stubbed method is intentionally invoked with different arguments by code under test
    Please use default or 'silent' JUnit Rule (equivalent of Strictness.LENIENT).
For more information see javadoc for PotentialStubbingProblem class.
[ERROR]   ConnectionProviderImplTest$DatabaseTypeTests.shouldHandleWhitespace:220 » PotentialStubbingProblem 
Strict stubbing argument mismatch. Please check:
 - this invocation of 'getString' method:
    fileConfiguration.getString(
    "storage.type",
    "sqlite"
);
    -> at org.fourz.BarterShops.data.repository.impl.ConnectionProviderImpl.<init>(ConnectionProviderImpl.java:63)
 - has following stubbing(s) with different arguments:
    1. fileConfiguration.getString(
    "database.type",
    "sqlite"
);
      -> at org.fourz.BarterShops.data.repository.impl.ConnectionProviderImplTest$DatabaseTypeTests.shouldHandleWhitespace(ConnectionProviderImplTest.java:218)
Typically, stubbing argument mismatch indicates user mistake when writing tests.
Mockito fails early so that you can debug potential problem easily.
However, there are legit scenarios when this exception generates false negative signal:
  - stubbing the same method multiple times using 'given().will()' or 'when().then()' API
    Please use 'will().given()' or 'doReturn().when()' API for stubbing.
  - stubbed method is intentionally invoked with different arguments by code under test
    Please use default or 'silent' JUnit Rule (equivalent of Strictness.LENIENT).
For more information see javadoc for PotentialStubbingProblem class.
[ERROR]   ConnectionProviderImplTest$DatabaseTypeTests.shouldReturnConfiguredType:200 » PotentialStubbingProblem 
Strict stubbing argument mismatch. Please check:
 - this invocation of 'getString' method:
    fileConfiguration.getString(
    "storage.type",
    "sqlite"
);
    -> at org.fourz.BarterShops.data.repository.impl.ConnectionProviderImpl.<init>(ConnectionProviderImpl.java:63)
 - has following stubbing(s) with different arguments:
    1. fileConfiguration.getString(
    "database.type",
    "sqlite"
);
      -> at org.fourz.BarterShops.data.repository.impl.ConnectionProviderImplTest$DatabaseTypeTests.shouldReturnConfiguredType(ConnectionProviderImplTest.java:198)
Typically, stubbing argument mismatch indicates user mistake when writing tests.
Mockito fails early so that you can debug potential problem easily.
However, there are legit scenarios when this exception generates false negative signal:
  - stubbing the same method multiple times using 'given().will()' or 'when().then()' API
    Please use 'will().given()' or 'doReturn().when()' API for stubbing.
  - stubbed method is intentionally invoked with different arguments by code under test
    Please use default or 'silent' JUnit Rule (equivalent of Strictness.LENIENT).
For more information see javadoc for PotentialStubbingProblem class.
[ERROR]   ConnectionProviderImplTest$HealthCheckTests.shouldReturnFalseWhenDatasourceNull:120 » NullPointer Cannot invoke "String.toLowerCase()" because the return value of "org.bukkit.configuration.file.FileConfiguration.getString(String, String)" is null
[ERROR]   ConnectionProviderImplTest$HealthCheckTests.shouldReturnPoolMetrics:129 » NullPointer Cannot invoke "String.toLowerCase()" because the return value of "org.bukkit.configuration.file.FileConfiguration.getString(String, String)" is null
[ERROR]   ConnectionProviderImplTest$MigrationTests.shouldReturnFalseWhenMigrationsFail:235 » NullPointer Cannot invoke "String.toLowerCase()" because the return value of "org.bukkit.configuration.file.FileConfiguration.getString(String, String)" is null
[ERROR]   ConnectionProviderImplTest$SchemaValidationTests.shouldReturnFalseWhenValidationFails:171 » NullPointer Cannot invoke "String.toLowerCase()" because the return value of "org.bukkit.configuration.file.FileConfiguration.getString(String, String)" is null
[ERROR]   ConnectionProviderImplTest$ShutdownTests.shouldHandleShutdownWhenNotInitialized:184 » NullPointer Cannot invoke "String.toLowerCase()" because the return value of "org.bukkit.configuration.file.FileConfiguration.getString(String, String)" is null
[ERROR]   ConnectionProviderImplTest$SqlSchemaTests.mysqlSchemaShouldContainTables:250 » NullPointer Cannot invoke "String.toLowerCase()" because the return value of "org.bukkit.configuration.file.FileConfiguration.getString(String, String)" is null
[ERROR]   ConnectionProviderImplTest$SqlSchemaTests.sqliteSchemaShouldBeDifferent:260 » PotentialStubbingProblem 
Strict stubbing argument mismatch. Please check:
 - this invocation of 'getString' method:
    fileConfiguration.getString(
    "storage.type",
    "sqlite"
);
    -> at org.fourz.BarterShops.data.repository.impl.ConnectionProviderImpl.<init>(ConnectionProviderImpl.java:63)
 - has following stubbing(s) with different arguments:
    1. fileConfiguration.getString(
    "database.type",
    "sqlite"
);
      -> at org.fourz.BarterShops.data.repository.impl.ConnectionProviderImplTest$SqlSchemaTests.sqliteSchemaShouldBeDifferent(ConnectionProviderImplTest.java:259)
Typically, stubbing argument mismatch indicates user mistake when writing tests.
Mockito fails early so that you can debug potential problem easily.
However, there are legit scenarios when this exception generates false negative signal:
  - stubbing the same method multiple times using 'given().will()' or 'when().then()' API
    Please use 'will().given()' or 'doReturn().when()' API for stubbing.
  - stubbed method is intentionally invoked with different arguments by code under test
    Please use default or 'silent' JUnit Rule (equivalent of Strictness.LENIENT).
For more information see javadoc for PotentialStubbingProblem class.
[ERROR]   EconomyManagerTest$BalanceQueryTests.getBalanceReturnsBalance » NullPointer Cannot invoke "java.util.logging.Logger.info(String)" because "<local3>.logger" is null
[ERROR]   EconomyManagerTest$BalanceQueryTests.hasReturnsFalseWhenInsufficientFunds » NullPointer Cannot invoke "java.util.logging.Logger.info(String)" because "<local3>.logger" is null
[ERROR]   EconomyManagerTest$BalanceQueryTests.hasReturnsTrueWhenSufficientFunds » NullPointer Cannot invoke "java.util.logging.Logger.info(String)" because "<local3>.logger" is null
[ERROR]   EconomyManagerTest$CleanupTests.cleanupExecutesSuccessfully » NullPointer Cannot invoke "java.util.logging.Logger.info(String)" because "<local3>.logger" is null
[ERROR]   EconomyManagerTest$CurrencyFormattingTests.currencyNamePluralDelegatesToEconomy » NullPointer Cannot invoke "java.util.logging.Logger.info(String)" because "<local3>.logger" is null
[ERROR]   EconomyManagerTest$CurrencyFormattingTests.currencyNameSingularDelegatesToEconomy » NullPointer Cannot invoke "java.util.logging.Logger.info(String)" because "<local3>.logger" is null
[ERROR]   EconomyManagerTest$CurrencyFormattingTests.formatDelegatesToEconomy » NullPointer Cannot invoke "java.util.logging.Logger.info(String)" because "<local3>.logger" is null
[ERROR]   EconomyManagerTest$DepositTests.depositAddsFunds » NullPointer Cannot invoke "java.util.logging.Logger.info(String)" because "<local3>.logger" is null
[ERROR]   EconomyManagerTest$DepositTests.depositReturnsDisabledWhenEconomyDisabled » NullPointer Cannot invoke "java.util.logging.Logger.info(String)" because "<local3>.logger" is null
[ERROR]   EconomyManagerTest$FeeCalculationTests.calculateListingFeeReturnsBaseForBarter » NullPointer Cannot invoke "java.util.logging.Logger.info(String)" because "<local3>.logger" is null
[ERROR]   EconomyManagerTest$FeeCalculationTests.calculateListingFeeReturnsCurrencyFee » NullPointer Cannot invoke "java.util.logging.Logger.info(String)" because "<local3>.logger" is null
[ERROR]   EconomyManagerTest$FeeCalculationTests.calculateListingFeeReturnsZeroWhenDisabled » NullPointer Cannot invoke "java.util.logging.Logger.info(String)" because "<local3>.logger" is null
[ERROR]   EconomyManagerTest$InitializationTests.economyManagerDisablesWhenVaultNotFound » NullPointer Cannot invoke "java.util.logging.Logger.info(String)" because "<local3>.logger" is null
[ERROR]   EconomyManagerTest$InitializationTests.economyManagerInitializesWithVaultEnabled » NullPointer Cannot invoke "java.util.logging.Logger.info(String)" because "<local3>.logger" is null
[ERROR]   EconomyManagerTest$InitializationTests.economyManagerLoadsConfiguration » NullPointer Cannot invoke "java.util.logging.Logger.info(String)" because "<local3>.logger" is null
[ERROR]   EconomyManagerTest$ListingFeeChargeTests.chargeListingFeeReturnsZeroWhenDisabled » NullPointer Cannot invoke "java.util.logging.Logger.info(String)" because "<local3>.logger" is null
[ERROR]   EconomyManagerTest$ListingFeeChargeTests.chargeListingFeeSucceeds » NullPointer Cannot invoke "java.util.logging.Logger.info(String)" because "<local3>.logger" is null
[ERROR]   EconomyManagerTest$StatisticsTests.getTotalFeesCollectedReturnsValue » NullPointer Cannot invoke "java.util.logging.Logger.info(String)" because "<local3>.logger" is null
[ERROR]   EconomyManagerTest$StatisticsTests.getTotalTaxesCollectedReturnsValue » NullPointer Cannot invoke "java.util.logging.Logger.info(String)" because "<local3>.logger" is null
[ERROR]   EconomyManagerTest$TaxCalculationTests.calculateTradeTaxReturnsPercentage » NullPointer Cannot invoke "java.util.logging.Logger.info(String)" because "<local3>.logger" is null
[ERROR]   EconomyManagerTest$TaxCalculationTests.calculateTradeTaxReturnsZeroForNegative » NullPointer Cannot invoke "java.util.logging.Logger.info(String)" because "<local3>.logger" is null
[ERROR]   EconomyManagerTest$TaxCalculationTests.calculateTradeTaxReturnsZeroWhenDisabled » NullPointer Cannot invoke "java.util.logging.Logger.info(String)" because "<local3>.logger" is null
[ERROR]   EconomyManagerTest$TradeTaxApplicationTests.applyTradeTaxReturnsZeroWhenDisabled » NullPointer Cannot invoke "java.util.logging.Logger.info(String)" because "<local3>.logger" is null
[ERROR]   EconomyManagerTest$TradeTaxApplicationTests.applyTradeTaxSucceeds » NullPointer Cannot invoke "java.util.logging.Logger.info(String)" because "<local3>.logger" is null
[ERROR]   EconomyManagerTest$WithdrawalTests.withdrawFailsWithInsufficientBalance » NullPointer Cannot invoke "java.util.logging.Logger.info(String)" because "<local3>.logger" is null
[ERROR]   EconomyManagerTest$WithdrawalTests.withdrawReturnsDisabledWhenEconomyDisabled » NullPointer Cannot invoke "java.util.logging.Logger.info(String)" because "<local3>.logger" is null
[ERROR]   EconomyManagerTest$WithdrawalTests.withdrawSucceedsWithSufficientBalance » NullPointer Cannot invoke "java.util.logging.Logger.info(String)" because "<local3>.logger" is null
[ERROR]   ShopFeeCalculatorTest$BasicFeeCalculationTests.calculateListingFeeCurrencyShops » UnnecessaryStubbing 
Unnecessary stubbings detected.
Clean & maintainable test code requires zero unnecessary code.
Following stubbings are unnecessary (click to navigate to relevant line of code):
  1. -> at org.fourz.BarterShops.economy.ShopFeeCalculatorTest.setUp(ShopFeeCalculatorTest.java:29)
  2. -> at org.fourz.BarterShops.economy.ShopFeeCalculatorTest.setUp(ShopFeeCalculatorTest.java:31)
  3. -> at org.fourz.BarterShops.economy.ShopFeeCalculatorTest.setUp(ShopFeeCalculatorTest.java:35)
  4. -> at org.fourz.BarterShops.economy.ShopFeeCalculatorTest.setUp(ShopFeeCalculatorTest.java:39)
  5. -> at org.fourz.BarterShops.economy.ShopFeeCalculatorTest.setUp(ShopFeeCalculatorTest.java:40)
  6. -> at org.fourz.BarterShops.economy.ShopFeeCalculatorTest.setUp(ShopFeeCalculatorTest.java:41)
Please remove unnecessary stubbings or use 'lenient' strictness. More info: javadoc for UnnecessaryStubbingException class.
[ERROR]   ShopFeeCalculatorTest$BasicFeeCalculationTests.calculateListingFeeReturnsFee » UnnecessaryStubbing 
Unnecessary stubbings detected.
Clean & maintainable test code requires zero unnecessary code.
Following stubbings are unnecessary (click to navigate to relevant line of code):
  1. -> at org.fourz.BarterShops.economy.ShopFeeCalculatorTest.setUp(ShopFeeCalculatorTest.java:30)
  2. -> at org.fourz.BarterShops.economy.ShopFeeCalculatorTest.setUp(ShopFeeCalculatorTest.java:31)
  3. -> at org.fourz.BarterShops.economy.ShopFeeCalculatorTest.setUp(ShopFeeCalculatorTest.java:35)
  4. -> at org.fourz.BarterShops.economy.ShopFeeCalculatorTest.setUp(ShopFeeCalculatorTest.java:39)
  5. -> at org.fourz.BarterShops.economy.ShopFeeCalculatorTest.setUp(ShopFeeCalculatorTest.java:40)
  6. -> at org.fourz.BarterShops.economy.ShopFeeCalculatorTest.setUp(ShopFeeCalculatorTest.java:41)
Please remove unnecessary stubbings or use 'lenient' strictness. More info: javadoc for UnnecessaryStubbingException class.
[ERROR]   ShopFeeCalculatorTest$BasicFeeCalculationTests.calculateTradeTaxReturnsPercentage » UnnecessaryStubbing 
Unnecessary stubbings detected.
Clean & maintainable test code requires zero unnecessary code.
Following stubbings are unnecessary (click to navigate to relevant line of code):
  1. -> at org.fourz.BarterShops.economy.ShopFeeCalculatorTest.setUp(ShopFeeCalculatorTest.java:29)
  2. -> at org.fourz.BarterShops.economy.ShopFeeCalculatorTest.setUp(ShopFeeCalculatorTest.java:30)
  3. -> at org.fourz.BarterShops.economy.ShopFeeCalculatorTest.setUp(ShopFeeCalculatorTest.java:35)
  4. -> at org.fourz.BarterShops.economy.ShopFeeCalculatorTest.setUp(ShopFeeCalculatorTest.java:39)
  5. -> at org.fourz.BarterShops.economy.ShopFeeCalculatorTest.setUp(ShopFeeCalculatorTest.java:40)
  6. -> at org.fourz.BarterShops.economy.ShopFeeCalculatorTest.setUp(ShopFeeCalculatorTest.java:41)
Please remove unnecessary stubbings or use 'lenient' strictness. More info: javadoc for UnnecessaryStubbingException class.
[ERROR]   ShopFeeCalculatorTest$CostBreakdownTests.costBreakdownCommonItem » UnnecessaryStubbing 
Unnecessary stubbings detected.
Clean & maintainable test code requires zero unnecessary code.
Following stubbings are unnecessary (click to navigate to relevant line of code):
  1. -> at org.fourz.BarterShops.economy.ShopFeeCalculatorTest.setUp(ShopFeeCalculatorTest.java:30)
  2. -> at org.fourz.BarterShops.economy.ShopFeeCalculatorTest.setUp(ShopFeeCalculatorTest.java:31)
  3. -> at org.fourz.BarterShops.economy.ShopFeeCalculatorTest.setUp(ShopFeeCalculatorTest.java:35)
  4. -> at org.fourz.BarterShops.economy.ShopFeeCalculatorTest.setUp(ShopFeeCalculatorTest.java:39)
  5. -> at org.fourz.BarterShops.economy.ShopFeeCalculatorTest.setUp(ShopFeeCalculatorTest.java:40)
  6. -> at org.fourz.BarterShops.economy.ShopFeeCalculatorTest.setUp(ShopFeeCalculatorTest.java:41)
Please remove unnecessary stubbings or use 'lenient' strictness. More info: javadoc for UnnecessaryStubbingException class.
[ERROR]   ShopFeeCalculatorTest$CostBreakdownTests.costBreakdownFormatting » UnnecessaryStubbing 
Unnecessary stubbings detected.
Clean & maintainable test code requires zero unnecessary code.
Following stubbings are unnecessary (click to navigate to relevant line of code):
  1. -> at org.fourz.BarterShops.economy.ShopFeeCalculatorTest.setUp(ShopFeeCalculatorTest.java:30)
  2. -> at org.fourz.BarterShops.economy.ShopFeeCalculatorTest.setUp(ShopFeeCalculatorTest.java:31)
  3. -> at org.fourz.BarterShops.economy.ShopFeeCalculatorTest.setUp(ShopFeeCalculatorTest.java:35)
  4. -> at org.fourz.BarterShops.economy.ShopFeeCalculatorTest.setUp(ShopFeeCalculatorTest.java:39)
  5. -> at org.fourz.BarterShops.economy.ShopFeeCalculatorTest.setUp(ShopFeeCalculatorTest.java:40)
  6. -> at org.fourz.BarterShops.economy.ShopFeeCalculatorTest.setUp(ShopFeeCalculatorTest.java:41)
Please remove unnecessary stubbings or use 'lenient' strictness. More info: javadoc for UnnecessaryStubbingException class.
[ERROR]   ShopFeeCalculatorTest$CostBreakdownTests.costBreakdownNoFeesMessage » UnnecessaryStubbing 
Unnecessary stubbings detected.
Clean & maintainable test code requires zero unnecessary code.
Following stubbings are unnecessary (click to navigate to relevant line of code):
  1. -> at org.fourz.BarterShops.economy.ShopFeeCalculatorTest.setUp(ShopFeeCalculatorTest.java:30)
  2. -> at org.fourz.BarterShops.economy.ShopFeeCalculatorTest.setUp(ShopFeeCalculatorTest.java:31)
  3. -> at org.fourz.BarterShops.economy.ShopFeeCalculatorTest.setUp(ShopFeeCalculatorTest.java:35)
  4. -> at org.fourz.BarterShops.economy.ShopFeeCalculatorTest.setUp(ShopFeeCalculatorTest.java:39)
  5. -> at org.fourz.BarterShops.economy.ShopFeeCalculatorTest.setUp(ShopFeeCalculatorTest.java:40)
  6. -> at org.fourz.BarterShops.economy.ShopFeeCalculatorTest.setUp(ShopFeeCalculatorTest.java:41)
Please remove unnecessary stubbings or use 'lenient' strictness. More info: javadoc for UnnecessaryStubbingException class.
[ERROR]   ShopFeeCalculatorTest$CostBreakdownTests.costBreakdownNullItem » UnnecessaryStubbing 
Unnecessary stubbings detected.
Clean & maintainable test code requires zero unnecessary code.
Following stubbings are unnecessary (click to navigate to relevant line of code):
  1. -> at org.fourz.BarterShops.economy.ShopFeeCalculatorTest.setUp(ShopFeeCalculatorTest.java:30)
  2. -> at org.fourz.BarterShops.economy.ShopFeeCalculatorTest.setUp(ShopFeeCalculatorTest.java:31)
  3. -> at org.fourz.BarterShops.economy.ShopFeeCalculatorTest.setUp(ShopFeeCalculatorTest.java:35)
  4. -> at org.fourz.BarterShops.economy.ShopFeeCalculatorTest.setUp(ShopFeeCalculatorTest.java:39)
  5. -> at org.fourz.BarterShops.economy.ShopFeeCalculatorTest.setUp(ShopFeeCalculatorTest.java:40)
  6. -> at org.fourz.BarterShops.economy.ShopFeeCalculatorTest.setUp(ShopFeeCalculatorTest.java:41)
Please remove unnecessary stubbings or use 'lenient' strictness. More info: javadoc for UnnecessaryStubbingException class.
[ERROR]   ShopFeeCalculatorTest$CostBreakdownTests.costBreakdownRareItem » UnnecessaryStubbing 
Unnecessary stubbings detected.
Clean & maintainable test code requires zero unnecessary code.
Following stubbings are unnecessary (click to navigate to relevant line of code):
  1. -> at org.fourz.BarterShops.economy.ShopFeeCalculatorTest.setUp(ShopFeeCalculatorTest.java:30)
  2. -> at org.fourz.BarterShops.economy.ShopFeeCalculatorTest.setUp(ShopFeeCalculatorTest.java:31)
  3. -> at org.fourz.BarterShops.economy.ShopFeeCalculatorTest.setUp(ShopFeeCalculatorTest.java:35)
  4. -> at org.fourz.BarterShops.economy.ShopFeeCalculatorTest.setUp(ShopFeeCalculatorTest.java:39)
  5. -> at org.fourz.BarterShops.economy.ShopFeeCalculatorTest.setUp(ShopFeeCalculatorTest.java:40)
  6. -> at org.fourz.BarterShops.economy.ShopFeeCalculatorTest.setUp(ShopFeeCalculatorTest.java:41)
Please remove unnecessary stubbings or use 'lenient' strictness. More info: javadoc for UnnecessaryStubbingException class.
[ERROR]   ShopFeeCalculatorTest$CostEstimationTests.estimateNetProfitAfterTax » UnnecessaryStubbing 
Unnecessary stubbings detected.
Clean & maintainable test code requires zero unnecessary code.
Following stubbings are unnecessary (click to navigate to relevant line of code):
  1. -> at org.fourz.BarterShops.economy.ShopFeeCalculatorTest.setUp(ShopFeeCalculatorTest.java:29)
  2. -> at org.fourz.BarterShops.economy.ShopFeeCalculatorTest.setUp(ShopFeeCalculatorTest.java:30)
  3. -> at org.fourz.BarterShops.economy.ShopFeeCalculatorTest.setUp(ShopFeeCalculatorTest.java:35)
  4. -> at org.fourz.BarterShops.economy.ShopFeeCalculatorTest.setUp(ShopFeeCalculatorTest.java:39)
  5. -> at org.fourz.BarterShops.economy.ShopFeeCalculatorTest.setUp(ShopFeeCalculatorTest.java:40)
  6. -> at org.fourz.BarterShops.economy.ShopFeeCalculatorTest.setUp(ShopFeeCalculatorTest.java:41)
Please remove unnecessary stubbings or use 'lenient' strictness. More info: javadoc for UnnecessaryStubbingException class.
[ERROR]   ShopFeeCalculatorTest$CostEstimationTests.estimateNetProfitWithDiscount » UnnecessaryStubbing 
Unnecessary stubbings detected.
Clean & maintainable test code requires zero unnecessary code.
Following stubbings are unnecessary (click to navigate to relevant line of code):
  1. -> at org.fourz.BarterShops.economy.ShopFeeCalculatorTest.setUp(ShopFeeCalculatorTest.java:29)
  2. -> at org.fourz.BarterShops.economy.ShopFeeCalculatorTest.setUp(ShopFeeCalculatorTest.java:30)
  3. -> at org.fourz.BarterShops.economy.ShopFeeCalculatorTest.setUp(ShopFeeCalculatorTest.java:35)
  4. -> at org.fourz.BarterShops.economy.ShopFeeCalculatorTest.setUp(ShopFeeCalculatorTest.java:39)
  5. -> at org.fourz.BarterShops.economy.ShopFeeCalculatorTest.setUp(ShopFeeCalculatorTest.java:40)
  6. -> at org.fourz.BarterShops.economy.ShopFeeCalculatorTest.setUp(ShopFeeCalculatorTest.java:41)
Please remove unnecessary stubbings or use 'lenient' strictness. More info: javadoc for UnnecessaryStubbingException class.
[ERROR]   ShopFeeCalculatorTest$CostEstimationTests.estimateShopCostWithRarity » UnnecessaryStubbing 
Unnecessary stubbings detected.
Clean & maintainable test code requires zero unnecessary code.
Following stubbings are unnecessary (click to navigate to relevant line of code):
  1. -> at org.fourz.BarterShops.economy.ShopFeeCalculatorTest.setUp(ShopFeeCalculatorTest.java:30)
  2. -> at org.fourz.BarterShops.economy.ShopFeeCalculatorTest.setUp(ShopFeeCalculatorTest.java:31)
  3. -> at org.fourz.BarterShops.economy.ShopFeeCalculatorTest.setUp(ShopFeeCalculatorTest.java:35)
  4. -> at org.fourz.BarterShops.economy.ShopFeeCalculatorTest.setUp(ShopFeeCalculatorTest.java:39)
  5. -> at org.fourz.BarterShops.economy.ShopFeeCalculatorTest.setUp(ShopFeeCalculatorTest.java:40)
  6. -> at org.fourz.BarterShops.economy.ShopFeeCalculatorTest.setUp(ShopFeeCalculatorTest.java:41)
Please remove unnecessary stubbings or use 'lenient' strictness. More info: javadoc for UnnecessaryStubbingException class.
[ERROR]   ShopFeeCalculatorTest$EdgeCaseTests.handlesExtremeRarityMultipliers » UnnecessaryStubbing 
Unnecessary stubbings detected.
Clean & maintainable test code requires zero unnecessary code.
Following stubbings are unnecessary (click to navigate to relevant line of code):
  1. -> at org.fourz.BarterShops.economy.ShopFeeCalculatorTest.setUp(ShopFeeCalculatorTest.java:30)
  2. -> at org.fourz.BarterShops.economy.ShopFeeCalculatorTest.setUp(ShopFeeCalculatorTest.java:31)
  3. -> at org.fourz.BarterShops.economy.ShopFeeCalculatorTest.setUp(ShopFeeCalculatorTest.java:35)
  4. -> at org.fourz.BarterShops.economy.ShopFeeCalculatorTest.setUp(ShopFeeCalculatorTest.java:39)
  5. -> at org.fourz.BarterShops.economy.ShopFeeCalculatorTest.setUp(ShopFeeCalculatorTest.java:40)
  6. -> at org.fourz.BarterShops.economy.ShopFeeCalculatorTest.setUp(ShopFeeCalculatorTest.java:41)
Please remove unnecessary stubbings or use 'lenient' strictness. More info: javadoc for UnnecessaryStubbingException class.
[ERROR]   ShopFeeCalculatorTest$EdgeCaseTests.handlesLargeTradeValues » UnnecessaryStubbing 
Unnecessary stubbings detected.
Clean & maintainable test code requires zero unnecessary code.
Following stubbings are unnecessary (click to navigate to relevant line of code):
  1. -> at org.fourz.BarterShops.economy.ShopFeeCalculatorTest.setUp(ShopFeeCalculatorTest.java:29)
  2. -> at org.fourz.BarterShops.economy.ShopFeeCalculatorTest.setUp(ShopFeeCalculatorTest.java:30)
  3. -> at org.fourz.BarterShops.economy.ShopFeeCalculatorTest.setUp(ShopFeeCalculatorTest.java:35)
  4. -> at org.fourz.BarterShops.economy.ShopFeeCalculatorTest.setUp(ShopFeeCalculatorTest.java:39)
  5. -> at org.fourz.BarterShops.economy.ShopFeeCalculatorTest.setUp(ShopFeeCalculatorTest.java:40)
  6. -> at org.fourz.BarterShops.economy.ShopFeeCalculatorTest.setUp(ShopFeeCalculatorTest.java:41)
Please remove unnecessary stubbings or use 'lenient' strictness. More info: javadoc for UnnecessaryStubbingException class.
[ERROR]   ShopFeeCalculatorTest$EdgeCaseTests.handlesZeroTradeValue » UnnecessaryStubbing 
Unnecessary stubbings detected.
Clean & maintainable test code requires zero unnecessary code.
Following stubbings are unnecessary (click to navigate to relevant line of code):
  1. -> at org.fourz.BarterShops.economy.ShopFeeCalculatorTest.setUp(ShopFeeCalculatorTest.java:29)
  2. -> at org.fourz.BarterShops.economy.ShopFeeCalculatorTest.setUp(ShopFeeCalculatorTest.java:30)
  3. -> at org.fourz.BarterShops.economy.ShopFeeCalculatorTest.setUp(ShopFeeCalculatorTest.java:35)
  4. -> at org.fourz.BarterShops.economy.ShopFeeCalculatorTest.setUp(ShopFeeCalculatorTest.java:39)
  5. -> at org.fourz.BarterShops.economy.ShopFeeCalculatorTest.setUp(ShopFeeCalculatorTest.java:40)
  6. -> at org.fourz.BarterShops.economy.ShopFeeCalculatorTest.setUp(ShopFeeCalculatorTest.java:41)
Please remove unnecessary stubbings or use 'lenient' strictness. More info: javadoc for UnnecessaryStubbingException class.
[ERROR]   ShopFeeCalculatorTest$FeatureStatusTests.areFeesEnabledFalse » UnnecessaryStubbing 
Unnecessary stubbings detected.
Clean & maintainable test code requires zero unnecessary code.
Following stubbings are unnecessary (click to navigate to relevant line of code):
  1. -> at org.fourz.BarterShops.economy.ShopFeeCalculatorTest.setUp(ShopFeeCalculatorTest.java:29)
  2. -> at org.fourz.BarterShops.economy.ShopFeeCalculatorTest.setUp(ShopFeeCalculatorTest.java:30)
  3. -> at org.fourz.BarterShops.economy.ShopFeeCalculatorTest.setUp(ShopFeeCalculatorTest.java:31)
  4. -> at org.fourz.BarterShops.economy.ShopFeeCalculatorTest.setUp(ShopFeeCalculatorTest.java:35)
  5. -> at org.fourz.BarterShops.economy.ShopFeeCalculatorTest.setUp(ShopFeeCalculatorTest.java:39)
  6. -> at org.fourz.BarterShops.economy.ShopFeeCalculatorTest.setUp(ShopFeeCalculatorTest.java:41)
Please remove unnecessary stubbings or use 'lenient' strictness. More info: javadoc for UnnecessaryStubbingException class.
[ERROR]   ShopFeeCalculatorTest$FeatureStatusTests.areFeesEnabledTrue » UnnecessaryStubbing 
Unnecessary stubbings detected.
Clean & maintainable test code requires zero unnecessary code.
Following stubbings are unnecessary (click to navigate to relevant line of code):
  1. -> at org.fourz.BarterShops.economy.ShopFeeCalculatorTest.setUp(ShopFeeCalculatorTest.java:29)
  2. -> at org.fourz.BarterShops.economy.ShopFeeCalculatorTest.setUp(ShopFeeCalculatorTest.java:30)
  3. -> at org.fourz.BarterShops.economy.ShopFeeCalculatorTest.setUp(ShopFeeCalculatorTest.java:31)
  4. -> at org.fourz.BarterShops.economy.ShopFeeCalculatorTest.setUp(ShopFeeCalculatorTest.java:35)
  5. -> at org.fourz.BarterShops.economy.ShopFeeCalculatorTest.setUp(ShopFeeCalculatorTest.java:39)
  6. -> at org.fourz.BarterShops.economy.ShopFeeCalculatorTest.setUp(ShopFeeCalculatorTest.java:41)
Please remove unnecessary stubbings or use 'lenient' strictness. More info: javadoc for UnnecessaryStubbingException class.
[ERROR]   ShopFeeCalculatorTest$FeatureStatusTests.areTaxesEnabledFalse » UnnecessaryStubbing 
Unnecessary stubbings detected.
Clean & maintainable test code requires zero unnecessary code.
Following stubbings are unnecessary (click to navigate to relevant line of code):
  1. -> at org.fourz.BarterShops.economy.ShopFeeCalculatorTest.setUp(ShopFeeCalculatorTest.java:29)
  2. -> at org.fourz.BarterShops.economy.ShopFeeCalculatorTest.setUp(ShopFeeCalculatorTest.java:30)
  3. -> at org.fourz.BarterShops.economy.ShopFeeCalculatorTest.setUp(ShopFeeCalculatorTest.java:31)
  4. -> at org.fourz.BarterShops.economy.ShopFeeCalculatorTest.setUp(ShopFeeCalculatorTest.java:35)
  5. -> at org.fourz.BarterShops.economy.ShopFeeCalculatorTest.setUp(ShopFeeCalculatorTest.java:39)
  6. -> at org.fourz.BarterShops.economy.ShopFeeCalculatorTest.setUp(ShopFeeCalculatorTest.java:40)
Please remove unnecessary stubbings or use 'lenient' strictness. More info: javadoc for UnnecessaryStubbingException class.
[ERROR]   ShopFeeCalculatorTest$FeatureStatusTests.areTaxesEnabledTrue » UnnecessaryStubbing 
Unnecessary stubbings detected.
Clean & maintainable test code requires zero unnecessary code.
Following stubbings are unnecessary (click to navigate to relevant line of code):
  1. -> at org.fourz.BarterShops.economy.ShopFeeCalculatorTest.setUp(ShopFeeCalculatorTest.java:29)
  2. -> at org.fourz.BarterShops.economy.ShopFeeCalculatorTest.setUp(ShopFeeCalculatorTest.java:30)
  3. -> at org.fourz.BarterShops.economy.ShopFeeCalculatorTest.setUp(ShopFeeCalculatorTest.java:31)
  4. -> at org.fourz.BarterShops.economy.ShopFeeCalculatorTest.setUp(ShopFeeCalculatorTest.java:35)
  5. -> at org.fourz.BarterShops.economy.ShopFeeCalculatorTest.setUp(ShopFeeCalculatorTest.java:39)
  6. -> at org.fourz.BarterShops.economy.ShopFeeCalculatorTest.setUp(ShopFeeCalculatorTest.java:40)
Please remove unnecessary stubbings or use 'lenient' strictness. More info: javadoc for UnnecessaryStubbingException class.
[ERROR]   ShopFeeCalculatorTest$FormattingTests.formatCurrencyDelegatesToEconomy » UnnecessaryStubbing 
Unnecessary stubbings detected.
Clean & maintainable test code requires zero unnecessary code.
Following stubbings are unnecessary (click to navigate to relevant line of code):
  1. -> at org.fourz.BarterShops.economy.ShopFeeCalculatorTest.setUp(ShopFeeCalculatorTest.java:29)
  2. -> at org.fourz.BarterShops.economy.ShopFeeCalculatorTest.setUp(ShopFeeCalculatorTest.java:30)
  3. -> at org.fourz.BarterShops.economy.ShopFeeCalculatorTest.setUp(ShopFeeCalculatorTest.java:31)
  4. -> at org.fourz.BarterShops.economy.ShopFeeCalculatorTest.setUp(ShopFeeCalculatorTest.java:39)
  5. -> at org.fourz.BarterShops.economy.ShopFeeCalculatorTest.setUp(ShopFeeCalculatorTest.java:40)
  6. -> at org.fourz.BarterShops.economy.ShopFeeCalculatorTest.setUp(ShopFeeCalculatorTest.java:41)
Please remove unnecessary stubbings or use 'lenient' strictness. More info: javadoc for UnnecessaryStubbingException class.
[ERROR]   ShopFeeCalculatorTest$FormattingTests.getTaxRatePercentageReturnsString » UnnecessaryStubbing 
Unnecessary stubbings detected.
Clean & maintainable test code requires zero unnecessary code.
Following stubbings are unnecessary (click to navigate to relevant line of code):
  1. -> at org.fourz.BarterShops.economy.ShopFeeCalculatorTest.setUp(ShopFeeCalculatorTest.java:29)
  2. -> at org.fourz.BarterShops.economy.ShopFeeCalculatorTest.setUp(ShopFeeCalculatorTest.java:30)
  3. -> at org.fourz.BarterShops.economy.ShopFeeCalculatorTest.setUp(ShopFeeCalculatorTest.java:31)
  4. -> at org.fourz.BarterShops.economy.ShopFeeCalculatorTest.setUp(ShopFeeCalculatorTest.java:35)
  5. -> at org.fourz.BarterShops.economy.ShopFeeCalculatorTest.setUp(ShopFeeCalculatorTest.java:40)
  6. -> at org.fourz.BarterShops.economy.ShopFeeCalculatorTest.setUp(ShopFeeCalculatorTest.java:41)
Please remove unnecessary stubbings or use 'lenient' strictness. More info: javadoc for UnnecessaryStubbingException class.
[ERROR]   ShopFeeCalculatorTest$RarityMultiplierTests.rarityMultiplierCommon » UnnecessaryStubbing 
Unnecessary stubbings detected.
Clean & maintainable test code requires zero unnecessary code.
Following stubbings are unnecessary (click to navigate to relevant line of code):
  1. -> at org.fourz.BarterShops.economy.ShopFeeCalculatorTest.setUp(ShopFeeCalculatorTest.java:30)
  2. -> at org.fourz.BarterShops.economy.ShopFeeCalculatorTest.setUp(ShopFeeCalculatorTest.java:31)
  3. -> at org.fourz.BarterShops.economy.ShopFeeCalculatorTest.setUp(ShopFeeCalculatorTest.java:35)
  4. -> at org.fourz.BarterShops.economy.ShopFeeCalculatorTest.setUp(ShopFeeCalculatorTest.java:39)
  5. -> at org.fourz.BarterShops.economy.ShopFeeCalculatorTest.setUp(ShopFeeCalculatorTest.java:40)
  6. -> at org.fourz.BarterShops.economy.ShopFeeCalculatorTest.setUp(ShopFeeCalculatorTest.java:41)
Please remove unnecessary stubbings or use 'lenient' strictness. More info: javadoc for UnnecessaryStubbingException class.
[ERROR]   ShopFeeCalculatorTest$RarityMultiplierTests.rarityMultiplierDiamond » UnnecessaryStubbing 
Unnecessary stubbings detected.
Clean & maintainable test code requires zero unnecessary code.
Following stubbings are unnecessary (click to navigate to relevant line of code):
  1. -> at org.fourz.BarterShops.economy.ShopFeeCalculatorTest.setUp(ShopFeeCalculatorTest.java:30)
  2. -> at org.fourz.BarterShops.economy.ShopFeeCalculatorTest.setUp(ShopFeeCalculatorTest.java:31)
  3. -> at org.fourz.BarterShops.economy.ShopFeeCalculatorTest.setUp(ShopFeeCalculatorTest.java:35)
  4. -> at org.fourz.BarterShops.economy.ShopFeeCalculatorTest.setUp(ShopFeeCalculatorTest.java:39)
  5. -> at org.fourz.BarterShops.economy.ShopFeeCalculatorTest.setUp(ShopFeeCalculatorTest.java:40)
  6. -> at org.fourz.BarterShops.economy.ShopFeeCalculatorTest.setUp(ShopFeeCalculatorTest.java:41)
Please remove unnecessary stubbings or use 'lenient' strictness. More info: javadoc for UnnecessaryStubbingException class.
[ERROR]   ShopFeeCalculatorTest$RarityMultiplierTests.rarityMultiplierDragonEgg » UnnecessaryStubbing 
Unnecessary stubbings detected.
Clean & maintainable test code requires zero unnecessary code.
Following stubbings are unnecessary (click to navigate to relevant line of code):
  1. -> at org.fourz.BarterShops.economy.ShopFeeCalculatorTest.setUp(ShopFeeCalculatorTest.java:30)
  2. -> at org.fourz.BarterShops.economy.ShopFeeCalculatorTest.setUp(ShopFeeCalculatorTest.java:31)
  3. -> at org.fourz.BarterShops.economy.ShopFeeCalculatorTest.setUp(ShopFeeCalculatorTest.java:35)
  4. -> at org.fourz.BarterShops.economy.ShopFeeCalculatorTest.setUp(ShopFeeCalculatorTest.java:39)
  5. -> at org.fourz.BarterShops.economy.ShopFeeCalculatorTest.setUp(ShopFeeCalculatorTest.java:40)
  6. -> at org.fourz.BarterShops.economy.ShopFeeCalculatorTest.setUp(ShopFeeCalculatorTest.java:41)
Please remove unnecessary stubbings or use 'lenient' strictness. More info: javadoc for UnnecessaryStubbingException class.
[ERROR]   ShopFeeCalculatorTest$RarityMultiplierTests.rarityMultiplierElytra » UnnecessaryStubbing 
Unnecessary stubbings detected.
Clean & maintainable test code requires zero unnecessary code.
Following stubbings are unnecessary (click to navigate to relevant line of code):
  1. -> at org.fourz.BarterShops.economy.ShopFeeCalculatorTest.setUp(ShopFeeCalculatorTest.java:30)
  2. -> at org.fourz.BarterShops.economy.ShopFeeCalculatorTest.setUp(ShopFeeCalculatorTest.java:31)
  3. -> at org.fourz.BarterShops.economy.ShopFeeCalculatorTest.setUp(ShopFeeCalculatorTest.java:35)
  4. -> at org.fourz.BarterShops.economy.ShopFeeCalculatorTest.setUp(ShopFeeCalculatorTest.java:39)
  5. -> at org.fourz.BarterShops.economy.ShopFeeCalculatorTest.setUp(ShopFeeCalculatorTest.java:40)
  6. -> at org.fourz.BarterShops.economy.ShopFeeCalculatorTest.setUp(ShopFeeCalculatorTest.java:41)
Please remove unnecessary stubbings or use 'lenient' strictness. More info: javadoc for UnnecessaryStubbingException class.
[ERROR]   ShopFeeCalculatorTest$RarityMultiplierTests.rarityMultiplierNetherite » UnnecessaryStubbing 
Unnecessary stubbings detected.
Clean & maintainable test code requires zero unnecessary code.
Following stubbings are unnecessary (click to navigate to relevant line of code):
  1. -> at org.fourz.BarterShops.economy.ShopFeeCalculatorTest.setUp(ShopFeeCalculatorTest.java:30)
  2. -> at org.fourz.BarterShops.economy.ShopFeeCalculatorTest.setUp(ShopFeeCalculatorTest.java:31)
  3. -> at org.fourz.BarterShops.economy.ShopFeeCalculatorTest.setUp(ShopFeeCalculatorTest.java:35)
  4. -> at org.fourz.BarterShops.economy.ShopFeeCalculatorTest.setUp(ShopFeeCalculatorTest.java:39)
  5. -> at org.fourz.BarterShops.economy.ShopFeeCalculatorTest.setUp(ShopFeeCalculatorTest.java:40)
  6. -> at org.fourz.BarterShops.economy.ShopFeeCalculatorTest.setUp(ShopFeeCalculatorTest.java:41)
Please remove unnecessary stubbings or use 'lenient' strictness. More info: javadoc for UnnecessaryStubbingException class.
[ERROR]   ShopFeeCalculatorTest$RarityMultiplierTests.rarityMultiplierNullItem » UnnecessaryStubbing 
Unnecessary stubbings detected.
Clean & maintainable test code requires zero unnecessary code.
Following stubbings are unnecessary (click to navigate to relevant line of code):
  1. -> at org.fourz.BarterShops.economy.ShopFeeCalculatorTest.setUp(ShopFeeCalculatorTest.java:30)
  2. -> at org.fourz.BarterShops.economy.ShopFeeCalculatorTest.setUp(ShopFeeCalculatorTest.java:31)
  3. -> at org.fourz.BarterShops.economy.ShopFeeCalculatorTest.setUp(ShopFeeCalculatorTest.java:35)
  4. -> at org.fourz.BarterShops.economy.ShopFeeCalculatorTest.setUp(ShopFeeCalculatorTest.java:39)
  5. -> at org.fourz.BarterShops.economy.ShopFeeCalculatorTest.setUp(ShopFeeCalculatorTest.java:40)
  6. -> at org.fourz.BarterShops.economy.ShopFeeCalculatorTest.setUp(ShopFeeCalculatorTest.java:41)
Please remove unnecessary stubbings or use 'lenient' strictness. More info: javadoc for UnnecessaryStubbingException class.
[ERROR]   ShopFeeCalculatorTest$VolumeDiscountTests.volumeDiscountLargeTradeAbove10k » UnnecessaryStubbing 
Unnecessary stubbings detected.
Clean & maintainable test code requires zero unnecessary code.
Following stubbings are unnecessary (click to navigate to relevant line of code):
  1. -> at org.fourz.BarterShops.economy.ShopFeeCalculatorTest.setUp(ShopFeeCalculatorTest.java:29)
  2. -> at org.fourz.BarterShops.economy.ShopFeeCalculatorTest.setUp(ShopFeeCalculatorTest.java:30)
  3. -> at org.fourz.BarterShops.economy.ShopFeeCalculatorTest.setUp(ShopFeeCalculatorTest.java:35)
  4. -> at org.fourz.BarterShops.economy.ShopFeeCalculatorTest.setUp(ShopFeeCalculatorTest.java:39)
  5. -> at org.fourz.BarterShops.economy.ShopFeeCalculatorTest.setUp(ShopFeeCalculatorTest.java:40)
  6. -> at org.fourz.BarterShops.economy.ShopFeeCalculatorTest.setUp(ShopFeeCalculatorTest.java:41)
Please remove unnecessary stubbings or use 'lenient' strictness. More info: javadoc for UnnecessaryStubbingException class.
[ERROR]   ShopFeeCalculatorTest$VolumeDiscountTests.volumeDiscountMediumTrade5k » UnnecessaryStubbing 
Unnecessary stubbings detected.
Clean & maintainable test code requires zero unnecessary code.
Following stubbings are unnecessary (click to navigate to relevant line of code):
  1. -> at org.fourz.BarterShops.economy.ShopFeeCalculatorTest.setUp(ShopFeeCalculatorTest.java:29)
  2. -> at org.fourz.BarterShops.economy.ShopFeeCalculatorTest.setUp(ShopFeeCalculatorTest.java:30)
  3. -> at org.fourz.BarterShops.economy.ShopFeeCalculatorTest.setUp(ShopFeeCalculatorTest.java:35)
  4. -> at org.fourz.BarterShops.economy.ShopFeeCalculatorTest.setUp(ShopFeeCalculatorTest.java:39)
  5. -> at org.fourz.BarterShops.economy.ShopFeeCalculatorTest.setUp(ShopFeeCalculatorTest.java:40)
  6. -> at org.fourz.BarterShops.economy.ShopFeeCalculatorTest.setUp(ShopFeeCalculatorTest.java:41)
Please remove unnecessary stubbings or use 'lenient' strictness. More info: javadoc for UnnecessaryStubbingException class.
[ERROR]   ShopFeeCalculatorTest$VolumeDiscountTests.volumeDiscountNoDiscountUnder1k » UnnecessaryStubbing 
Unnecessary stubbings detected.
Clean & maintainable test code requires zero unnecessary code.
Following stubbings are unnecessary (click to navigate to relevant line of code):
  1. -> at org.fourz.BarterShops.economy.ShopFeeCalculatorTest.setUp(ShopFeeCalculatorTest.java:29)
  2. -> at org.fourz.BarterShops.economy.ShopFeeCalculatorTest.setUp(ShopFeeCalculatorTest.java:30)
  3. -> at org.fourz.BarterShops.economy.ShopFeeCalculatorTest.setUp(ShopFeeCalculatorTest.java:35)
  4. -> at org.fourz.BarterShops.economy.ShopFeeCalculatorTest.setUp(ShopFeeCalculatorTest.java:39)
  5. -> at org.fourz.BarterShops.economy.ShopFeeCalculatorTest.setUp(ShopFeeCalculatorTest.java:40)
  6. -> at org.fourz.BarterShops.economy.ShopFeeCalculatorTest.setUp(ShopFeeCalculatorTest.java:41)
Please remove unnecessary stubbings or use 'lenient' strictness. More info: javadoc for UnnecessaryStubbingException class.
[ERROR]   ShopFeeCalculatorTest$VolumeDiscountTests.volumeDiscountSmallTrade1k » UnnecessaryStubbing 
Unnecessary stubbings detected.
Clean & maintainable test code requires zero unnecessary code.
Following stubbings are unnecessary (click to navigate to relevant line of code):
  1. -> at org.fourz.BarterShops.economy.ShopFeeCalculatorTest.setUp(ShopFeeCalculatorTest.java:29)
  2. -> at org.fourz.BarterShops.economy.ShopFeeCalculatorTest.setUp(ShopFeeCalculatorTest.java:30)
  3. -> at org.fourz.BarterShops.economy.ShopFeeCalculatorTest.setUp(ShopFeeCalculatorTest.java:35)
  4. -> at org.fourz.BarterShops.economy.ShopFeeCalculatorTest.setUp(ShopFeeCalculatorTest.java:39)
  5. -> at org.fourz.BarterShops.economy.ShopFeeCalculatorTest.setUp(ShopFeeCalculatorTest.java:40)
  6. -> at org.fourz.BarterShops.economy.ShopFeeCalculatorTest.setUp(ShopFeeCalculatorTest.java:41)
Please remove unnecessary stubbings or use 'lenient' strictness. More info: javadoc for UnnecessaryStubbingException class.
[ERROR]   ShopFeeCalculatorTest$VolumeDiscountTests.volumeDiscountZeroTax » UnnecessaryStubbing 
Unnecessary stubbings detected.
Clean & maintainable test code requires zero unnecessary code.
Following stubbings are unnecessary (click to navigate to relevant line of code):
  1. -> at org.fourz.BarterShops.economy.ShopFeeCalculatorTest.setUp(ShopFeeCalculatorTest.java:29)
  2. -> at org.fourz.BarterShops.economy.ShopFeeCalculatorTest.setUp(ShopFeeCalculatorTest.java:30)
  3. -> at org.fourz.BarterShops.economy.ShopFeeCalculatorTest.setUp(ShopFeeCalculatorTest.java:35)
  4. -> at org.fourz.BarterShops.economy.ShopFeeCalculatorTest.setUp(ShopFeeCalculatorTest.java:39)
  5. -> at org.fourz.BarterShops.economy.ShopFeeCalculatorTest.setUp(ShopFeeCalculatorTest.java:40)
  6. -> at org.fourz.BarterShops.economy.ShopFeeCalculatorTest.setUp(ShopFeeCalculatorTest.java:41)
Please remove unnecessary stubbings or use 'lenient' strictness. More info: javadoc for UnnecessaryStubbingException class.
[ERROR]   ProtectionManagerTest$BuildPermissionTests.setUpPermissionTests:356 » NullPointer Cannot invoke "java.util.logging.Logger.info(String)" because "<local3>.logger" is null
[ERROR]   ProtectionManagerTest$BuildPermissionTests.setUpPermissionTests:356 » NullPointer Cannot invoke "java.util.logging.Logger.info(String)" because "<local3>.logger" is null
[ERROR]   ProtectionManagerTest$CleanupTests.setUpCleanupTests:461 » NullPointer Cannot invoke "java.util.logging.Logger.info(String)" because "<local3>.logger" is null
[ERROR]   ProtectionManagerTest$CleanupTests.setUpCleanupTests:461 » NullPointer Cannot invoke "java.util.logging.Logger.info(String)" because "<local3>.logger" is null
[ERROR]   ProtectionManagerTest$InformationRetrievalTests.setUpInfoTests:389 » NullPointer Cannot invoke "java.util.logging.Logger.info(String)" because "<local3>.logger" is null
[ERROR]   ProtectionManagerTest$InformationRetrievalTests.setUpInfoTests:389 » NullPointer Cannot invoke "java.util.logging.Logger.info(String)" because "<local3>.logger" is null
[ERROR]   ProtectionManagerTest$InitializationTests.initializesWithNoOpProvider:100 » NullPointer Cannot invoke "java.util.logging.Logger.info(String)" because "<local3>.logger" is null
[ERROR]   ProtectionManagerTest$InitializationTests.loadsConfigurationValues:125 » NullPointer Cannot invoke "java.util.logging.Logger.info(String)" because "<local3>.logger" is null
[ERROR]   ProtectionManagerTest$InitializationTests.respectsDisabledSetting:113 » NullPointer Cannot invoke "java.util.logging.Logger.info(String)" because "<local3>.logger" is null
[ERROR]   ProtectionManagerTest$PlayerLimitTests.setUpLimitTests:251 » NullPointer Cannot invoke "java.util.logging.Logger.info(String)" because "<local3>.logger" is null
[ERROR]   ProtectionManagerTest$PlayerLimitTests.setUpLimitTests:251 » NullPointer Cannot invoke "java.util.logging.Logger.info(String)" because "<local3>.logger" is null
[ERROR]   ProtectionManagerTest$PlayerLimitTests.setUpLimitTests:251 » NullPointer Cannot invoke "java.util.logging.Logger.info(String)" because "<local3>.logger" is null
[ERROR]   ProtectionManagerTest$PlayerLimitTests.setUpLimitTests:251 » NullPointer Cannot invoke "java.util.logging.Logger.info(String)" because "<local3>.logger" is null
[ERROR]   ProtectionManagerTest$ProviderDetectionTests.autoDetectsWorldGuard:175 » NullPointer Cannot invoke "java.util.logging.Logger.warning(String)" because "<local3>.logger" is null
[ERROR]   ProtectionManagerTest$ProviderDetectionTests.fallsBackToGriefPrevention:188 » NullPointer Cannot invoke "java.util.logging.Logger.warning(String)" because "<local3>.logger" is null
[ERROR]   ProtectionManagerTest$ProviderDetectionTests.fallsBackToNoOpProvider:200 » NullPointer Cannot invoke "java.util.logging.Logger.info(String)" because "<local3>.logger" is null
[ERROR]   ProtectionManagerTest$ProviderDetectionTests.handlesDisabledPluginsGracefully:235 » NullPointer Cannot invoke "java.util.logging.Logger.warning(String)" because "<local3>.logger" is null
[ERROR]   ProtectionManagerTest$ProviderDetectionTests.handlesUnavailablePluginsGracefully:222 » NullPointer Cannot invoke "java.util.logging.Logger.warning(String)" because "<local3>.logger" is null
[ERROR]   ProtectionManagerTest$ProviderDetectionTests.prefersGriefPreventionWhenSpecified:160 » NullPointer Cannot invoke "java.util.logging.Logger.warning(String)" because "<local3>.logger" is null
[ERROR]   ProtectionManagerTest$ProviderDetectionTests.prefersWorldGuardWhenSpecified:145 » NullPointer Cannot invoke "java.util.logging.Logger.warning(String)" because "<local3>.logger" is null
[ERROR]   ProtectionManagerTest$ProviderDetectionTests.usesNoOpWhenSetToNone:210 » NullPointer Cannot invoke "java.util.logging.Logger.info(String)" because "<local3>.logger" is null
[ERROR]   ProtectionManagerTest$ReloadTests.setUpReloadTests:417 » NullPointer Cannot invoke "java.util.logging.Logger.info(String)" because "<local3>.logger" is null
[ERROR]   ProtectionManagerTest$ReloadTests.setUpReloadTests:417 » NullPointer Cannot invoke "java.util.logging.Logger.info(String)" because "<local3>.logger" is null
[ERROR]   ProtectionManagerTest$ReloadTests.setUpReloadTests:417 » NullPointer Cannot invoke "java.util.logging.Logger.info(String)" because "<local3>.logger" is null
[ERROR]   ProtectionManagerTest$ShopProtectionTests.setUpProtectionTests:304 » NullPointer Cannot invoke "java.util.logging.Logger.info(String)" because "<local3>.logger" is null
[ERROR]   ProtectionManagerTest$ShopProtectionTests.setUpProtectionTests:304 » NullPointer Cannot invoke "java.util.logging.Logger.info(String)" because "<local3>.logger" is null
[ERROR]   ProtectionManagerTest$ShopProtectionTests.setUpProtectionTests:304 » NullPointer Cannot invoke "java.util.logging.Logger.info(String)" because "<local3>.logger" is null
[ERROR]   ProtectionManagerTest$ShopProtectionTests.setUpProtectionTests:304 » NullPointer Cannot invoke "java.util.logging.Logger.info(String)" because "<local3>.logger" is null
[ERROR]   ProtectionManagerTest$StateValidationTests.setUpStateTests:492 » NullPointer Cannot invoke "java.util.logging.Logger.info(String)" because "<local3>.logger" is null
[ERROR]   ProtectionManagerTest$StateValidationTests.setUpStateTests:492 » NullPointer Cannot invoke "java.util.logging.Logger.info(String)" because "<local3>.logger" is null
[ERROR]   ProtectionManagerTest$StateValidationTests.setUpStateTests:492 » NullPointer Cannot invoke "java.util.logging.Logger.info(String)" because "<local3>.logger" is null
[ERROR]   StatsServiceTest$CacheManagementTests.clearCacheClearsEntries » NullPointer Cannot invoke "java.util.logging.Logger.info(String)" because "<local3>.logger" is null
[ERROR]   StatsServiceTest$CacheManagementTests.isCacheEnabledReturnsFalse » NullPointer Cannot invoke "java.util.logging.Logger.info(String)" because "<local3>.logger" is null
[ERROR]   StatsServiceTest$CacheManagementTests.isCacheEnabledReturnsTrue » NullPointer Cannot invoke "java.util.logging.Logger.info(String)" because "<local3>.logger" is null
[ERROR]   StatsServiceTest$CacheManagementTests.refreshCacheRefreshesData » NullPointer Cannot invoke "java.util.logging.Logger.info(String)" because "<local3>.logger" is null
[ERROR]   StatsServiceTest$CacheManagementTests.setCacheEnabledControlsBehavior » NullPointer Cannot invoke "java.util.logging.Logger.info(String)" because "<local3>.logger" is null
[ERROR]   StatsServiceTest$DTOValidationTests.serverStatsValidatesValues » NullPointer Cannot invoke "java.util.logging.Logger.info(String)" because "<local3>.logger" is null
[ERROR]   StatsServiceTest$DTOValidationTests.statsDTOValidatesNegativeValues » NullPointer Cannot invoke "java.util.logging.Logger.info(String)" because "<local3>.logger" is null
[ERROR]   StatsServiceTest$DTOValidationTests.statsDTOValidatesRatingRange » NullPointer Cannot invoke "java.util.logging.Logger.info(String)" because "<local3>.logger" is null
[ERROR]   StatsServiceTest$DTOValidationTests.topShopValidatesRatingRange » NullPointer Cannot invoke "java.util.logging.Logger.info(String)" because "<local3>.logger" is null
[ERROR]   StatsServiceTest$EdgeCaseTests.handlesPlayerWithNoShops » NullPointer Cannot invoke "java.util.logging.Logger.info(String)" because "<local3>.logger" is null
[ERROR]   StatsServiceTest$EdgeCaseTests.handlesServerWithNoShops » NullPointer Cannot invoke "java.util.logging.Logger.info(String)" because "<local3>.logger" is null
[ERROR]   StatsServiceTest$EdgeCaseTests.handlesShopWithNoRatings » NullPointer Cannot invoke "java.util.logging.Logger.info(String)" because "<local3>.logger" is null
[ERROR]   StatsServiceTest$FormattingTests.getFormattedRatingReturnsString » NullPointer Cannot invoke "java.util.logging.Logger.info(String)" because "<local3>.logger" is null
[ERROR]   StatsServiceTest$FormattingTests.getTopTradedItemsReturnsItems » NullPointer Cannot invoke "java.util.logging.Logger.info(String)" because "<local3>.logger" is null
[ERROR]   StatsServiceTest$FormattingTests.topShopFormattedRatingReturnsString » NullPointer Cannot invoke "java.util.logging.Logger.info(String)" because "<local3>.logger" is null
[ERROR]   StatsServiceTest$LeaderboardTests.getMostTradedItemsReturnsItems » NullPointer Cannot invoke "java.util.logging.Logger.info(String)" because "<local3>.logger" is null
[ERROR]   StatsServiceTest$LeaderboardTests.getTopShopsByRatingReturnsShops » NullPointer Cannot invoke "java.util.logging.Logger.info(String)" because "<local3>.logger" is null
[ERROR]   StatsServiceTest$LeaderboardTests.getTopShopsByTradesReturnsShops » NullPointer Cannot invoke "java.util.logging.Logger.info(String)" because "<local3>.logger" is null
[ERROR]   StatsServiceTest$PlayerStatisticsTests.getPlayerAverageRatingReturnsRating » NullPointer Cannot invoke "java.util.logging.Logger.info(String)" because "<local3>.logger" is null
[ERROR]   StatsServiceTest$PlayerStatisticsTests.getPlayerShopCountReturnsCount » NullPointer Cannot invoke "java.util.logging.Logger.info(String)" because "<local3>.logger" is null
[ERROR]   StatsServiceTest$PlayerStatisticsTests.getPlayerStatsReturnsStats » NullPointer Cannot invoke "java.util.logging.Logger.info(String)" because "<local3>.logger" is null
[ERROR]   StatsServiceTest$PlayerStatisticsTests.getPlayerTradeCountReturnsCount » NullPointer Cannot invoke "java.util.logging.Logger.info(String)" because "<local3>.logger" is null
[ERROR]   StatsServiceTest$ServerStatisticsTests.getActiveShopCountReturnsCount » NullPointer Cannot invoke "java.util.logging.Logger.info(String)" because "<local3>.logger" is null
[ERROR]   StatsServiceTest$ServerStatisticsTests.getAverageTradesPerShopReturnsAverage » NullPointer Cannot invoke "java.util.logging.Logger.info(String)" because "<local3>.logger" is null
[ERROR]   StatsServiceTest$ServerStatisticsTests.getServerStatsReturnsStats » NullPointer Cannot invoke "java.util.logging.Logger.info(String)" because "<local3>.logger" is null
[ERROR]   StatsServiceTest$ServerStatisticsTests.getTotalItemsTradedReturnsCount » NullPointer Cannot invoke "java.util.logging.Logger.info(String)" because "<local3>.logger" is null
[ERROR]   StatsServiceTest$ServerStatisticsTests.getTotalTradeCountReturnsCount » NullPointer Cannot invoke "java.util.logging.Logger.info(String)" because "<local3>.logger" is null
[ERROR]   StatsServiceTest$ShopStatisticsTests.getShopStatsReturnsStats » NullPointer Cannot invoke "java.util.logging.Logger.info(String)" because "<local3>.logger" is null
[ERROR]   StatsServiceTest$ShopStatisticsTests.getShopTradeCountReturnsCount » NullPointer Cannot invoke "java.util.logging.Logger.info(String)" because "<local3>.logger" is null
[ERROR]   SignInteractionTest$CustomerRightClickTests.handleRightClick_customer_initiatesTrade:275 » NullPointer Cannot invoke "org.bukkit.block.sign.SignSide.setLine(int, String)" because "frontSide" is null
[ERROR]   SignInteractionTest$CustomerRightClickTests.handleRightClick_fallbackMode_blocked:298 » NullPointer Cannot invoke "org.bukkit.block.sign.SignSide.setLine(int, String)" because "frontSide" is null
[ERROR]   SignInteractionTest$CustomerRightClickTests.handleRightClick_noContainer_blocked:341 » NullPointer Cannot invoke "org.bukkit.block.sign.SignSide.setLine(int, String)" because "frontSide" is null
[ERROR]   SignInteractionTest$CustomerRightClickTests.handleRightClick_noPaymentItem_blocked:321 » NullPointer Cannot invoke "org.bukkit.block.sign.SignSide.setLine(int, String)" because "frontSide" is null
[ERROR]   SignInteractionTest$CustomerRightClickTests.handleRightClick_outOfStock_blocked:310 » NullPointer Cannot invoke "org.bukkit.block.sign.SignSide.setLine(int, String)" because "frontSide" is null
[ERROR]   SignInteractionTest$OwnerRightClickTests.handleRightClick_ownerFromType_advancesToBoard:206 » NullPointer Cannot invoke "org.fourz.BarterShops.config.TypeAvailabilityManager.getNextSignType(org.fourz.BarterShops.sign.SignType)" because the return value of "org.fourz.BarterShops.BarterShops.getTypeAvailabilityManager()" is null
[INFO] 
[ERROR] Tests run: 292, Failures: 11, Errors: 139, Skipped: 0
[INFO] 
[INFO] ------------------------------------------------------------------------
[INFO] BUILD FAILURE
[INFO] ------------------------------------------------------------------------
[INFO] Total time:  18.253 s
[INFO] Finished at: 2026-02-09T13:57:53-06:00
[INFO] ------------------------------------------------------------------------
[ERROR] Failed to execute goal org.apache.maven.plugins:maven-surefire-plugin:3.1.2:test (default-test) on project BarterShops: There are test failures.
[ERROR] 
[ERROR] Please refer to C:\tools\_PROJECTS\Ravenkaft Dev\repos\BarterShops\target\surefire-reports for the individual test results.
[ERROR] Please refer to dump files (if any exist) [date].dump, [date]-jvmRun[N].dump and [date].dumpstream.
[ERROR] -> [Help 1]
[ERROR] 
[ERROR] To see the full stack trace of the errors, re-run Maven with the -e switch.
[ERROR] Re-run Maven using the -X switch to enable full debug logging.
[ERROR] 
[ERROR] For more information about the errors and possible solutions, please read the following articles:
[ERROR] [Help 1] http://cwiki.apache.org/confluence/display/MAVEN/MojoFailureException
